2025-09-30 14:21:21 [background-preinit] INFO  o.h.validator.internal.util.Version - HV000001: Hibernate Validator 8.0.2.Final
2025-09-30 14:21:21 [main] INFO  c.middleware.MiddlewareApplication - Starting MiddlewareApplication using Java 23-valhalla with PID 17708 (C:\Users\omard\Desktop\Work\back-end - Copy\target\classes started by omard in C:\Users\omard\Desktop\Work\back-end - Copy)
2025-09-30 14:21:21 [main] INFO  c.middleware.MiddlewareApplication - No active profile set, falling back to 1 default profile: "default"
2025-09-30 14:21:26 [main] INFO  o.a.coyote.http11.Http11NioProtocol - Initializing ProtocolHandler ["http-nio-8081"]
2025-09-30 14:21:26 [main] INFO  o.a.catalina.core.StandardService - Starting service [Tomcat]
2025-09-30 14:21:26 [main] INFO  o.a.catalina.core.StandardEngine - Starting Servlet engine: [Apache Tomcat/10.1.39]
2025-09-30 14:21:26 [main] INFO  o.a.c.c.C.[Tomcat].[localhost].[/] - Initializing Spring embedded WebApplicationContext
2025-09-30 14:21:27 [main] INFO  o.h.jpa.internal.util.LogHelper - HHH000204: Processing PersistenceUnitInfo [name: default]
2025-09-30 14:21:27 [main] INFO  org.hibernate.Version - HHH000412: Hibernate ORM core version 6.6.11.Final
2025-09-30 14:21:27 [main] INFO  o.h.c.i.RegionFactoryInitiator - HHH000026: Second-level cache disabled
2025-09-30 14:21:28 [main] WARN  org.hibernate.orm.deprecation - HHH90000025: PostgreSQLDialect does not need to be specified explicitly using 'hibernate.dialect' (remove the property setting and it will be selected by default)
2025-09-30 14:21:28 [main] INFO  o.hibernate.orm.connections.pooling - HHH10001005: Database info:
	Database JDBC URL [Connecting through datasource 'org.springframework.jdbc.datasource.DriverManagerDataSource@2a8e30e3']
	Database driver: undefined/unknown
	Database version: 17.4
	Autocommit mode: undefined/unknown
	Isolation level: undefined/unknown
	Minimum pool size: undefined/unknown
	Maximum pool size: undefined/unknown
2025-09-30 14:21:31 [main] INFO  o.h.e.t.j.p.i.JtaPlatformInitiator - HHH000489: No JTA platform available (set 'hibernate.transaction.jta.platform' to enable JTA platform integration)
2025-09-30 14:21:34 [main] DEBUG o.a.camel.spring.SpringCamelContext - Set the application context classloader to: TomcatEmbeddedWebappClassLoader
  context: ROOT
  delegate: true
----------> Parent Classloader:
jdk.internal.loader.ClassLoaders$AppClassLoader@5451c3a8

2025-09-30 14:21:34 [main] DEBUG o.a.camel.support.LRUCacheFactory - Creating DefaultLRUCacheFactory
2025-09-30 14:21:34 [main] DEBUG o.a.c.i.e.DefaultCamelContextExtension - Setting up management with factory: org.apache.camel.impl.engine.DefaultManagementStrategyFactory@2086dfb8
2025-09-30 14:21:34 [main] DEBUG o.a.camel.support.ResolverHelper - Found HealthCheckRegistry: org.apache.camel.impl.health.DefaultHealthCheckRegistry via: META-INF/services/org/apache/camel/health-check/default-registry
2025-09-30 14:21:34 [main] DEBUG o.a.camel.support.ResolverHelper - Detected and using HealthCheckRegistry: org.apache.camel.impl.health.DefaultHealthCheckRegistry@7e1321fd
2025-09-30 14:21:34 [main] DEBUG o.a.c.i.h.DefaultHealthCheckRegistry - HealthCheckRepository with id registry-health-check-repository successfully registered
2025-09-30 14:21:34 [main] DEBUG o.a.c.i.c.BaseTypeConverterRegistry - Loading file META-INF/services/org/apache/camel/TypeConverterLoader to retrieve list of type converters, from url: jar:file:/C:/Users/omard/.m2/repository/org/apache/camel/camel-spring/4.4.0/camel-spring-4.4.0.jar!/META-INF/services/org/apache/camel/TypeConverterLoader
2025-09-30 14:21:34 [main] DEBUG o.a.c.i.c.BaseTypeConverterRegistry - Loading file META-INF/services/org/apache/camel/TypeConverterLoader to retrieve list of type converters, from url: jar:file:/C:/Users/omard/.m2/repository/org/apache/camel/camel-xml-jaxp/4.4.0/camel-xml-jaxp-4.4.0.jar!/META-INF/services/org/apache/camel/TypeConverterLoader
2025-09-30 14:21:34 [main] DEBUG o.a.c.i.c.BaseTypeConverterRegistry - Loading file META-INF/services/org/apache/camel/TypeConverterLoader to retrieve list of type converters, from url: jar:file:/C:/Users/omard/.m2/repository/org/apache/camel/camel-http/4.4.0/camel-http-4.4.0.jar!/META-INF/services/org/apache/camel/TypeConverterLoader
2025-09-30 14:21:34 [main] DEBUG o.a.c.i.c.BaseTypeConverterRegistry - Loading file META-INF/services/org/apache/camel/TypeConverterLoader to retrieve list of type converters, from url: jar:file:/C:/Users/omard/.m2/repository/org/apache/camel/camel-http-common/4.4.0/camel-http-common-4.4.0.jar!/META-INF/services/org/apache/camel/TypeConverterLoader
2025-09-30 14:21:34 [main] DEBUG o.a.c.i.c.BaseTypeConverterRegistry - Loading file META-INF/services/org/apache/camel/TypeConverterLoader to retrieve list of type converters, from url: jar:file:/C:/Users/omard/.m2/repository/org/apache/camel/camel-attachments/4.4.0/camel-attachments-4.4.0.jar!/META-INF/services/org/apache/camel/TypeConverterLoader
2025-09-30 14:21:34 [main] DEBUG o.a.c.i.c.BaseTypeConverterRegistry - Loading file META-INF/services/org/apache/camel/TypeConverterLoader to retrieve list of type converters, from url: jar:file:/C:/Users/omard/.m2/repository/org/apache/camel/camel-jackson/4.4.0/camel-jackson-4.4.0.jar!/META-INF/services/org/apache/camel/TypeConverterLoader
2025-09-30 14:21:34 [main] DEBUG o.a.c.i.c.BaseTypeConverterRegistry - Loading file META-INF/services/org/apache/camel/TypeConverterLoader to retrieve list of type converters, from url: jar:file:/C:/Users/omard/.m2/repository/org/apache/camel/camel-support/4.4.0/camel-support-4.4.0.jar!/META-INF/services/org/apache/camel/TypeConverterLoader
2025-09-30 14:21:34 [main] DEBUG o.a.c.i.c.BaseTypeConverterRegistry - Loading file META-INF/services/org/apache/camel/TypeConverterLoader to retrieve list of type converters, from url: jar:file:/C:/Users/omard/.m2/repository/org/apache/camel/camel-file/4.4.0/camel-file-4.4.0.jar!/META-INF/services/org/apache/camel/TypeConverterLoader
2025-09-30 14:21:34 [main] DEBUG o.a.c.i.c.BaseTypeConverterRegistry - Loading file META-INF/services/org/apache/camel/TypeConverterLoader to retrieve list of type converters, from url: jar:file:/C:/Users/omard/.m2/repository/org/apache/camel/camel-base/4.4.0/camel-base-4.4.0.jar!/META-INF/services/org/apache/camel/TypeConverterLoader
2025-09-30 14:21:34 [main] DEBUG o.a.c.i.c.BaseTypeConverterRegistry - Loading file META-INF/services/org/apache/camel/TypeConverterLoader to retrieve list of type converters, from url: jar:file:/C:/Users/omard/.m2/repository/org/apache/camel/camel-spring/4.4.0/camel-spring-4.4.0.jar!/META-INF/services/org/apache/camel/TypeConverterLoader
2025-09-30 14:21:34 [main] DEBUG o.a.c.i.c.BaseTypeConverterRegistry - Loading file META-INF/services/org/apache/camel/TypeConverterLoader to retrieve list of type converters, from url: jar:file:/C:/Users/omard/.m2/repository/org/apache/camel/camel-xml-jaxp/4.4.0/camel-xml-jaxp-4.4.0.jar!/META-INF/services/org/apache/camel/TypeConverterLoader
2025-09-30 14:21:34 [main] DEBUG o.a.c.i.c.BaseTypeConverterRegistry - Loading file META-INF/services/org/apache/camel/TypeConverterLoader to retrieve list of type converters, from url: jar:file:/C:/Users/omard/.m2/repository/org/apache/camel/camel-http/4.4.0/camel-http-4.4.0.jar!/META-INF/services/org/apache/camel/TypeConverterLoader
2025-09-30 14:21:34 [main] DEBUG o.a.c.i.c.BaseTypeConverterRegistry - Loading file META-INF/services/org/apache/camel/TypeConverterLoader to retrieve list of type converters, from url: jar:file:/C:/Users/omard/.m2/repository/org/apache/camel/camel-http-common/4.4.0/camel-http-common-4.4.0.jar!/META-INF/services/org/apache/camel/TypeConverterLoader
2025-09-30 14:21:34 [main] DEBUG o.a.c.i.c.BaseTypeConverterRegistry - Loading file META-INF/services/org/apache/camel/TypeConverterLoader to retrieve list of type converters, from url: jar:file:/C:/Users/omard/.m2/repository/org/apache/camel/camel-attachments/4.4.0/camel-attachments-4.4.0.jar!/META-INF/services/org/apache/camel/TypeConverterLoader
2025-09-30 14:21:34 [main] DEBUG o.a.c.i.c.BaseTypeConverterRegistry - Loading file META-INF/services/org/apache/camel/TypeConverterLoader to retrieve list of type converters, from url: jar:file:/C:/Users/omard/.m2/repository/org/apache/camel/camel-jackson/4.4.0/camel-jackson-4.4.0.jar!/META-INF/services/org/apache/camel/TypeConverterLoader
2025-09-30 14:21:34 [main] DEBUG o.a.c.i.c.BaseTypeConverterRegistry - Loading file META-INF/services/org/apache/camel/TypeConverterLoader to retrieve list of type converters, from url: jar:file:/C:/Users/omard/.m2/repository/org/apache/camel/camel-support/4.4.0/camel-support-4.4.0.jar!/META-INF/services/org/apache/camel/TypeConverterLoader
2025-09-30 14:21:34 [main] DEBUG o.a.c.i.c.BaseTypeConverterRegistry - Loading file META-INF/services/org/apache/camel/TypeConverterLoader to retrieve list of type converters, from url: jar:file:/C:/Users/omard/.m2/repository/org/apache/camel/camel-file/4.4.0/camel-file-4.4.0.jar!/META-INF/services/org/apache/camel/TypeConverterLoader
2025-09-30 14:21:34 [main] DEBUG o.a.c.i.c.BaseTypeConverterRegistry - Loading file META-INF/services/org/apache/camel/TypeConverterLoader to retrieve list of type converters, from url: jar:file:/C:/Users/omard/.m2/repository/org/apache/camel/camel-base/4.4.0/camel-base-4.4.0.jar!/META-INF/services/org/apache/camel/TypeConverterLoader
2025-09-30 14:21:34 [main] DEBUG o.a.c.i.c.BaseTypeConverterRegistry - Resolving TypeConverterLoader: org.apache.camel.spring.converter.ResourceConverterLoader
2025-09-30 14:21:34 [main] DEBUG o.a.c.i.c.BaseTypeConverterRegistry - TypeConverterLoader: org.apache.camel.spring.converter.ResourceConverterLoader loading converters
2025-09-30 14:21:34 [main] DEBUG o.a.c.i.c.BaseTypeConverterRegistry - Resolving TypeConverterLoader: org.apache.camel.converter.jaxp.CamelXmlJaxpBulkConverterLoader
2025-09-30 14:21:34 [main] DEBUG o.a.c.i.c.BaseTypeConverterRegistry - TypeConverterLoader: org.apache.camel.converter.jaxp.CamelXmlJaxpBulkConverterLoader loading converters
2025-09-30 14:21:34 [main] DEBUG o.a.c.i.c.BaseTypeConverterRegistry - Resolving TypeConverterLoader: org.apache.camel.component.http.HttpConvertersLoader
2025-09-30 14:21:34 [main] DEBUG o.a.c.i.c.BaseTypeConverterRegistry - TypeConverterLoader: org.apache.camel.component.http.HttpConvertersLoader loading converters
2025-09-30 14:21:34 [main] DEBUG o.a.c.i.c.BaseTypeConverterRegistry - Resolving TypeConverterLoader: org.apache.camel.component.http.HttpEntityConverterLoader
2025-09-30 14:21:34 [main] DEBUG o.a.c.i.c.BaseTypeConverterRegistry - TypeConverterLoader: org.apache.camel.component.http.HttpEntityConverterLoader loading converters
2025-09-30 14:21:34 [main] DEBUG o.a.c.i.c.BaseTypeConverterRegistry - Resolving TypeConverterLoader: org.apache.camel.http.common.HttpConverterLoader
2025-09-30 14:21:34 [main] DEBUG o.a.c.i.c.BaseTypeConverterRegistry - TypeConverterLoader: org.apache.camel.http.common.HttpConverterLoader loading converters
2025-09-30 14:21:34 [main] DEBUG o.a.c.i.c.BaseTypeConverterRegistry - Resolving TypeConverterLoader: org.apache.camel.attachment.AttachmentConverterLoader
2025-09-30 14:21:34 [main] DEBUG o.a.c.i.c.BaseTypeConverterRegistry - TypeConverterLoader: org.apache.camel.attachment.AttachmentConverterLoader loading converters
2025-09-30 14:21:34 [main] DEBUG o.a.c.i.c.BaseTypeConverterRegistry - Resolving TypeConverterLoader: org.apache.camel.component.jackson.converter.JacksonTypeConvertersLoader
2025-09-30 14:21:34 [main] DEBUG o.a.c.i.c.BaseTypeConverterRegistry - TypeConverterLoader: org.apache.camel.component.jackson.converter.JacksonTypeConvertersLoader loading converters
2025-09-30 14:21:34 [main] DEBUG o.a.c.i.c.BaseTypeConverterRegistry - Resolving TypeConverterLoader: org.apache.camel.converter.stream.StreamCacheBulkConverterLoader
2025-09-30 14:21:34 [main] DEBUG o.a.c.i.c.BaseTypeConverterRegistry - TypeConverterLoader: org.apache.camel.converter.stream.StreamCacheBulkConverterLoader loading converters
2025-09-30 14:21:34 [main] DEBUG o.a.c.i.c.BaseTypeConverterRegistry - Resolving TypeConverterLoader: org.apache.camel.component.file.GenericFileConverterLoader
2025-09-30 14:21:34 [main] DEBUG o.a.c.i.c.BaseTypeConverterRegistry - TypeConverterLoader: org.apache.camel.component.file.GenericFileConverterLoader loading converters
2025-09-30 14:21:34 [main] DEBUG o.a.c.i.c.BaseTypeConverterRegistry - Resolving TypeConverterLoader: org.apache.camel.converter.CamelBaseBulkConverterLoader
2025-09-30 14:21:34 [main] DEBUG o.a.c.i.c.BaseTypeConverterRegistry - TypeConverterLoader: org.apache.camel.converter.CamelBaseBulkConverterLoader loading converters
2025-09-30 14:21:34 [main] DEBUG o.a.c.i.c.DefaultTypeConverter - Loaded 259 type converters in 178ms
2025-09-30 14:21:34 [main] DEBUG o.a.c.i.engine.AbstractCamelContext - Apache Camel 4.4.0 (camel-1) built in 278ms
2025-09-30 14:21:34 [main] INFO  o.a.camel.util.concurrent.ThreadType - The type of thread detected is PLATFORM
2025-09-30 14:21:34 [main] DEBUG o.a.c.i.e.BaseExecutorServiceManager - Created new ScheduledThreadPool for source: ErrorHandlerRedeliveryThreadPool with name: ErrorHandlerRedeliveryTask -> org.apache.camel.util.concurrent.SizedScheduledExecutorService@5c5812c[ErrorHandlerRedeliveryTask]
2025-09-30 14:21:34 [main] DEBUG o.a.c.i.e.DefaultConfigurerResolver - Found configurer: spring-event-component via type: org.apache.camel.component.event.EventComponentConfigurer via: META-INF/services/org/apache/camel/configurer/spring-event-component
2025-09-30 14:21:34 [main] DEBUG o.a.c.i.e.DefaultConfigurerResolver - Found configurer: spring-event-endpoint via type: org.apache.camel.component.event.EventEndpointConfigurer via: META-INF/services/org/apache/camel/configurer/spring-event-endpoint
2025-09-30 14:21:34 [main] DEBUG o.a.c.i.e.DefaultConfigurerResolver - Found configurer: spring-event-component via type: org.apache.camel.component.event.EventComponentConfigurer via: META-INF/services/org/apache/camel/configurer/spring-event-component
2025-09-30 14:21:35 [main] DEBUG o.a.camel.spring.SpringCamelContext - Set the application context classloader to: TomcatEmbeddedWebappClassLoader
  context: ROOT
  delegate: true
----------> Parent Classloader:
jdk.internal.loader.ClassLoaders$AppClassLoader@5451c3a8

2025-09-30 14:21:40 [main] DEBUG o.s.w.f.ServerHttpObservationFilter - Filter 'webMvcObservationFilter' configured for use
2025-09-30 14:21:40 [main] DEBUG o.s.w.f.CommonsRequestLoggingFilter - Filter 'logFilter' configured for use
2025-09-30 14:21:40 [main] DEBUG c.m.b.users.config.JwtRequestFilter - Filter 'jwtRequestFilter' configured for use
2025-09-30 14:21:41 [main] INFO  c.m.b.config.RestTemplateConfig - Creating RestTemplate with SSL trust-all configuration
2025-09-30 14:21:41 [main] INFO  c.m.b.config.RestTemplateConfig - RestTemplate configured with connect-timeout: 10000ms, read-timeout: 30000ms
2025-09-30 14:21:43 [main] INFO  org.quartz.impl.StdSchedulerFactory - Using default implementation for ThreadExecutor
2025-09-30 14:21:43 [main] INFO  o.quartz.core.SchedulerSignalerImpl - Initialized Scheduler Signaller of type: class org.quartz.core.SchedulerSignalerImpl
2025-09-30 14:21:43 [main] INFO  org.quartz.core.QuartzScheduler - Quartz Scheduler v.2.3.2 created.
2025-09-30 14:21:43 [main] INFO  org.quartz.simpl.RAMJobStore - RAMJobStore initialized.
2025-09-30 14:21:43 [main] INFO  org.quartz.core.QuartzScheduler - Scheduler meta-data: Quartz Scheduler (v2.3.2) 'quartzScheduler' with instanceId 'NON_CLUSTERED'
  Scheduler class: 'org.quartz.core.QuartzScheduler' - running locally.
  NOT STARTED.
  Currently in standby mode.
  Number of jobs executed: 0
  Using thread pool 'org.quartz.simpl.SimpleThreadPool' - with 10 threads.
  Using job-store 'org.quartz.simpl.RAMJobStore' - which does not support persistence. and is not clustered.

2025-09-30 14:21:43 [main] INFO  org.quartz.impl.StdSchedulerFactory - Quartz scheduler 'quartzScheduler' initialized from an externally provided properties instance.
2025-09-30 14:21:43 [main] INFO  org.quartz.impl.StdSchedulerFactory - Quartz scheduler version: 2.3.2
2025-09-30 14:21:43 [main] INFO  org.quartz.core.QuartzScheduler - JobFactory set to: org.springframework.scheduling.quartz.SpringBeanJobFactory@804ea79
2025-09-30 14:21:44 [main] INFO  c.m.b.k.i.Dhis2HeaderFilterConfig - === Configuring DHIS2 Header Filter (Static Test) ===
2025-09-30 14:21:44 [main] INFO  c.m.b.k.i.Dhis2HeaderFilterConfig - DHIS2 Header Filter configured - allowing most headers for testing
2025-09-30 14:21:46 [main] DEBUG o.s.w.s.m.m.a.RequestMappingHandlerMapping - 152 mappings in 'requestMappingHandlerMapping'
2025-09-30 14:21:47 [main] DEBUG o.s.w.s.h.SimpleUrlHandlerMapping - Patterns [/webjars/**, /**, /swagger-ui*/*swagger-initializer.js, /swagger-ui*/**] in 'resourceHandlerMapping'
2025-09-30 14:21:47 [main] DEBUG o.a.c.i.h.DefaultHealthCheckRegistry - HealthCheck with id context successfully registered
2025-09-30 14:21:47 [main] DEBUG o.a.c.i.h.DefaultHealthCheckRegistry - HealthCheckRepository with id routes successfully registered
2025-09-30 14:21:47 [main] DEBUG o.a.c.i.h.DefaultHealthCheckRegistry - HealthCheckRepository with id producers successfully registered
2025-09-30 14:21:47 [main] DEBUG o.a.c.i.h.DefaultHealthCheckRegistry - HealthCheckRepository with id consumers successfully registered
2025-09-30 14:21:49 [main] DEBUG o.s.w.s.m.m.a.RequestMappingHandlerAdapter - ControllerAdvice beans: 0 @ModelAttribute, 0 @InitBinder, 1 RequestBodyAdvice, 1 ResponseBodyAdvice
2025-09-30 14:21:49 [main] DEBUG o.s.w.s.m.m.a.ExceptionHandlerExceptionResolver - ControllerAdvice beans: 2 @ExceptionHandler, 1 ResponseBodyAdvice
2025-09-30 14:21:53 [main] INFO  o.a.coyote.http11.Http11NioProtocol - Starting ProtocolHandler ["http-nio-8081"]
2025-09-30 14:21:53 [main] DEBUG o.a.c.h.common.DefaultHttpRegistry - Registering CamelServlet with name CamelServlet consumers present: 0
2025-09-30 14:21:53 [main] INFO  o.a.c.c.s.CamelHttpTransportServlet - Initialized CamelHttpTransportServlet[name=CamelServlet, contextPath=]
2025-09-30 14:21:53 [main] DEBUG o.a.camel.spring.SpringCamelContext - onApplicationEvent: org.springframework.boot.web.servlet.context.ServletWebServerInitializedEvent[source=org.springframework.boot.web.embedded.tomcat.TomcatWebServer@4c28b19f]
2025-09-30 14:21:53 [main] INFO  org.quartz.core.QuartzScheduler - Scheduler quartzScheduler_$_NON_CLUSTERED started.
2025-09-30 14:21:53 [main] DEBUG o.a.c.s.b.CamelSpringBootApplicationListener - Post-processing CamelContext bean: camel-1
2025-09-30 14:21:53 [main] DEBUG o.apache.camel.main.RoutesConfigurer - RoutesCollectorEnabled: org.apache.camel.spring.boot.CamelSpringBootRoutesCollector@5c7ad877
2025-09-30 14:21:53 [main] DEBUG o.a.c.s.b.CamelSpringBootRoutesCollector - Finding additional routes from: classpath:camel/*
2025-09-30 14:21:53 [main] DEBUG o.a.c.s.b.CamelSpringBootRoutesCollector - Finding additional routes from: classpath:camel-template/*
2025-09-30 14:21:53 [main] DEBUG o.a.c.s.b.CamelSpringBootRoutesCollector - Finding additional routes from: classpath:camel-rest/*
2025-09-30 14:21:53 [main] DEBUG o.a.c.s.b.CamelSpringBootRoutesCollector - No additional RoutesBuilder discovered from: classpath:camel/*,classpath:camel-template/*,classpath:camel-rest/*
2025-09-30 14:21:53 [main] DEBUG o.a.camel.spring.SpringCamelContext - onApplicationEvent: org.springframework.context.event.ContextRefreshedEvent[source=org.springframework.boot.web.servlet.context.AnnotationConfigServletWebServerApplicationContext@62f4ff3b, started on Tue Sep 30 14:21:21 EEST 2025]
2025-09-30 14:21:53 [main] DEBUG o.a.c.i.engine.AbstractCamelContext - Resolving language: simple
2025-09-30 14:21:53 [main] DEBUG o.a.camel.support.ResolverHelper - Lookup Language with name simple in registry. Found: null
2025-09-30 14:21:53 [main] DEBUG o.a.camel.support.ResolverHelper - Lookup Language with name simple-language in registry. Found: null
2025-09-30 14:21:53 [main] DEBUG o.a.c.language.simple.SimpleLanguage - Simple language predicate/expression cache size: 1000
2025-09-30 14:21:53 [main] DEBUG o.a.c.i.engine.AbstractCamelContext - Apache Camel 4.4.0 (camel-1) initialized in 179ms
2025-09-30 14:21:53 [main] INFO  o.a.c.i.engine.AbstractCamelContext - Apache Camel 4.4.0 (camel-1) is starting
2025-09-30 14:21:53 [main] DEBUG o.a.c.i.engine.AbstractCamelContext - Using ClassResolver=org.apache.camel.impl.engine.DefaultClassResolver@6bcefcef, PackageScanClassResolver=org.apache.camel.spring.boot.FatJarPackageScanClassResolver@1c120935, ApplicationContextClassLoader=TomcatEmbeddedWebappClassLoader
  context: ROOT
  delegate: true
----------> Parent Classloader:
jdk.internal.loader.ClassLoaders$AppClassLoader@5451c3a8
, RouteController=org.apache.camel.impl.engine.DefaultRouteController@1b51963d
2025-09-30 14:21:53 [main] DEBUG o.a.c.i.engine.AbstractCamelContext - StreamCaching is disabled on CamelContext: camel-1
2025-09-30 14:21:53 [main] DEBUG o.a.c.i.engine.AbstractCamelContext - Using HeadersMapFactory: org.apache.camel.impl.engine.DefaultHeadersMapFactory@2628b479
2025-09-30 14:21:53 [main] DEBUG o.a.c.i.engine.AbstractCamelContext - Using ReactiveExecutor: org.apache.camel.impl.engine.DefaultReactiveExecutor@4dc9b8c
2025-09-30 14:21:53 [main] DEBUG o.a.c.i.engine.AbstractCamelContext - Using ThreadPoolFactory: org.apache.camel.support.DefaultThreadPoolFactory@478fdd4e
2025-09-30 14:21:53 [main] DEBUG o.a.c.i.engine.AbstractCamelContext - Using HealthCheck: camel-spring-boot
2025-09-30 14:21:53 [main] DEBUG o.a.c.i.e.DefaultStreamCachingStrategy - StreamCaching configuration DefaultStreamCachingStrategy[spoolDirectoryEnabled=false, spoolDirectory=null, spoolCipher=null, spoolThreshold=131072, spoolUsedHeapMemoryThreshold=0, bufferSize=0, anySpoolRules=false]
2025-09-30 14:21:53 [main] DEBUG o.a.c.i.e.DefaultStreamCachingStrategy - StreamCaching in use
2025-09-30 14:21:53 [main] DEBUG o.a.c.i.engine.AbstractCamelContext - Clearing BeanIntrospection cache with 1 objects using during starting Camel
2025-09-30 14:21:53 [main] DEBUG o.a.c.i.engine.AbstractCamelContext - BeanIntrospection invoked 4 times during starting Camel
2025-09-30 14:21:53 [main] INFO  o.a.c.i.engine.AbstractCamelContext - Routes startup (started:0)
2025-09-30 14:21:53 [main] INFO  o.a.c.i.engine.AbstractCamelContext - Apache Camel 4.4.0 (camel-1) started in 510ms (build:278ms init:179ms start:53ms)
2025-09-30 14:21:53 [main] DEBUG o.a.camel.support.ResolverHelper - Found ProcessorFactory: org.apache.camel.processor.DefaultProcessorFactory via: META-INF/services/org/apache/camel/processor-factory
2025-09-30 14:21:53 [main] DEBUG o.a.camel.support.ResolverHelper - Detected and using ProcessorFactory: org.apache.camel.processor.DefaultProcessorFactory@2bba7bd9
2025-09-30 14:21:53 [main] DEBUG o.a.camel.impl.DefaultCamelContext - start() took 257 millis
2025-09-30 14:21:53 [main] INFO  c.middleware.MiddlewareApplication - Started MiddlewareApplication in 33.576 seconds (process running for 35.501)
2025-09-30 14:21:53 [main] DEBUG o.a.camel.spring.SpringCamelContext - onApplicationEvent: org.springframework.boot.context.event.ApplicationStartedEvent[source=org.springframework.boot.SpringApplication@5a3b5af]
2025-09-30 14:21:54 [main] DEBUG o.a.camel.spring.SpringCamelContext - onApplicationEvent: org.springframework.boot.availability.AvailabilityChangeEvent[source=org.springframework.boot.web.servlet.context.AnnotationConfigServletWebServerApplicationContext@62f4ff3b, started on Tue Sep 30 14:21:21 EEST 2025]
2025-09-30 14:21:54 [scheduling-1] INFO  c.m.b.k.service.DynamicRouteService - Starting route status sync with Camel context
2025-09-30 14:21:54 [main] DEBUG o.a.camel.spring.SpringCamelContext - onApplicationEvent: org.springframework.boot.context.event.ApplicationReadyEvent[source=org.springframework.boot.SpringApplication@5a3b5af]
2025-09-30 14:21:54 [main] INFO  c.m.b.k.service.SequenceFixService - Fixing sequence for integration_mapping.id ...
2025-09-30 14:21:54 [scheduling-1] DEBUG o.a.c.i.engine.AbstractCamelContext - Adding route configurations from builder: Routes: []
2025-09-30 14:21:54 [scheduling-1] DEBUG o.a.c.i.engine.AbstractCamelContext - Adding routes from builder: Routes: []
2025-09-30 14:21:54 [scheduling-1] DEBUG o.a.c.i.e.DefaultUriFactoryResolver - Found EndpointUriFactory: rest via type: org.apache.camel.component.rest.RestEndpointUriFactory via: META-INF/services/org/apache/camel/urifactory/rest
2025-09-30 14:21:54 [scheduling-1] DEBUG o.a.c.i.e.DefaultConfigurerResolver - Found configurer: org.apache.camel.spi.RestConfiguration via type: org.apache.camel.impl.RestConfigurationConfigurer via: META-INF/services/org/apache/camel/configurer/org.apache.camel.spi.RestConfiguration
2025-09-30 14:21:54 [scheduling-1] DEBUG o.a.c.i.e.DefaultConfigurerResolver - Found configurer: org.apache.camel.spi.RestConfiguration via type: org.apache.camel.impl.RestConfigurationConfigurer via: META-INF/services/org/apache/camel/configurer/org.apache.camel.spi.RestConfiguration
2025-09-30 14:21:54 [scheduling-1] DEBUG o.a.c.i.e.DefaultConfigurerResolver - Found configurer: org.apache.camel.spi.RestConfiguration via type: org.apache.camel.impl.RestConfigurationConfigurer via: META-INF/services/org/apache/camel/configurer/org.apache.camel.spi.RestConfiguration
2025-09-30 14:21:54 [scheduling-1] DEBUG o.a.c.i.e.DefaultConfigurerResolver - Found configurer: org.apache.camel.spi.RestConfiguration via type: org.apache.camel.impl.RestConfigurationConfigurer via: META-INF/services/org/apache/camel/configurer/org.apache.camel.spi.RestConfiguration
2025-09-30 14:21:54 [main] INFO  c.m.b.k.service.SequenceFixService - Sequence public.integration_mapping_id_seq synced to 6. setval returned 6
2025-09-30 14:21:54 [main] INFO  c.m.b.k.service.SequenceFixService - Sequence fix done.
2025-09-30 14:21:54 [main] DEBUG o.a.camel.spring.SpringCamelContext - onApplicationEvent: org.springframework.boot.availability.AvailabilityChangeEvent[source=org.springframework.boot.web.servlet.context.AnnotationConfigServletWebServerApplicationContext@62f4ff3b, started on Tue Sep 30 14:21:21 EEST 2025]
2025-09-30 14:21:54 [scheduling-1] DEBUG o.a.c.i.e.DefaultConfigurerResolver - Found configurer: org.apache.camel.spi.RestConfiguration via type: org.apache.camel.impl.RestConfigurationConfigurer via: META-INF/services/org/apache/camel/configurer/org.apache.camel.spi.RestConfiguration
2025-09-30 14:21:54 [scheduling-1] DEBUG o.a.c.i.e.DefaultConfigurerResolver - Found configurer: org.apache.camel.spi.RestConfiguration via type: org.apache.camel.impl.RestConfigurationConfigurer via: META-INF/services/org/apache/camel/configurer/org.apache.camel.spi.RestConfiguration
2025-09-30 14:21:54 [scheduling-1] DEBUG o.a.c.i.e.DefaultConfigurerResolver - Found configurer: org.apache.camel.spi.RestConfiguration via type: org.apache.camel.impl.RestConfigurationConfigurer via: META-INF/services/org/apache/camel/configurer/org.apache.camel.spi.RestConfiguration
2025-09-30 14:21:54 [scheduling-1] DEBUG o.a.c.i.e.DefaultConfigurerResolver - Found configurer: org.apache.camel.spi.RestConfiguration via type: org.apache.camel.impl.RestConfigurationConfigurer via: META-INF/services/org/apache/camel/configurer/org.apache.camel.spi.RestConfiguration
2025-09-30 14:21:54 [scheduling-1] DEBUG o.a.c.i.e.DefaultConfigurerResolver - Found configurer: org.apache.camel.spi.RestConfiguration via type: org.apache.camel.impl.RestConfigurationConfigurer via: META-INF/services/org/apache/camel/configurer/org.apache.camel.spi.RestConfiguration
2025-09-30 14:21:54 [scheduling-1] DEBUG o.a.c.i.e.DefaultConfigurerResolver - Found configurer: org.apache.camel.spi.RestConfiguration via type: org.apache.camel.impl.RestConfigurationConfigurer via: META-INF/services/org/apache/camel/configurer/org.apache.camel.spi.RestConfiguration
2025-09-30 14:21:54 [scheduling-1] DEBUG o.a.c.i.e.DefaultConfigurerResolver - Found configurer: org.apache.camel.spi.RestConfiguration via type: org.apache.camel.impl.RestConfigurationConfigurer via: META-INF/services/org/apache/camel/configurer/org.apache.camel.spi.RestConfiguration
2025-09-30 14:21:54 [scheduling-1] DEBUG o.a.c.i.e.DefaultConfigurerResolver - Found configurer: org.apache.camel.spi.RestConfiguration via type: org.apache.camel.impl.RestConfigurationConfigurer via: META-INF/services/org/apache/camel/configurer/org.apache.camel.spi.RestConfiguration
2025-09-30 14:21:54 [scheduling-1] DEBUG o.a.c.i.engine.AbstractCamelContext - Using ComponentResolver: org.apache.camel.impl.engine.DefaultComponentResolver@5488d74e to resolve component with name: rest
2025-09-30 14:21:54 [scheduling-1] DEBUG o.a.camel.support.ResolverHelper - Lookup Component with name rest in registry. Found: null
2025-09-30 14:21:54 [scheduling-1] DEBUG o.a.camel.support.ResolverHelper - Lookup Component with name rest-component in registry. Found: null
2025-09-30 14:21:54 [scheduling-1] DEBUG o.a.c.i.e.DefaultComponentResolver - Found component: rest via type: org.apache.camel.component.rest.RestComponent via: META-INF/services/org/apache/camel/component/rest
2025-09-30 14:21:55 [scheduling-1] DEBUG o.a.c.i.e.DefaultConfigurerResolver - Found configurer: rest-component via type: org.apache.camel.component.rest.RestComponentConfigurer via: META-INF/services/org/apache/camel/configurer/rest-component
2025-09-30 14:21:55 [scheduling-1] DEBUG o.a.c.i.e.DefaultConfigurerResolver - Found configurer: rest-endpoint via type: org.apache.camel.component.rest.RestEndpointConfigurer via: META-INF/services/org/apache/camel/configurer/rest-endpoint
2025-09-30 14:21:55 [scheduling-1] DEBUG o.a.c.i.e.DefaultConfigurerResolver - Found configurer: rest-component via type: org.apache.camel.component.rest.RestComponentConfigurer via: META-INF/services/org/apache/camel/configurer/rest-component
2025-09-30 14:21:55 [scheduling-1] DEBUG o.a.camel.support.DefaultComponent - Creating endpoint uri=[rest://post:/dhis2/dataset], path=[post:/dhis2/dataset]
2025-09-30 14:21:55 [scheduling-1] DEBUG o.a.c.i.engine.AbstractCamelContext - rest://post:/dhis2/dataset converted to endpoint: rest://post:/dhis2/dataset by component: org.apache.camel.component.rest.RestComponent@254915ea
2025-09-30 14:21:55 [scheduling-1] DEBUG o.a.c.i.engine.AbstractCamelContext - Using ComponentResolver: org.apache.camel.impl.engine.DefaultComponentResolver@5488d74e to resolve component with name: hakeem
2025-09-30 14:21:55 [scheduling-1] DEBUG o.a.camel.support.ResolverHelper - Lookup Component with name hakeem in registry. Found: null
2025-09-30 14:21:55 [scheduling-1] DEBUG o.a.camel.support.ResolverHelper - Lookup Component with name hakeem-component in registry. Found: null
2025-09-30 14:21:55 [scheduling-1] DEBUG o.a.c.i.e.DefaultComponentResolver - Found component: hakeem via type: com.middleware.dhis2.Dhis2Component via: META-INF/services/org/apache/camel/component/hakeem
2025-09-30 14:21:55 [scheduling-1] INFO  com.middleware.dhis2.Dhis2Component - Dhis2Component initialized.
2025-09-30 14:21:55 [scheduling-1] DEBUG o.a.c.i.e.DefaultConfigurerResolver - Found configurer: hakeem-component via type: com.middleware.dhis2.Dhis2ComponentConfigurer via: META-INF/services/org/apache/camel/configurer/hakeem-component
2025-09-30 14:21:55 [scheduling-1] DEBUG o.a.c.i.e.DefaultConfigurerResolver - Found configurer: hakeem-endpoint via type: com.middleware.dhis2.Dhis2EndpointConfigurer via: META-INF/services/org/apache/camel/configurer/hakeem-endpoint
2025-09-30 14:21:55 [scheduling-1] DEBUG o.a.c.i.e.DefaultConfigurerResolver - Found configurer: hakeem-component via type: com.middleware.dhis2.Dhis2ComponentConfigurer via: META-INF/services/org/apache/camel/configurer/hakeem-component
2025-09-30 14:21:55 [scheduling-1] DEBUG o.a.camel.support.DefaultComponent - Creating endpoint uri=[hakeem://process], path=[process]
2025-09-30 14:21:55 [scheduling-1] INFO  com.middleware.dhis2.Dhis2Endpoint - Dhis2Endpoint created for URI: hakeem://process with operation: process
2025-09-30 14:21:55 [scheduling-1] INFO  com.middleware.dhis2.Dhis2Component - Dhis2Service successfully looked up from Camel registry.
2025-09-30 14:21:55 [scheduling-1] INFO  com.middleware.dhis2.Dhis2Component - Created Dhis2Endpoint: hakeem://process
2025-09-30 14:21:55 [scheduling-1] DEBUG o.a.c.i.engine.AbstractCamelContext - hakeem://process converted to endpoint: hakeem://process by component: com.middleware.dhis2.Dhis2Component@1e45db92
2025-09-30 14:21:55 [scheduling-1] DEBUG o.a.camel.support.ResolverHelper - Found InternalProcessorFactory: org.apache.camel.processor.DefaultInternalProcessorFactory via: META-INF/services/org/apache/camel/internal-processor-factory
2025-09-30 14:21:55 [scheduling-1] DEBUG o.a.camel.support.ResolverHelper - Detected and using InternalProcessorFactory: org.apache.camel.processor.DefaultInternalProcessorFactory@1191d791
2025-09-30 14:21:55 [scheduling-1] DEBUG o.apache.camel.reifier.RouteReifier - RoutePolicy is enabled: com.middleware.backend.policy.LoggingRoutePolicy@5905aa5a on route: dhis2-hakeem-route
2025-09-30 14:21:55 [scheduling-1] DEBUG o.a.c.i.e.InternalRouteStartupManager - Warming up route id: dhis2-hakeem-route having autoStartup=true
2025-09-30 14:21:55 [scheduling-1] DEBUG o.a.c.i.engine.AbstractCamelContext - Using ComponentResolver: org.apache.camel.impl.engine.DefaultComponentResolver@5488d74e to resolve component with name: servlet
2025-09-30 14:21:55 [scheduling-1] DEBUG o.a.camel.support.ResolverHelper - Lookup Component with name servlet in registry. Found: null
2025-09-30 14:21:55 [scheduling-1] DEBUG o.a.camel.support.ResolverHelper - Lookup Component with name servlet-component in registry. Found: org.apache.camel.component.servlet.ServletComponent@748cf013
2025-09-30 14:21:55 [scheduling-1] DEBUG o.a.c.i.e.DefaultConfigurerResolver - Found configurer: servlet-component via type: org.apache.camel.component.servlet.ServletComponentConfigurer via: META-INF/services/org/apache/camel/configurer/servlet-component
2025-09-30 14:21:55 [scheduling-1] DEBUG o.a.c.i.e.DefaultConfigurerResolver - Found configurer: servlet-endpoint via type: org.apache.camel.component.servlet.ServletEndpointConfigurer via: META-INF/services/org/apache/camel/configurer/servlet-endpoint
2025-09-30 14:21:55 [scheduling-1] DEBUG o.a.c.i.e.DefaultConfigurerResolver - Found configurer: servlet-component via type: org.apache.camel.component.servlet.ServletComponentConfigurer via: META-INF/services/org/apache/camel/configurer/servlet-component
2025-09-30 14:21:55 [scheduling-1] DEBUG o.a.camel.support.DefaultComponent - Creating endpoint uri=[servlet:///dhis2/dataset?httpMethodRestrict=POST], path=[/dhis2/dataset]
2025-09-30 14:21:55 [RMI TCP Connection(2)-172.24.4.130] INFO  o.a.c.c.C.[Tomcat].[localhost].[/] - Initializing Spring DispatcherServlet 'dispatcherServlet'
2025-09-30 14:21:55 [RMI TCP Connection(2)-172.24.4.130] INFO  o.s.web.servlet.DispatcherServlet - Initializing Servlet 'dispatcherServlet'
2025-09-30 14:21:55 [RMI TCP Connection(2)-172.24.4.130] DEBUG o.s.web.servlet.DispatcherServlet - Detected StandardServletMultipartResolver
2025-09-30 14:21:55 [RMI TCP Connection(2)-172.24.4.130] DEBUG o.s.web.servlet.DispatcherServlet - Detected AcceptHeaderLocaleResolver
2025-09-30 14:21:55 [RMI TCP Connection(2)-172.24.4.130] DEBUG o.s.web.servlet.DispatcherServlet - Detected FixedThemeResolver
2025-09-30 14:21:55 [RMI TCP Connection(2)-172.24.4.130] DEBUG o.s.web.servlet.DispatcherServlet - Detected org.springframework.web.servlet.view.DefaultRequestToViewNameTranslator@3e3d3cd0
2025-09-30 14:21:55 [scheduling-1] DEBUG o.a.c.i.engine.AbstractCamelContext - servlet:///dhis2/dataset?httpMethodRestrict=POST converted to endpoint: servlet:/dhis2/dataset?httpMethodRestrict=POST by component: org.apache.camel.component.servlet.ServletComponent@748cf013
2025-09-30 14:21:55 [RMI TCP Connection(2)-172.24.4.130] DEBUG o.s.web.servlet.DispatcherServlet - Detected org.springframework.web.servlet.support.SessionFlashMapManager@3e220938
2025-09-30 14:21:55 [RMI TCP Connection(2)-172.24.4.130] DEBUG o.s.web.servlet.DispatcherServlet - enableLoggingRequestDetails='false': request parameters and headers will be masked to prevent unsafe logging of potentially sensitive data
2025-09-30 14:21:55 [RMI TCP Connection(2)-172.24.4.130] INFO  o.s.web.servlet.DispatcherServlet - Completed initialization in 12 ms
2025-09-30 14:21:55 [scheduling-1] DEBUG o.a.camel.support.ResolverHelper - Found RestRegistryFactory: org.apache.camel.component.rest.DefaultRestRegistryFactory via: META-INF/services/org/apache/camel/rest-registry-factory
2025-09-30 14:21:55 [RMI TCP Connection(3)-172.24.4.130] DEBUG o.a.c.i.health.AbstractHealthCheck - Invoke health-check (LIVENESS) camel/context
2025-09-30 14:21:55 [scheduling-1] DEBUG o.a.camel.support.ResolverHelper - Detected and using RestRegistryFactory: org.apache.camel.component.rest.DefaultRestRegistryFactory@4ba009bd
2025-09-30 14:21:55 [RMI TCP Connection(3)-172.24.4.130] DEBUG o.a.c.i.health.AbstractHealthCheck - Invoke health-check (READINESS) camel/context
2025-09-30 14:21:55 [RMI TCP Connection(3)-172.24.4.130] DEBUG o.a.c.i.health.AbstractHealthCheck - Invoke health-check (ALL) camel/context
2025-09-30 14:21:55 [scheduling-1] INFO  com.middleware.dhis2.Dhis2Endpoint - Creating Dhis2Producer for endpoint: hakeem://process with operation: process
2025-09-30 14:21:55 [scheduling-1] DEBUG o.a.camel.support.DefaultProducer - Starting producer: Producer[hakeem://process]
2025-09-30 14:21:55 [scheduling-1] DEBUG o.a.c.i.e.InternalRouteStartupManager - Route: dhis2-hakeem-route >>> Route[rest://post:/dhis2/dataset -> null]
2025-09-30 14:21:55 [scheduling-1] DEBUG o.a.c.i.e.InternalRouteStartupManager - Starting consumer (order: 1000) on route: dhis2-hakeem-route
2025-09-30 14:21:55 [scheduling-1] DEBUG o.a.camel.support.DefaultConsumer - Build consumer: Consumer[servlet:/dhis2/dataset?httpMethodRestrict=POST]
2025-09-30 14:21:56 [scheduling-1] DEBUG o.a.camel.support.DefaultConsumer - Init consumer: Consumer[servlet:/dhis2/dataset?httpMethodRestrict=POST]
2025-09-30 14:21:56 [scheduling-1] DEBUG o.a.camel.support.DefaultConsumer - Starting consumer: Consumer[servlet:/dhis2/dataset?httpMethodRestrict=POST]
2025-09-30 14:21:56 [scheduling-1] DEBUG o.a.c.h.common.DefaultHttpRegistry - Registering consumer for path /dhis2/dataset providers present: 1
2025-09-30 14:21:56 [scheduling-1] DEBUG o.a.c.c.s.CamelHttpTransportServlet - Connecting consumer: Consumer[servlet:/dhis2/dataset?httpMethodRestrict=POST]
2025-09-30 14:21:56 [scheduling-1] DEBUG o.a.c.i.e.InternalRouteStartupManager - Route: dhis2-hakeem-route started and consuming from: servlet:/dhis2/dataset
2025-09-30 14:21:56 [scheduling-1] DEBUG o.a.c.i.e.InternalRouteStartupManager - Warming up route id: dhis2-hakeem-route having autoStartup=true
2025-09-30 14:21:56 [scheduling-1] DEBUG o.a.c.i.e.InternalRouteStartupManager - Route: dhis2-hakeem-route >>> Route[rest://post:/dhis2/dataset -> null]
2025-09-30 14:21:56 [scheduling-1] DEBUG o.a.c.i.e.InternalRouteStartupManager - Starting consumer (order: 1001) on route: dhis2-hakeem-route
2025-09-30 14:21:56 [scheduling-1] DEBUG o.a.c.i.e.InternalRouteStartupManager - Route: dhis2-hakeem-route started and consuming from: servlet:/dhis2/dataset
2025-09-30 14:21:56 [scheduling-1] INFO  c.m.b.k.service.DynamicRouteService - Re-added route dhis2-hakeem-route to context (DB says active)
2025-09-30 14:21:56 [scheduling-1] DEBUG o.a.c.i.engine.AbstractCamelContext - Adding route configurations from builder: Routes: []
2025-09-30 14:21:56 [scheduling-1] DEBUG o.a.c.i.engine.AbstractCamelContext - Adding routes from builder: Routes: []
2025-09-30 14:21:56 [scheduling-1] DEBUG o.a.c.i.e.DefaultUriFactoryResolver - Found EndpointUriFactory: servlet via type: org.apache.camel.component.servlet.ServletEndpointUriFactory via: META-INF/services/org/apache/camel/urifactory/servlet
2025-09-30 14:21:56 [scheduling-1] DEBUG o.a.camel.support.DefaultComponent - Creating endpoint uri=[servlet:///v1/datasets?httpMethodRestrict=POST], path=[/v1/datasets]
2025-09-30 14:21:56 [scheduling-1] DEBUG o.a.c.i.engine.AbstractCamelContext - servlet:///v1/datasets?httpMethodRestrict=POST converted to endpoint: servlet:/v1/datasets?httpMethodRestrict=POST by component: org.apache.camel.component.servlet.ServletComponent@748cf013
2025-09-30 14:21:56 [scheduling-1] DEBUG o.apache.camel.reifier.RouteReifier - RoutePolicy is enabled: com.middleware.backend.policy.LoggingRoutePolicy@2137f1ea on route: dhis2-upload-csv
2025-09-30 14:21:56 [scheduling-1] DEBUG o.a.c.i.e.InternalRouteStartupManager - Warming up route id: dhis2-upload-csv having autoStartup=true
2025-09-30 14:21:56 [scheduling-1] DEBUG o.a.c.i.e.InternalRouteStartupManager - Route: dhis2-upload-csv >>> Route[servlet:/v1/datasets?httpMethodRestrict=POST -> null]
2025-09-30 14:21:56 [scheduling-1] DEBUG o.a.c.i.e.InternalRouteStartupManager - Starting consumer (order: 1002) on route: dhis2-upload-csv
2025-09-30 14:21:56 [scheduling-1] DEBUG o.a.camel.support.DefaultConsumer - Build consumer: Consumer[servlet:/v1/datasets?httpMethodRestrict=POST]
2025-09-30 14:21:56 [scheduling-1] DEBUG o.a.camel.support.DefaultConsumer - Init consumer: Consumer[servlet:/v1/datasets?httpMethodRestrict=POST]
2025-09-30 14:21:56 [scheduling-1] DEBUG o.a.camel.support.DefaultConsumer - Starting consumer: Consumer[servlet:/v1/datasets?httpMethodRestrict=POST]
2025-09-30 14:21:56 [scheduling-1] DEBUG o.a.c.h.common.DefaultHttpRegistry - Registering consumer for path /v1/datasets providers present: 1
2025-09-30 14:21:56 [scheduling-1] DEBUG o.a.c.c.s.CamelHttpTransportServlet - Connecting consumer: Consumer[servlet:/v1/datasets?httpMethodRestrict=POST]
2025-09-30 14:21:56 [scheduling-1] DEBUG o.a.c.i.e.InternalRouteStartupManager - Route: dhis2-upload-csv started and consuming from: servlet:/v1/datasets
2025-09-30 14:21:56 [scheduling-1] DEBUG o.a.c.i.e.InternalRouteStartupManager - Warming up route id: dhis2-upload-csv having autoStartup=true
2025-09-30 14:21:56 [scheduling-1] DEBUG o.a.c.i.e.InternalRouteStartupManager - Route: dhis2-upload-csv >>> Route[servlet:/v1/datasets?httpMethodRestrict=POST -> null]
2025-09-30 14:21:56 [scheduling-1] DEBUG o.a.c.i.e.InternalRouteStartupManager - Starting consumer (order: 1003) on route: dhis2-upload-csv
2025-09-30 14:21:56 [scheduling-1] DEBUG o.a.c.i.e.InternalRouteStartupManager - Route: dhis2-upload-csv started and consuming from: servlet:/v1/datasets
2025-09-30 14:21:56 [scheduling-1] INFO  c.m.b.k.service.DynamicRouteService - Re-added route dhis2-upload-csv to context (DB says active)
2025-09-30 14:21:56 [scheduling-1] INFO  c.m.b.k.service.DynamicRouteService - Completed route status sync
2025-09-30 14:22:18 [http-nio-8081-exec-1] DEBUG o.s.w.f.CommonsRequestLoggingFilter - Before request [POST /api/auth/login, client=0:0:0:0:0:0:0:1]
2025-09-30 14:22:18 [http-nio-8081-exec-1] DEBUG o.s.web.servlet.DispatcherServlet - POST "/api/auth/login", parameters={}
2025-09-30 14:22:18 [http-nio-8081-exec-1] DEBUG o.s.w.s.m.m.a.RequestMappingHandlerMapping - Mapped to com.middleware.backend.users.auth.AuthController#login(AuthRequest)
2025-09-30 14:22:18 [http-nio-8081-exec-1] DEBUG o.s.w.s.m.m.a.RequestResponseBodyMethodProcessor - Read "application/json;charset=UTF-8" to [AuthController.AuthRequest(email=admin@mail.com, password=S123@2312)]
2025-09-30 14:22:19 [http-nio-8081-exec-1] DEBUG o.a.camel.spring.SpringCamelContext - onApplicationEvent: org.springframework.security.authentication.event.AuthenticationFailureBadCredentialsEvent[source=UsernamePasswordAuthenticationToken [Principal=admin@mail.com, Credentials=[PROTECTED], Authenticated=false, Details=null, Granted Authorities=[]]]
2025-09-30 14:22:19 [http-nio-8081-exec-1] DEBUG o.s.w.s.m.m.a.ExceptionHandlerExceptionResolver - Using @ExceptionHandler com.middleware.backend.exception.GlobalExceptionHandler#handleRuntimeException(RuntimeException)
2025-09-30 14:22:19 [http-nio-8081-exec-1] DEBUG o.s.w.s.m.m.a.HttpEntityMethodProcessor - Using 'application/json', given [*/*] and supported [application/json, application/*+json, application/yaml]
2025-09-30 14:22:19 [http-nio-8081-exec-1] DEBUG o.s.w.s.m.m.a.HttpEntityMethodProcessor - Writing [{message=Bad credentials, timestamp=2025-09-30T14:22:19.937806600}]
2025-09-30 14:22:19 [http-nio-8081-exec-1] DEBUG o.s.w.s.m.m.a.ExceptionHandlerExceptionResolver - Resolved [org.springframework.security.authentication.BadCredentialsException: Bad credentials]
2025-09-30 14:22:19 [http-nio-8081-exec-1] DEBUG o.s.web.servlet.DispatcherServlet - Completed 400 BAD_REQUEST
2025-09-30 14:22:19 [http-nio-8081-exec-1] DEBUG o.a.camel.spring.SpringCamelContext - onApplicationEvent: ServletRequestHandledEvent: url=[/api/auth/login]; client=[0:0:0:0:0:0:0:1]; method=[POST]; status=[400]; servlet=[dispatcherServlet]; session=[null]; user=[null]; time=[1276ms]
2025-09-30 14:22:19 [http-nio-8081-exec-1] DEBUG o.s.w.f.CommonsRequestLoggingFilter - After request [POST /api/auth/login, client=0:0:0:0:0:0:0:1, payload={"email":"admin@mail.com","password":"S123@2312"}]
2025-09-30 14:22:24 [scheduling-1] INFO  c.m.b.k.service.DynamicRouteService - Starting route status sync with Camel context
2025-09-30 14:22:24 [scheduling-1] INFO  c.m.b.k.service.DynamicRouteService - Completed route status sync
2025-09-30 14:22:26 [http-nio-8081-exec-2] DEBUG o.s.w.f.CommonsRequestLoggingFilter - Before request [POST /api/auth/login, client=0:0:0:0:0:0:0:1]
2025-09-30 14:22:26 [http-nio-8081-exec-2] DEBUG o.s.web.servlet.DispatcherServlet - POST "/api/auth/login", parameters={}
2025-09-30 14:22:26 [http-nio-8081-exec-2] DEBUG o.s.w.s.m.m.a.RequestMappingHandlerMapping - Mapped to com.middleware.backend.users.auth.AuthController#login(AuthRequest)
2025-09-30 14:22:26 [http-nio-8081-exec-2] DEBUG o.s.w.s.m.m.a.RequestResponseBodyMethodProcessor - Read "application/json;charset=UTF-8" to [AuthController.AuthRequest(email=admin@mail.com, password=S123@231)]
2025-09-30 14:22:27 [http-nio-8081-exec-2] DEBUG o.a.camel.spring.SpringCamelContext - onApplicationEvent: org.springframework.security.authentication.event.AuthenticationSuccessEvent[source=UsernamePasswordAuthenticationToken [Principal=org.springframework.security.core.userdetails.User [Username=admin@mail.com, Password=[PROTECTED], Enabled=true, AccountNonExpired=true, CredentialsNonExpired=true, AccountNonLocked=true, Granted Authorities=[ROLE_ADMIN, auditLogs:export, auditLogs:view, dhis2:edit, dhis2:view, dynamicRoutes:create, dynamicRoutes:delete, dynamicRoutes:edit, dynamicRoutes:export, dynamicRoutes:revert, dynamicRoutes:start, dynamicRoutes:stop, dynamicRoutes:test, dynamicRoutes:validate, dynamicRoutes:view, dynamicRoutesLogs:export, dynamicRoutesLogs:view, errorCategories:create, errorCategories:edit, errorCategories:export, errorCategories:view, errorMappings:create, errorMappings:edit, errorMappings:export, errorMappings:view, integrationMapping:create, integrationMapping:delete, integrationMapping:edit, integrationMapping:export, integrationMapping:view, jobExecutionLogs:export, jobExecutionLogs:view, middlewareLogs:export, middlewareLogs:retry, middlewareLogs:view, role:create, role:view, routePermissions:edit, routePermissions:view, scheduledJobs:create, scheduledJobs:delete, scheduledJobs:edit, scheduledJobs:export, scheduledJobs:pause, scheduledJobs:resume, scheduledJobs:test, scheduledJobs:view, scheduledJobsLogs:export, scheduledJobsLogs:view, sourceSystems:create, sourceSystems:edit, sourceSystems:export, sourceSystems:view, throttling:edit, throttling:view, user:activate, user:create, user:delete, user:edit, user:generate-token, user:view, user:viewByRole, userPermissions:edit, userPermissions:view]], Credentials=[PROTECTED], Authenticated=true, Details=null, Granted Authorities=[ROLE_ADMIN, auditLogs:export, auditLogs:view, dhis2:edit, dhis2:view, dynamicRoutes:create, dynamicRoutes:delete, dynamicRoutes:edit, dynamicRoutes:export, dynamicRoutes:revert, dynamicRoutes:start, dynamicRoutes:stop, dynamicRoutes:test, dynamicRoutes:validate, dynamicRoutes:view, dynamicRoutesLogs:export, dynamicRoutesLogs:view, errorCategories:create, errorCategories:edit, errorCategories:export, errorCategories:view, errorMappings:create, errorMappings:edit, errorMappings:export, errorMappings:view, integrationMapping:create, integrationMapping:delete, integrationMapping:edit, integrationMapping:export, integrationMapping:view, jobExecutionLogs:export, jobExecutionLogs:view, middlewareLogs:export, middlewareLogs:retry, middlewareLogs:view, role:create, role:view, routePermissions:edit, routePermissions:view, scheduledJobs:create, scheduledJobs:delete, scheduledJobs:edit, scheduledJobs:export, scheduledJobs:pause, scheduledJobs:resume, scheduledJobs:test, scheduledJobs:view, scheduledJobsLogs:export, scheduledJobsLogs:view, sourceSystems:create, sourceSystems:edit, sourceSystems:export, sourceSystems:view, throttling:edit, throttling:view, user:activate, user:create, user:delete, user:edit, user:generate-token, user:view, user:viewByRole, userPermissions:edit, userPermissions:view]]]
2025-09-30 14:22:28 [http-nio-8081-exec-2] DEBUG o.s.w.s.m.m.a.HttpEntityMethodProcessor - Using 'application/json', given [*/*] and supported [application/json, application/*+json, application/yaml]
2025-09-30 14:22:28 [http-nio-8081-exec-2] DEBUG o.s.w.s.m.m.a.HttpEntityMethodProcessor - Writing [AuthController.AuthResponse(token=eyJhbGciOiJIUzI1NiJ9.eyJzdWIiOiJhZG1pbkBtYWlsLmNvbSIsImlhdCI6MTc1O (truncated)...]
2025-09-30 14:22:28 [http-nio-8081-exec-2] DEBUG o.s.web.servlet.DispatcherServlet - Completed 200 OK
2025-09-30 14:22:28 [http-nio-8081-exec-2] DEBUG o.a.camel.spring.SpringCamelContext - onApplicationEvent: ServletRequestHandledEvent: url=[/api/auth/login]; client=[0:0:0:0:0:0:0:1]; method=[POST]; status=[200]; servlet=[dispatcherServlet]; session=[null]; user=[null]; time=[1839ms]
2025-09-30 14:22:28 [http-nio-8081-exec-2] DEBUG o.s.w.f.CommonsRequestLoggingFilter - After request [POST /api/auth/login, client=0:0:0:0:0:0:0:1, payload={"email":"admin@mail.com","password":"S123@231"}]
2025-09-30 14:22:34 [http-nio-8081-exec-4] INFO  c.m.b.k.service.DynamicRouteService - Fetching active routes with pagination
2025-09-30 14:22:35 [http-nio-8081-exec-4] DEBUG o.s.w.f.CommonsRequestLoggingFilter - Before request [GET /api/routes/latest?page=0&size=10, client=0:0:0:0:0:0:0:1, user=admin@mail.com]
2025-09-30 14:22:35 [http-nio-8081-exec-4] DEBUG o.s.web.servlet.DispatcherServlet - GET "/api/routes/latest?page=0&size=10", parameters={masked}
2025-09-30 14:22:35 [http-nio-8081-exec-4] DEBUG o.s.w.s.m.m.a.RequestMappingHandlerMapping - Mapped to com.middleware.backend.kaotocamel.controller.DynamicRouteController#getRoutes(String, String, String, String, Boolean, String, String, LocalDateTime, LocalDateTime, String, String, int, int)
2025-09-30 14:22:35 [http-nio-8081-exec-4] WARN  o.s.d.w.c.SpringDataJacksonConfiguration$PageModule$WarningLoggingModifier - Serializing PageImpl instances as-is is not supported, meaning that there is no guarantee about the stability of the resulting JSON structure!
	For a stable JSON structure, please use Spring Data's PagedModel (globally via @EnableSpringDataWebSupport(pageSerializationMode = VIA_DTO))
	or Spring HATEOAS and Spring Data's PagedResourcesAssembler as documented in https://docs.spring.io/spring-data/commons/reference/repositories/core-extensions.html#core.web.pageables.

2025-09-30 14:22:35 [http-nio-8081-exec-4] DEBUG o.s.w.s.m.m.a.HttpEntityMethodProcessor - Using 'application/json', given [*/*] and supported [application/json, application/*+json, application/yaml]
2025-09-30 14:22:35 [http-nio-8081-exec-4] DEBUG o.s.w.s.m.m.a.HttpEntityMethodProcessor - Writing [Page 1 of 1 containing com.middleware.backend.kaotocamel.model.DynamicRouteEntity instances]
2025-09-30 14:22:35 [http-nio-8081-exec-4] DEBUG o.s.web.servlet.DispatcherServlet - Completed 200 OK
2025-09-30 14:22:35 [http-nio-8081-exec-4] DEBUG o.a.camel.spring.SpringCamelContext - onApplicationEvent: ServletRequestHandledEvent: url=[/api/routes/latest]; client=[0:0:0:0:0:0:0:1]; method=[GET]; status=[200]; servlet=[dispatcherServlet]; session=[null]; user=[admin@mail.com]; time=[194ms]
2025-09-30 14:22:35 [http-nio-8081-exec-4] DEBUG o.s.w.f.CommonsRequestLoggingFilter - After request [GET /api/routes/latest?page=0&size=10, client=0:0:0:0:0:0:0:1, user=admin@mail.com]
2025-09-30 14:22:54 [scheduling-1] INFO  c.m.b.k.service.DynamicRouteService - Starting route status sync with Camel context
2025-09-30 14:22:54 [scheduling-1] INFO  c.m.b.k.service.DynamicRouteService - Completed route status sync
2025-09-30 14:23:04 [http-nio-8081-exec-5] INFO  c.m.b.k.service.DynamicRouteService - Fetching active routes with pagination
2025-09-30 14:23:05 [http-nio-8081-exec-5] DEBUG o.s.w.f.CommonsRequestLoggingFilter - Before request [GET /api/routes/latest?page=0&size=10, client=0:0:0:0:0:0:0:1, user=admin@mail.com]
2025-09-30 14:23:05 [http-nio-8081-exec-5] DEBUG o.s.web.servlet.DispatcherServlet - GET "/api/routes/latest?page=0&size=10", parameters={masked}
2025-09-30 14:23:05 [http-nio-8081-exec-5] DEBUG o.s.w.s.m.m.a.RequestMappingHandlerMapping - Mapped to com.middleware.backend.kaotocamel.controller.DynamicRouteController#getRoutes(String, String, String, String, Boolean, String, String, LocalDateTime, LocalDateTime, String, String, int, int)
2025-09-30 14:23:05 [http-nio-8081-exec-5] DEBUG o.s.w.s.m.m.a.HttpEntityMethodProcessor - Using 'application/json', given [*/*] and supported [application/json, application/*+json, application/yaml]
2025-09-30 14:23:05 [http-nio-8081-exec-5] DEBUG o.s.w.s.m.m.a.HttpEntityMethodProcessor - Writing [Page 1 of 1 containing com.middleware.backend.kaotocamel.model.DynamicRouteEntity instances]
2025-09-30 14:23:05 [http-nio-8081-exec-5] DEBUG o.s.web.servlet.DispatcherServlet - Completed 200 OK
2025-09-30 14:23:05 [http-nio-8081-exec-5] DEBUG o.a.camel.spring.SpringCamelContext - onApplicationEvent: ServletRequestHandledEvent: url=[/api/routes/latest]; client=[0:0:0:0:0:0:0:1]; method=[GET]; status=[200]; servlet=[dispatcherServlet]; session=[null]; user=[admin@mail.com]; time=[333ms]
2025-09-30 14:23:05 [http-nio-8081-exec-5] DEBUG o.s.w.f.CommonsRequestLoggingFilter - After request [GET /api/routes/latest?page=0&size=10, client=0:0:0:0:0:0:0:1, user=admin@mail.com]
2025-09-30 14:23:19 [http-nio-8081-exec-6] INFO  c.m.b.k.service.DynamicRouteService - Fetching active routes with pagination
2025-09-30 14:23:19 [http-nio-8081-exec-6] DEBUG o.s.w.f.CommonsRequestLoggingFilter - Before request [GET /api/routes/latest?page=0&size=10, client=0:0:0:0:0:0:0:1, user=admin@mail.com]
2025-09-30 14:23:19 [http-nio-8081-exec-6] DEBUG o.s.web.servlet.DispatcherServlet - GET "/api/routes/latest?page=0&size=10", parameters={masked}
2025-09-30 14:23:19 [http-nio-8081-exec-6] DEBUG o.s.w.s.m.m.a.RequestMappingHandlerMapping - Mapped to com.middleware.backend.kaotocamel.controller.DynamicRouteController#getRoutes(String, String, String, String, Boolean, String, String, LocalDateTime, LocalDateTime, String, String, int, int)
2025-09-30 14:23:19 [http-nio-8081-exec-6] DEBUG o.s.w.s.m.m.a.HttpEntityMethodProcessor - Using 'application/json', given [*/*] and supported [application/json, application/*+json, application/yaml]
2025-09-30 14:23:19 [http-nio-8081-exec-6] DEBUG o.s.w.s.m.m.a.HttpEntityMethodProcessor - Writing [Page 1 of 1 containing com.middleware.backend.kaotocamel.model.DynamicRouteEntity instances]
2025-09-30 14:23:19 [http-nio-8081-exec-6] DEBUG o.s.web.servlet.DispatcherServlet - Completed 200 OK
2025-09-30 14:23:19 [http-nio-8081-exec-6] DEBUG o.a.camel.spring.SpringCamelContext - onApplicationEvent: ServletRequestHandledEvent: url=[/api/routes/latest]; client=[0:0:0:0:0:0:0:1]; method=[GET]; status=[200]; servlet=[dispatcherServlet]; session=[null]; user=[admin@mail.com]; time=[77ms]
2025-09-30 14:23:19 [http-nio-8081-exec-6] DEBUG o.s.w.f.CommonsRequestLoggingFilter - After request [GET /api/routes/latest?page=0&size=10, client=0:0:0:0:0:0:0:1, user=admin@mail.com]
2025-09-30 14:23:24 [scheduling-1] INFO  c.m.b.k.service.DynamicRouteService - Starting route status sync with Camel context
2025-09-30 14:23:24 [scheduling-1] INFO  c.m.b.k.service.DynamicRouteService - Completed route status sync
2025-09-30 14:23:34 [http-nio-8081-exec-7] INFO  c.m.b.k.service.DynamicRouteService - Fetching active routes with pagination
2025-09-30 14:23:35 [http-nio-8081-exec-7] DEBUG o.s.w.f.CommonsRequestLoggingFilter - Before request [GET /api/routes/latest?page=0&size=10, client=0:0:0:0:0:0:0:1, user=admin@mail.com]
2025-09-30 14:23:35 [http-nio-8081-exec-7] DEBUG o.s.web.servlet.DispatcherServlet - GET "/api/routes/latest?page=0&size=10", parameters={masked}
2025-09-30 14:23:35 [http-nio-8081-exec-7] DEBUG o.s.w.s.m.m.a.RequestMappingHandlerMapping - Mapped to com.middleware.backend.kaotocamel.controller.DynamicRouteController#getRoutes(String, String, String, String, Boolean, String, String, LocalDateTime, LocalDateTime, String, String, int, int)
2025-09-30 14:23:35 [http-nio-8081-exec-7] DEBUG o.s.w.s.m.m.a.HttpEntityMethodProcessor - Using 'application/json', given [*/*] and supported [application/json, application/*+json, application/yaml]
2025-09-30 14:23:35 [http-nio-8081-exec-7] DEBUG o.s.w.s.m.m.a.HttpEntityMethodProcessor - Writing [Page 1 of 1 containing com.middleware.backend.kaotocamel.model.DynamicRouteEntity instances]
2025-09-30 14:23:35 [http-nio-8081-exec-7] DEBUG o.s.web.servlet.DispatcherServlet - Completed 200 OK
2025-09-30 14:23:35 [http-nio-8081-exec-7] DEBUG o.a.camel.spring.SpringCamelContext - onApplicationEvent: ServletRequestHandledEvent: url=[/api/routes/latest]; client=[0:0:0:0:0:0:0:1]; method=[GET]; status=[200]; servlet=[dispatcherServlet]; session=[null]; user=[admin@mail.com]; time=[81ms]
2025-09-30 14:23:35 [http-nio-8081-exec-7] DEBUG o.s.w.f.CommonsRequestLoggingFilter - After request [GET /api/routes/latest?page=0&size=10, client=0:0:0:0:0:0:0:1, user=admin@mail.com]
2025-09-30 14:23:46 [SpringApplicationShutdownHook] DEBUG o.a.camel.spring.SpringCamelContext - onApplicationEvent: org.springframework.boot.availability.AvailabilityChangeEvent[source=org.springframework.boot.web.servlet.context.AnnotationConfigServletWebServerApplicationContext@62f4ff3b, started on Tue Sep 30 14:21:21 EEST 2025]
2025-09-30 14:23:46 [SpringApplicationShutdownHook] DEBUG o.a.camel.spring.SpringCamelContext - onApplicationEvent: org.springframework.context.event.ContextClosedEvent[source=org.springframework.boot.web.servlet.context.AnnotationConfigServletWebServerApplicationContext@62f4ff3b, started on Tue Sep 30 14:21:21 EEST 2025]
2025-09-30 14:23:46 [SpringApplicationShutdownHook] INFO  org.quartz.core.QuartzScheduler - Scheduler quartzScheduler_$_NON_CLUSTERED paused.
2025-09-30 14:23:46 [SpringApplicationShutdownHook] INFO  o.a.c.i.engine.AbstractCamelContext - Apache Camel 4.4.0 (camel-1) is shutting down (timeout:45s)
2025-09-30 14:23:46 [SpringApplicationShutdownHook] DEBUG o.a.c.i.e.DefaultShutdownStrategy - Starting to graceful shutdown 2 routes (timeout 45 seconds)
2025-09-30 14:23:46 [SpringApplicationShutdownHook] DEBUG o.a.c.i.e.BaseExecutorServiceManager - Created new ThreadPool for source: org.apache.camel.impl.engine.DefaultShutdownStrategy@3fe22437 with name: ShutdownTask. -> org.apache.camel.util.concurrent.RejectableThreadPoolExecutor@67d69890[Running, pool size = 0, active threads = 0, queued tasks = 0, completed tasks = 0][ShutdownTask]
2025-09-30 14:23:46 [Camel (camel-1) thread #1 - ShutdownTask] DEBUG o.a.c.i.e.DefaultShutdownStrategy - There are 2 routes to shutdown
2025-09-30 14:23:46 [Camel (camel-1) thread #1 - ShutdownTask] DEBUG o.a.c.i.e.DefaultShutdownStrategy - Route: dhis2-upload-csv suspended and shutdown deferred, was consuming from: servlet:/v1/datasets
2025-09-30 14:23:46 [Camel (camel-1) thread #1 - ShutdownTask] DEBUG o.a.c.i.e.DefaultShutdownStrategy - Route: dhis2-hakeem-route suspended and shutdown deferred, was consuming from: rest://post:/dhis2/dataset
2025-09-30 14:23:46 [Camel (camel-1) thread #1 - ShutdownTask] DEBUG o.a.c.h.common.DefaultHttpRegistry - Unregistering consumer for path /v1/datasets
2025-09-30 14:23:46 [Camel (camel-1) thread #1 - ShutdownTask] DEBUG o.a.c.c.s.CamelHttpTransportServlet - Disconnecting consumer: Consumer[servlet:/v1/datasets?httpMethodRestrict=POST]
2025-09-30 14:23:46 [Camel (camel-1) thread #1 - ShutdownTask] DEBUG o.a.camel.support.DefaultConsumer - Stopping consumer: Consumer[servlet:/v1/datasets?httpMethodRestrict=POST]
2025-09-30 14:23:46 [Camel (camel-1) thread #1 - ShutdownTask] DEBUG o.a.c.i.e.DefaultShutdownStrategy - Route: dhis2-upload-csv shutdown complete, was consuming from: servlet:/v1/datasets
2025-09-30 14:23:46 [Camel (camel-1) thread #1 - ShutdownTask] DEBUG o.a.c.h.common.DefaultHttpRegistry - Unregistering consumer for path /dhis2/dataset
2025-09-30 14:23:46 [Camel (camel-1) thread #1 - ShutdownTask] DEBUG o.a.c.c.s.CamelHttpTransportServlet - Disconnecting consumer: Consumer[servlet:/dhis2/dataset?httpMethodRestrict=POST]
2025-09-30 14:23:46 [Camel (camel-1) thread #1 - ShutdownTask] DEBUG o.a.camel.support.DefaultConsumer - Stopping consumer: Consumer[servlet:/dhis2/dataset?httpMethodRestrict=POST]
2025-09-30 14:23:46 [Camel (camel-1) thread #1 - ShutdownTask] DEBUG o.a.camel.support.DefaultProducer - Stopping producer: Producer[hakeem://process]
2025-09-30 14:23:46 [Camel (camel-1) thread #1 - ShutdownTask] DEBUG o.a.c.i.e.DefaultShutdownStrategy - Route: dhis2-hakeem-route shutdown complete, was consuming from: rest://post:/dhis2/dataset
2025-09-30 14:23:46 [SpringApplicationShutdownHook] DEBUG o.a.c.i.e.DefaultShutdownStrategy - Graceful shutdown of 2 routes completed in 7ms
2025-09-30 14:23:46 [SpringApplicationShutdownHook] DEBUG o.a.c.i.e.DefaultAsyncProcessorAwaitManager - Shutting down with no inflight threads.
2025-09-30 14:23:46 [SpringApplicationShutdownHook] DEBUG o.a.camel.support.DefaultConsumer - Shutting down consumer: Consumer[servlet:/v1/datasets?httpMethodRestrict=POST]
2025-09-30 14:23:46 [SpringApplicationShutdownHook] DEBUG o.a.camel.support.DefaultConsumer - Shutting down consumer: Consumer[servlet:/dhis2/dataset?httpMethodRestrict=POST]
2025-09-30 14:23:46 [SpringApplicationShutdownHook] INFO  o.a.c.i.engine.AbstractCamelContext - Routes stopped (stopped:2)
2025-09-30 14:23:46 [SpringApplicationShutdownHook] INFO  o.a.c.i.engine.AbstractCamelContext -     Stopped dhis2-upload-csv (servlet:/v1/datasets)
2025-09-30 14:23:46 [SpringApplicationShutdownHook] INFO  o.a.c.i.engine.AbstractCamelContext -     Stopped dhis2-hakeem-route (rest://post:/dhis2/dataset)
2025-09-30 14:23:46 [SpringApplicationShutdownHook] DEBUG o.a.c.i.e.BaseExecutorServiceManager - Forcing shutdown of ExecutorService: org.apache.camel.util.concurrent.SizedScheduledExecutorService@5c5812c[ErrorHandlerRedeliveryTask]
2025-09-30 14:23:46 [SpringApplicationShutdownHook] DEBUG o.a.c.i.e.DefaultInflightRepository - Shutting down with no inflight exchanges.
2025-09-30 14:23:46 [SpringApplicationShutdownHook] DEBUG o.a.c.i.e.BaseExecutorServiceManager - Forcing shutdown of ExecutorService: org.apache.camel.util.concurrent.RejectableThreadPoolExecutor@67d69890[Running, pool size = 1, active threads = 0, queued tasks = 0, completed tasks = 1][ShutdownTask]
2025-09-30 14:23:46 [SpringApplicationShutdownHook] DEBUG o.a.c.i.e.DefaultBeanIntrospection - Stopping BeanIntrospection which was invoked: 9 times
2025-09-30 14:23:46 [SpringApplicationShutdownHook] INFO  o.a.c.i.engine.AbstractCamelContext - Apache Camel 4.4.0 (camel-1) shutdown in 13ms (uptime:1m52s)
2025-09-30 14:23:46 [SpringApplicationShutdownHook] DEBUG o.a.c.m.SimpleMainShutdownStrategy - Shutdown called
2025-09-30 14:23:46 [SpringApplicationShutdownHook] INFO  org.quartz.core.QuartzScheduler - Scheduler quartzScheduler_$_NON_CLUSTERED shutting down.
2025-09-30 14:23:46 [SpringApplicationShutdownHook] INFO  org.quartz.core.QuartzScheduler - Scheduler quartzScheduler_$_NON_CLUSTERED paused.
2025-09-30 14:23:46 [SpringApplicationShutdownHook] INFO  org.quartz.core.QuartzScheduler - Scheduler quartzScheduler_$_NON_CLUSTERED shutdown complete.
2025-09-30 14:23:46 [SpringApplicationShutdownHook] DEBUG o.a.c.h.common.DefaultHttpRegistry - Unregistering CamelServlet with name CamelServlet
2025-09-30 14:23:46 [SpringApplicationShutdownHook] INFO  o.a.c.c.s.CamelHttpTransportServlet - Destroyed CamelHttpTransportServlet[CamelServlet]
