2025-09-21 12:12:45 [background-preinit] INFO  o.h.validator.internal.util.Version - HV000001: Hibernate Validator 8.0.2.Final
2025-09-21 12:12:45 [main] INFO  c.middleware.MiddlewareApplication - Starting MiddlewareApplication using Java 23-valhalla with PID 16452 (C:\Users\omard\Desktop\Work\back-end - Copy\target\classes started by omard in C:\Users\omard\Desktop\Work\back-end - Copy)
2025-09-21 12:12:45 [main] INFO  c.middleware.MiddlewareApplication - No active profile set, falling back to 1 default profile: "default"
2025-09-21 12:12:50 [main] INFO  o.a.coyote.http11.Http11NioProtocol - Initializing ProtocolHandler ["http-nio-8081"]
2025-09-21 12:12:50 [main] INFO  o.a.catalina.core.StandardService - Starting service [Tomcat]
2025-09-21 12:12:50 [main] INFO  o.a.catalina.core.StandardEngine - Starting Servlet engine: [Apache Tomcat/10.1.39]
2025-09-21 12:12:50 [main] INFO  o.a.c.c.C.[Tomcat].[localhost].[/] - Initializing Spring embedded WebApplicationContext
2025-09-21 12:12:50 [main] INFO  o.h.jpa.internal.util.LogHelper - HHH000204: Processing PersistenceUnitInfo [name: default]
2025-09-21 12:12:51 [main] INFO  org.hibernate.Version - HHH000412: Hibernate ORM core version 6.6.11.Final
2025-09-21 12:12:51 [main] INFO  o.h.c.i.RegionFactoryInitiator - HHH000026: Second-level cache disabled
2025-09-21 12:12:51 [main] WARN  org.hibernate.orm.deprecation - HHH90000025: PostgreSQLDialect does not need to be specified explicitly using 'hibernate.dialect' (remove the property setting and it will be selected by default)
2025-09-21 12:12:51 [main] INFO  o.hibernate.orm.connections.pooling - HHH10001005: Database info:
	Database JDBC URL [Connecting through datasource 'org.springframework.jdbc.datasource.DriverManagerDataSource@5b3ee43e']
	Database driver: undefined/unknown
	Database version: 17.4
	Autocommit mode: undefined/unknown
	Isolation level: undefined/unknown
	Minimum pool size: undefined/unknown
	Maximum pool size: undefined/unknown
2025-09-21 12:12:54 [main] INFO  o.h.e.t.j.p.i.JtaPlatformInitiator - HHH000489: No JTA platform available (set 'hibernate.transaction.jta.platform' to enable JTA platform integration)
2025-09-21 12:12:56 [main] INFO  o.a.camel.util.concurrent.ThreadType - The type of thread detected is PLATFORM
2025-09-21 12:12:59 [main] DEBUG o.s.w.f.ServerHttpObservationFilter - Filter 'webMvcObservationFilter' configured for use
2025-09-21 12:12:59 [main] DEBUG o.s.w.f.CommonsRequestLoggingFilter - Filter 'logFilter' configured for use
2025-09-21 12:12:59 [main] DEBUG c.m.b.users.config.JwtRequestFilter - Filter 'jwtRequestFilter' configured for use
2025-09-21 12:13:00 [main] INFO  org.quartz.impl.StdSchedulerFactory - Using default implementation for ThreadExecutor
2025-09-21 12:13:00 [main] INFO  o.quartz.core.SchedulerSignalerImpl - Initialized Scheduler Signaller of type: class org.quartz.core.SchedulerSignalerImpl
2025-09-21 12:13:00 [main] INFO  org.quartz.core.QuartzScheduler - Quartz Scheduler v.2.3.2 created.
2025-09-21 12:13:00 [main] INFO  org.quartz.simpl.RAMJobStore - RAMJobStore initialized.
2025-09-21 12:13:00 [main] INFO  org.quartz.core.QuartzScheduler - Scheduler meta-data: Quartz Scheduler (v2.3.2) 'quartzScheduler' with instanceId 'NON_CLUSTERED'
  Scheduler class: 'org.quartz.core.QuartzScheduler' - running locally.
  NOT STARTED.
  Currently in standby mode.
  Number of jobs executed: 0
  Using thread pool 'org.quartz.simpl.SimpleThreadPool' - with 10 threads.
  Using job-store 'org.quartz.simpl.RAMJobStore' - which does not support persistence. and is not clustered.

2025-09-21 12:13:00 [main] INFO  org.quartz.impl.StdSchedulerFactory - Quartz scheduler 'quartzScheduler' initialized from an externally provided properties instance.
2025-09-21 12:13:00 [main] INFO  org.quartz.impl.StdSchedulerFactory - Quartz scheduler version: 2.3.2
2025-09-21 12:13:00 [main] INFO  org.quartz.core.QuartzScheduler - JobFactory set to: org.springframework.scheduling.quartz.SpringBeanJobFactory@67c55ff0
2025-09-21 12:13:01 [main] INFO  c.m.b.k.i.Dhis2HeaderFilterConfig - === Configuring DHIS2 Header Filter (Static Test) ===
2025-09-21 12:13:01 [main] INFO  c.m.b.k.i.Dhis2HeaderFilterConfig - DHIS2 Header Filter configured - allowing most headers for testing
2025-09-21 12:13:01 [main] DEBUG o.s.w.s.m.m.a.RequestMappingHandlerMapping - 126 mappings in 'requestMappingHandlerMapping'
2025-09-21 12:13:02 [main] DEBUG o.s.w.s.h.SimpleUrlHandlerMapping - Patterns [/webjars/**, /**, /swagger-ui*/*swagger-initializer.js, /swagger-ui*/**] in 'resourceHandlerMapping'
2025-09-21 12:13:03 [main] DEBUG o.s.w.s.m.m.a.RequestMappingHandlerAdapter - ControllerAdvice beans: 0 @ModelAttribute, 0 @InitBinder, 1 RequestBodyAdvice, 1 ResponseBodyAdvice
2025-09-21 12:13:03 [main] DEBUG o.s.w.s.m.m.a.ExceptionHandlerExceptionResolver - ControllerAdvice beans: 2 @ExceptionHandler, 1 ResponseBodyAdvice
2025-09-21 12:13:05 [main] INFO  o.a.coyote.http11.Http11NioProtocol - Starting ProtocolHandler ["http-nio-8081"]
2025-09-21 12:13:05 [main] INFO  o.a.c.c.s.CamelHttpTransportServlet - Initialized CamelHttpTransportServlet[name=CamelServlet, contextPath=]
2025-09-21 12:13:05 [main] INFO  org.quartz.core.QuartzScheduler - Scheduler quartzScheduler_$_NON_CLUSTERED started.
2025-09-21 12:13:05 [main] INFO  o.a.c.i.engine.AbstractCamelContext - Apache Camel 4.4.0 (camel-1) is starting
2025-09-21 12:13:05 [main] INFO  o.a.c.i.engine.AbstractCamelContext - Routes startup (started:0)
2025-09-21 12:13:05 [main] INFO  o.a.c.i.engine.AbstractCamelContext - Apache Camel 4.4.0 (camel-1) started in 19ms (build:0ms init:0ms start:19ms)
2025-09-21 12:13:05 [main] INFO  c.middleware.MiddlewareApplication - Started MiddlewareApplication in 20.855 seconds (process running for 22.893)
2025-09-21 12:13:05 [scheduling-1] INFO  c.m.b.k.service.DynamicRouteService - Starting route status sync with Camel context
2025-09-21 12:13:05 [main] INFO  c.m.b.k.service.SequenceFixService - Fixing sequence for integration_mapping.id ...
2025-09-21 12:13:05 [main] INFO  c.m.b.k.service.SequenceFixService - Sequence public.integration_mapping_id_seq initialized. setval returned 1
2025-09-21 12:13:05 [main] INFO  c.m.b.k.service.SequenceFixService - Sequence fix done.
2025-09-21 12:13:05 [scheduling-1] INFO  com.middleware.dhis2.Dhis2Component - Dhis2Component initialized.
2025-09-21 12:13:05 [scheduling-1] INFO  com.middleware.dhis2.Dhis2Endpoint - Dhis2Endpoint created for URI: hakeem://process with operation: process
2025-09-21 12:13:05 [scheduling-1] INFO  com.middleware.dhis2.Dhis2Component - Dhis2Service successfully looked up from Camel registry.
2025-09-21 12:13:05 [scheduling-1] INFO  com.middleware.dhis2.Dhis2Component - Created Dhis2Endpoint: hakeem://process
2025-09-21 12:13:06 [RMI TCP Connection(3)-192.168.88.5] INFO  o.a.c.c.C.[Tomcat].[localhost].[/] - Initializing Spring DispatcherServlet 'dispatcherServlet'
2025-09-21 12:13:06 [RMI TCP Connection(3)-192.168.88.5] INFO  o.s.web.servlet.DispatcherServlet - Initializing Servlet 'dispatcherServlet'
2025-09-21 12:13:06 [RMI TCP Connection(3)-192.168.88.5] DEBUG o.s.web.servlet.DispatcherServlet - Detected StandardServletMultipartResolver
2025-09-21 12:13:06 [RMI TCP Connection(3)-192.168.88.5] DEBUG o.s.web.servlet.DispatcherServlet - Detected AcceptHeaderLocaleResolver
2025-09-21 12:13:06 [RMI TCP Connection(3)-192.168.88.5] DEBUG o.s.web.servlet.DispatcherServlet - Detected FixedThemeResolver
2025-09-21 12:13:06 [RMI TCP Connection(3)-192.168.88.5] DEBUG o.s.web.servlet.DispatcherServlet - Detected org.springframework.web.servlet.view.DefaultRequestToViewNameTranslator@a7b7447
2025-09-21 12:13:06 [RMI TCP Connection(3)-192.168.88.5] DEBUG o.s.web.servlet.DispatcherServlet - Detected org.springframework.web.servlet.support.SessionFlashMapManager@29c7a145
2025-09-21 12:13:06 [RMI TCP Connection(3)-192.168.88.5] DEBUG o.s.web.servlet.DispatcherServlet - enableLoggingRequestDetails='false': request parameters and headers will be masked to prevent unsafe logging of potentially sensitive data
2025-09-21 12:13:06 [RMI TCP Connection(3)-192.168.88.5] INFO  o.s.web.servlet.DispatcherServlet - Completed initialization in 10 ms
2025-09-21 12:13:06 [scheduling-1] INFO  com.middleware.dhis2.Dhis2Endpoint - Creating Dhis2Producer for endpoint: hakeem://process with operation: process
2025-09-21 12:13:06 [scheduling-1] INFO  c.m.b.k.service.DynamicRouteService - Re-added route dhis2-hakeem-route to context (DB says active)
2025-09-21 12:13:06 [scheduling-1] INFO  c.m.b.k.service.DynamicRouteService - Completed route status sync
2025-09-21 12:13:15 [http-nio-8081-exec-2] DEBUG o.s.w.f.CommonsRequestLoggingFilter - Before request [POST /api/auth/login, client=0:0:0:0:0:0:0:1]
2025-09-21 12:13:15 [http-nio-8081-exec-2] DEBUG o.s.web.servlet.DispatcherServlet - POST "/api/auth/login", parameters={}
2025-09-21 12:13:15 [http-nio-8081-exec-2] DEBUG o.s.w.s.m.m.a.RequestMappingHandlerMapping - Mapped to com.middleware.backend.users.auth.AuthController#login(AuthRequest)
2025-09-21 12:13:15 [http-nio-8081-exec-2] DEBUG o.s.w.s.m.m.a.RequestResponseBodyMethodProcessor - Read "application/json;charset=UTF-8" to [AuthController.AuthRequest(email=admin@mail.com, password=S123@231)]
2025-09-21 12:13:16 [http-nio-8081-exec-2] DEBUG o.s.w.s.m.m.a.HttpEntityMethodProcessor - Using 'application/json', given [*/*] and supported [application/json, application/*+json, application/yaml]
2025-09-21 12:13:16 [http-nio-8081-exec-2] DEBUG o.s.w.s.m.m.a.HttpEntityMethodProcessor - Writing [AuthController.AuthResponse(token=eyJhbGciOiJIUzI1NiJ9.eyJzdWIiOiJhZG1pbkBtYWlsLmNvbSIsImlhdCI6MTc1O (truncated)...]
2025-09-21 12:13:16 [http-nio-8081-exec-2] DEBUG o.s.web.servlet.DispatcherServlet - Completed 200 OK
2025-09-21 12:13:16 [http-nio-8081-exec-2] DEBUG o.s.w.f.CommonsRequestLoggingFilter - After request [POST /api/auth/login, client=0:0:0:0:0:0:0:1, payload={"email":"admin@mail.com","password":"S123@231"}]
2025-09-21 12:13:25 [http-nio-8081-exec-4] INFO  c.m.b.k.service.DynamicRouteService - Fetching active routes with pagination
2025-09-21 12:13:25 [http-nio-8081-exec-4] DEBUG o.s.w.f.CommonsRequestLoggingFilter - Before request [GET /api/scheduledjobs?page=0&size=10&sortedBy=updatedAt&sortDirection=desc, client=0:0:0:0:0:0:0:1, user=admin@mail.com]
2025-09-21 12:13:25 [http-nio-8081-exec-4] DEBUG o.s.web.servlet.DispatcherServlet - GET "/api/scheduledjobs?page=0&size=10&sortedBy=updatedAt&sortDirection=desc", parameters={masked}
2025-09-21 12:13:25 [http-nio-8081-exec-4] DEBUG o.s.w.s.m.m.a.RequestMappingHandlerMapping - Mapped to com.middleware.backend.scheduledJobs.controller.ScheduledJobsController#getAll(String, String, String, Boolean, String, String, int, int)
2025-09-21 12:13:25 [http-nio-8081-exec-4] WARN  o.s.d.w.c.SpringDataJacksonConfiguration$PageModule$WarningLoggingModifier - Serializing PageImpl instances as-is is not supported, meaning that there is no guarantee about the stability of the resulting JSON structure!
	For a stable JSON structure, please use Spring Data's PagedModel (globally via @EnableSpringDataWebSupport(pageSerializationMode = VIA_DTO))
	or Spring HATEOAS and Spring Data's PagedResourcesAssembler as documented in https://docs.spring.io/spring-data/commons/reference/repositories/core-extensions.html#core.web.pageables.

2025-09-21 12:13:25 [http-nio-8081-exec-4] DEBUG o.s.w.s.m.m.a.HttpEntityMethodProcessor - Using 'application/json', given [application/json, text/javascript, */*;q=0.01] and supported [application/json, application/*+json, application/yaml]
2025-09-21 12:13:25 [http-nio-8081-exec-4] DEBUG o.s.w.s.m.m.a.HttpEntityMethodProcessor - Writing [Page 1 of 1 containing com.middleware.backend.scheduledJobs.model.ScheduledJobs instances]
2025-09-21 12:13:25 [http-nio-8081-exec-4] DEBUG o.s.web.servlet.DispatcherServlet - Completed 200 OK
2025-09-21 12:13:25 [http-nio-8081-exec-4] DEBUG o.s.w.f.CommonsRequestLoggingFilter - After request [GET /api/scheduledjobs?page=0&size=10&sortedBy=updatedAt&sortDirection=desc, client=0:0:0:0:0:0:0:1, user=admin@mail.com]
2025-09-21 12:13:35 [scheduling-1] INFO  c.m.b.k.service.DynamicRouteService - Starting route status sync with Camel context
2025-09-21 12:13:35 [scheduling-1] INFO  c.m.b.k.service.DynamicRouteService - Completed route status sync
2025-09-21 12:14:05 [scheduling-1] INFO  c.m.b.k.service.DynamicRouteService - Starting route status sync with Camel context
2025-09-21 12:14:05 [scheduling-1] INFO  c.m.b.k.service.DynamicRouteService - Completed route status sync
2025-09-21 12:14:35 [scheduling-1] INFO  c.m.b.k.service.DynamicRouteService - Starting route status sync with Camel context
2025-09-21 12:14:35 [scheduling-1] INFO  c.m.b.k.service.DynamicRouteService - Completed route status sync
2025-09-21 12:15:05 [scheduling-1] INFO  c.m.b.k.service.DynamicRouteService - Starting route status sync with Camel context
2025-09-21 12:15:05 [scheduling-1] INFO  c.m.b.k.service.DynamicRouteService - Completed route status sync
2025-09-21 12:15:35 [scheduling-1] INFO  c.m.b.k.service.DynamicRouteService - Starting route status sync with Camel context
2025-09-21 12:15:35 [scheduling-1] INFO  c.m.b.k.service.DynamicRouteService - Completed route status sync
2025-09-21 12:16:05 [scheduling-1] INFO  c.m.b.k.service.DynamicRouteService - Starting route status sync with Camel context
2025-09-21 12:16:05 [scheduling-1] INFO  c.m.b.k.service.DynamicRouteService - Completed route status sync
2025-09-21 12:16:35 [scheduling-1] INFO  c.m.b.k.service.DynamicRouteService - Starting route status sync with Camel context
2025-09-21 12:16:35 [scheduling-1] INFO  c.m.b.k.service.DynamicRouteService - Completed route status sync
2025-09-21 12:17:05 [scheduling-1] INFO  c.m.b.k.service.DynamicRouteService - Starting route status sync with Camel context
2025-09-21 12:17:05 [scheduling-1] INFO  c.m.b.k.service.DynamicRouteService - Completed route status sync
2025-09-21 12:17:35 [scheduling-1] INFO  c.m.b.k.service.DynamicRouteService - Starting route status sync with Camel context
2025-09-21 12:17:35 [scheduling-1] INFO  c.m.b.k.service.DynamicRouteService - Completed route status sync
2025-09-21 12:18:05 [scheduling-1] INFO  c.m.b.k.service.DynamicRouteService - Starting route status sync with Camel context
2025-09-21 12:18:05 [scheduling-1] INFO  c.m.b.k.service.DynamicRouteService - Completed route status sync
2025-09-21 12:18:35 [scheduling-1] INFO  c.m.b.k.service.DynamicRouteService - Starting route status sync with Camel context
2025-09-21 12:18:35 [scheduling-1] INFO  c.m.b.k.service.DynamicRouteService - Completed route status sync
2025-09-21 12:19:05 [scheduling-1] INFO  c.m.b.k.service.DynamicRouteService - Starting route status sync with Camel context
2025-09-21 12:19:05 [scheduling-1] INFO  c.m.b.k.service.DynamicRouteService - Completed route status sync
2025-09-21 12:19:05 [http-nio-8081-exec-6] INFO  c.m.b.k.service.DynamicRouteService - Fetching active routes with pagination
2025-09-21 12:19:06 [http-nio-8081-exec-6] DEBUG o.s.w.f.CommonsRequestLoggingFilter - Before request [GET /api/scheduledjobs?page=0&size=10&sortedBy=updatedAt&sortDirection=desc, client=0:0:0:0:0:0:0:1, user=admin@mail.com]
2025-09-21 12:19:06 [http-nio-8081-exec-6] DEBUG o.s.web.servlet.DispatcherServlet - GET "/api/scheduledjobs?page=0&size=10&sortedBy=updatedAt&sortDirection=desc", parameters={masked}
2025-09-21 12:19:06 [http-nio-8081-exec-6] DEBUG o.s.w.s.m.m.a.RequestMappingHandlerMapping - Mapped to com.middleware.backend.scheduledJobs.controller.ScheduledJobsController#getAll(String, String, String, Boolean, String, String, int, int)
2025-09-21 12:19:06 [http-nio-8081-exec-6] DEBUG o.s.w.s.m.m.a.HttpEntityMethodProcessor - Using 'application/json', given [application/json, text/javascript, */*;q=0.01] and supported [application/json, application/*+json, application/yaml]
2025-09-21 12:19:06 [http-nio-8081-exec-6] DEBUG o.s.w.s.m.m.a.HttpEntityMethodProcessor - Writing [Page 1 of 1 containing com.middleware.backend.scheduledJobs.model.ScheduledJobs instances]
2025-09-21 12:19:06 [http-nio-8081-exec-6] DEBUG o.s.web.servlet.DispatcherServlet - Completed 200 OK
2025-09-21 12:19:06 [http-nio-8081-exec-6] DEBUG o.s.w.f.CommonsRequestLoggingFilter - After request [GET /api/scheduledjobs?page=0&size=10&sortedBy=updatedAt&sortDirection=desc, client=0:0:0:0:0:0:0:1, user=admin@mail.com]
2025-09-21 12:19:06 [http-nio-8081-exec-8] INFO  c.m.b.k.service.DynamicRouteService - Fetching active routes with pagination
2025-09-21 12:19:06 [http-nio-8081-exec-8] DEBUG o.s.w.f.CommonsRequestLoggingFilter - Before request [GET /api/scheduledjobs?page=0&size=10&sortedBy=updatedAt&sortDirection=desc, client=0:0:0:0:0:0:0:1, user=admin@mail.com]
2025-09-21 12:19:06 [http-nio-8081-exec-8] DEBUG o.s.web.servlet.DispatcherServlet - GET "/api/scheduledjobs?page=0&size=10&sortedBy=updatedAt&sortDirection=desc", parameters={masked}
2025-09-21 12:19:06 [http-nio-8081-exec-8] DEBUG o.s.w.s.m.m.a.RequestMappingHandlerMapping - Mapped to com.middleware.backend.scheduledJobs.controller.ScheduledJobsController#getAll(String, String, String, Boolean, String, String, int, int)
2025-09-21 12:19:07 [http-nio-8081-exec-8] DEBUG o.s.w.s.m.m.a.HttpEntityMethodProcessor - Using 'application/json', given [application/json, text/javascript, */*;q=0.01] and supported [application/json, application/*+json, application/yaml]
2025-09-21 12:19:07 [http-nio-8081-exec-8] DEBUG o.s.w.s.m.m.a.HttpEntityMethodProcessor - Writing [Page 1 of 1 containing com.middleware.backend.scheduledJobs.model.ScheduledJobs instances]
2025-09-21 12:19:07 [http-nio-8081-exec-8] DEBUG o.s.web.servlet.DispatcherServlet - Completed 200 OK
2025-09-21 12:19:07 [http-nio-8081-exec-8] DEBUG o.s.w.f.CommonsRequestLoggingFilter - After request [GET /api/scheduledjobs?page=0&size=10&sortedBy=updatedAt&sortDirection=desc, client=0:0:0:0:0:0:0:1, user=admin@mail.com]
2025-09-21 12:19:35 [http-nio-8081-exec-9] INFO  c.m.b.k.service.DynamicRouteService - Fetching active routes with pagination
2025-09-21 12:19:35 [scheduling-1] INFO  c.m.b.k.service.DynamicRouteService - Starting route status sync with Camel context
2025-09-21 12:19:35 [scheduling-1] INFO  c.m.b.k.service.DynamicRouteService - Completed route status sync
2025-09-21 12:19:35 [http-nio-8081-exec-9] DEBUG o.s.w.f.CommonsRequestLoggingFilter - Before request [GET /api/scheduledjobs?page=0&size=10&sortedBy=updatedAt&sortDirection=desc, client=0:0:0:0:0:0:0:1, user=admin@mail.com]
2025-09-21 12:19:35 [http-nio-8081-exec-9] DEBUG o.s.web.servlet.DispatcherServlet - GET "/api/scheduledjobs?page=0&size=10&sortedBy=updatedAt&sortDirection=desc", parameters={masked}
2025-09-21 12:19:35 [http-nio-8081-exec-9] DEBUG o.s.w.s.m.m.a.RequestMappingHandlerMapping - Mapped to com.middleware.backend.scheduledJobs.controller.ScheduledJobsController#getAll(String, String, String, Boolean, String, String, int, int)
2025-09-21 12:19:35 [http-nio-8081-exec-9] DEBUG o.s.w.s.m.m.a.HttpEntityMethodProcessor - Using 'application/json', given [application/json, text/javascript, */*;q=0.01] and supported [application/json, application/*+json, application/yaml]
2025-09-21 12:19:35 [http-nio-8081-exec-9] DEBUG o.s.w.s.m.m.a.HttpEntityMethodProcessor - Writing [Page 1 of 1 containing com.middleware.backend.scheduledJobs.model.ScheduledJobs instances]
2025-09-21 12:19:35 [http-nio-8081-exec-9] DEBUG o.s.web.servlet.DispatcherServlet - Completed 200 OK
2025-09-21 12:19:35 [http-nio-8081-exec-9] DEBUG o.s.w.f.CommonsRequestLoggingFilter - After request [GET /api/scheduledjobs?page=0&size=10&sortedBy=updatedAt&sortDirection=desc, client=0:0:0:0:0:0:0:1, user=admin@mail.com]
2025-09-21 12:19:48 [http-nio-8081-exec-5] INFO  c.m.b.k.service.DynamicRouteService - Fetching active routes with pagination
2025-09-21 12:19:49 [http-nio-8081-exec-5] DEBUG o.s.w.f.CommonsRequestLoggingFilter - Before request [GET /api/scheduledjobs?page=0&size=10&sortedBy=updatedAt&sortDirection=desc, client=0:0:0:0:0:0:0:1, user=admin@mail.com]
2025-09-21 12:19:49 [http-nio-8081-exec-5] DEBUG o.s.web.servlet.DispatcherServlet - GET "/api/scheduledjobs?page=0&size=10&sortedBy=updatedAt&sortDirection=desc", parameters={masked}
2025-09-21 12:19:49 [http-nio-8081-exec-5] DEBUG o.s.w.s.m.m.a.RequestMappingHandlerMapping - Mapped to com.middleware.backend.scheduledJobs.controller.ScheduledJobsController#getAll(String, String, String, Boolean, String, String, int, int)
2025-09-21 12:19:49 [http-nio-8081-exec-5] DEBUG o.s.w.s.m.m.a.HttpEntityMethodProcessor - Using 'application/json', given [application/json, text/javascript, */*;q=0.01] and supported [application/json, application/*+json, application/yaml]
2025-09-21 12:19:49 [http-nio-8081-exec-5] DEBUG o.s.w.s.m.m.a.HttpEntityMethodProcessor - Writing [Page 1 of 1 containing com.middleware.backend.scheduledJobs.model.ScheduledJobs instances]
2025-09-21 12:19:49 [http-nio-8081-exec-5] DEBUG o.s.web.servlet.DispatcherServlet - Completed 200 OK
2025-09-21 12:19:49 [http-nio-8081-exec-5] DEBUG o.s.w.f.CommonsRequestLoggingFilter - After request [GET /api/scheduledjobs?page=0&size=10&sortedBy=updatedAt&sortDirection=desc, client=0:0:0:0:0:0:0:1, user=admin@mail.com]
2025-09-21 12:20:05 [scheduling-1] INFO  c.m.b.k.service.DynamicRouteService - Starting route status sync with Camel context
2025-09-21 12:20:05 [scheduling-1] INFO  c.m.b.k.service.DynamicRouteService - Completed route status sync
2025-09-21 12:20:12 [http-nio-8081-exec-10] INFO  c.m.b.k.service.DynamicRouteService - Fetching active routes with pagination
2025-09-21 12:20:12 [http-nio-8081-exec-10] DEBUG o.s.w.f.CommonsRequestLoggingFilter - Before request [GET /api/scheduledjobs?page=0&size=10&sortedBy=updatedAt&sortDirection=desc, client=0:0:0:0:0:0:0:1, user=admin@mail.com]
2025-09-21 12:20:12 [http-nio-8081-exec-10] DEBUG o.s.web.servlet.DispatcherServlet - GET "/api/scheduledjobs?page=0&size=10&sortedBy=updatedAt&sortDirection=desc", parameters={masked}
2025-09-21 12:20:12 [http-nio-8081-exec-10] DEBUG o.s.w.s.m.m.a.RequestMappingHandlerMapping - Mapped to com.middleware.backend.scheduledJobs.controller.ScheduledJobsController#getAll(String, String, String, Boolean, String, String, int, int)
2025-09-21 12:20:12 [http-nio-8081-exec-10] DEBUG o.s.w.s.m.m.a.HttpEntityMethodProcessor - Using 'application/json', given [application/json, text/javascript, */*;q=0.01] and supported [application/json, application/*+json, application/yaml]
2025-09-21 12:20:12 [http-nio-8081-exec-10] DEBUG o.s.w.s.m.m.a.HttpEntityMethodProcessor - Writing [Page 1 of 1 containing com.middleware.backend.scheduledJobs.model.ScheduledJobs instances]
2025-09-21 12:20:12 [http-nio-8081-exec-10] DEBUG o.s.web.servlet.DispatcherServlet - Completed 200 OK
2025-09-21 12:20:12 [http-nio-8081-exec-10] DEBUG o.s.w.f.CommonsRequestLoggingFilter - After request [GET /api/scheduledjobs?page=0&size=10&sortedBy=updatedAt&sortDirection=desc, client=0:0:0:0:0:0:0:1, user=admin@mail.com]
2025-09-21 12:20:35 [scheduling-1] INFO  c.m.b.k.service.DynamicRouteService - Starting route status sync with Camel context
2025-09-21 12:20:35 [scheduling-1] INFO  c.m.b.k.service.DynamicRouteService - Completed route status sync
2025-09-21 12:20:50 [http-nio-8081-exec-1] INFO  c.m.b.k.service.DynamicRouteService - Fetching active routes with pagination
2025-09-21 12:20:50 [http-nio-8081-exec-1] DEBUG o.s.w.f.CommonsRequestLoggingFilter - Before request [GET /api/scheduledjobs?page=0&size=10&sortedBy=updatedAt&sortDirection=desc, client=0:0:0:0:0:0:0:1, user=admin@mail.com]
2025-09-21 12:20:50 [http-nio-8081-exec-1] DEBUG o.s.web.servlet.DispatcherServlet - GET "/api/scheduledjobs?page=0&size=10&sortedBy=updatedAt&sortDirection=desc", parameters={masked}
2025-09-21 12:20:50 [http-nio-8081-exec-1] DEBUG o.s.w.s.m.m.a.RequestMappingHandlerMapping - Mapped to com.middleware.backend.scheduledJobs.controller.ScheduledJobsController#getAll(String, String, String, Boolean, String, String, int, int)
2025-09-21 12:20:50 [http-nio-8081-exec-1] DEBUG o.s.w.s.m.m.a.HttpEntityMethodProcessor - Using 'application/json', given [application/json, text/javascript, */*;q=0.01] and supported [application/json, application/*+json, application/yaml]
2025-09-21 12:20:50 [http-nio-8081-exec-1] DEBUG o.s.w.s.m.m.a.HttpEntityMethodProcessor - Writing [Page 1 of 1 containing com.middleware.backend.scheduledJobs.model.ScheduledJobs instances]
2025-09-21 12:20:50 [http-nio-8081-exec-1] DEBUG o.s.web.servlet.DispatcherServlet - Completed 200 OK
2025-09-21 12:20:50 [http-nio-8081-exec-1] DEBUG o.s.w.f.CommonsRequestLoggingFilter - After request [GET /api/scheduledjobs?page=0&size=10&sortedBy=updatedAt&sortDirection=desc, client=0:0:0:0:0:0:0:1, user=admin@mail.com]
2025-09-21 12:20:55 [http-nio-8081-exec-2] INFO  c.m.b.k.service.DynamicRouteService - Fetching active routes with pagination
2025-09-21 12:20:55 [http-nio-8081-exec-2] DEBUG o.s.w.f.CommonsRequestLoggingFilter - Before request [GET /api/scheduledjobs?page=0&size=10&sortedBy=updatedAt&sortDirection=desc, client=0:0:0:0:0:0:0:1, user=admin@mail.com]
2025-09-21 12:20:55 [http-nio-8081-exec-2] DEBUG o.s.web.servlet.DispatcherServlet - GET "/api/scheduledjobs?page=0&size=10&sortedBy=updatedAt&sortDirection=desc", parameters={masked}
2025-09-21 12:20:55 [http-nio-8081-exec-2] DEBUG o.s.w.s.m.m.a.RequestMappingHandlerMapping - Mapped to com.middleware.backend.scheduledJobs.controller.ScheduledJobsController#getAll(String, String, String, Boolean, String, String, int, int)
2025-09-21 12:20:56 [http-nio-8081-exec-2] DEBUG o.s.w.s.m.m.a.HttpEntityMethodProcessor - Using 'application/json', given [application/json, text/javascript, */*;q=0.01] and supported [application/json, application/*+json, application/yaml]
2025-09-21 12:20:56 [http-nio-8081-exec-2] DEBUG o.s.w.s.m.m.a.HttpEntityMethodProcessor - Writing [Page 1 of 1 containing com.middleware.backend.scheduledJobs.model.ScheduledJobs instances]
2025-09-21 12:20:56 [http-nio-8081-exec-2] DEBUG o.s.web.servlet.DispatcherServlet - Completed 200 OK
2025-09-21 12:20:56 [http-nio-8081-exec-2] DEBUG o.s.w.f.CommonsRequestLoggingFilter - After request [GET /api/scheduledjobs?page=0&size=10&sortedBy=updatedAt&sortDirection=desc, client=0:0:0:0:0:0:0:1, user=admin@mail.com]
2025-09-21 12:21:01 [http-nio-8081-exec-3] INFO  c.m.b.k.service.DynamicRouteService - Fetching active routes with pagination
2025-09-21 12:21:01 [http-nio-8081-exec-3] DEBUG o.s.w.f.CommonsRequestLoggingFilter - Before request [GET /api/scheduledjobs?page=0&size=10&sortedBy=updatedAt&sortDirection=desc, client=0:0:0:0:0:0:0:1, user=admin@mail.com]
2025-09-21 12:21:01 [http-nio-8081-exec-3] DEBUG o.s.web.servlet.DispatcherServlet - GET "/api/scheduledjobs?page=0&size=10&sortedBy=updatedAt&sortDirection=desc", parameters={masked}
2025-09-21 12:21:01 [http-nio-8081-exec-3] DEBUG o.s.w.s.m.m.a.RequestMappingHandlerMapping - Mapped to com.middleware.backend.scheduledJobs.controller.ScheduledJobsController#getAll(String, String, String, Boolean, String, String, int, int)
2025-09-21 12:21:01 [http-nio-8081-exec-3] DEBUG o.s.w.s.m.m.a.HttpEntityMethodProcessor - Using 'application/json', given [application/json, text/javascript, */*;q=0.01] and supported [application/json, application/*+json, application/yaml]
2025-09-21 12:21:01 [http-nio-8081-exec-3] DEBUG o.s.w.s.m.m.a.HttpEntityMethodProcessor - Writing [Page 1 of 1 containing com.middleware.backend.scheduledJobs.model.ScheduledJobs instances]
2025-09-21 12:21:02 [http-nio-8081-exec-3] DEBUG o.s.web.servlet.DispatcherServlet - Completed 200 OK
2025-09-21 12:21:02 [http-nio-8081-exec-3] DEBUG o.s.w.f.CommonsRequestLoggingFilter - After request [GET /api/scheduledjobs?page=0&size=10&sortedBy=updatedAt&sortDirection=desc, client=0:0:0:0:0:0:0:1, user=admin@mail.com]
2025-09-21 12:21:05 [scheduling-1] INFO  c.m.b.k.service.DynamicRouteService - Starting route status sync with Camel context
2025-09-21 12:21:05 [scheduling-1] INFO  c.m.b.k.service.DynamicRouteService - Completed route status sync
2025-09-21 12:21:10 [http-nio-8081-exec-4] INFO  c.m.b.k.service.DynamicRouteService - Fetching active routes with pagination
2025-09-21 12:21:10 [http-nio-8081-exec-4] DEBUG o.s.w.f.CommonsRequestLoggingFilter - Before request [GET /api/scheduledjobs?page=0&size=10&sortedBy=updatedAt&sortDirection=desc, client=0:0:0:0:0:0:0:1, user=admin@mail.com]
2025-09-21 12:21:10 [http-nio-8081-exec-4] DEBUG o.s.web.servlet.DispatcherServlet - GET "/api/scheduledjobs?page=0&size=10&sortedBy=updatedAt&sortDirection=desc", parameters={masked}
2025-09-21 12:21:10 [http-nio-8081-exec-4] DEBUG o.s.w.s.m.m.a.RequestMappingHandlerMapping - Mapped to com.middleware.backend.scheduledJobs.controller.ScheduledJobsController#getAll(String, String, String, Boolean, String, String, int, int)
2025-09-21 12:21:10 [http-nio-8081-exec-4] DEBUG o.s.w.s.m.m.a.HttpEntityMethodProcessor - Using 'application/json', given [application/json, text/javascript, */*;q=0.01] and supported [application/json, application/*+json, application/yaml]
2025-09-21 12:21:10 [http-nio-8081-exec-4] DEBUG o.s.w.s.m.m.a.HttpEntityMethodProcessor - Writing [Page 1 of 1 containing com.middleware.backend.scheduledJobs.model.ScheduledJobs instances]
2025-09-21 12:21:10 [http-nio-8081-exec-4] DEBUG o.s.web.servlet.DispatcherServlet - Completed 200 OK
2025-09-21 12:21:10 [http-nio-8081-exec-4] DEBUG o.s.w.f.CommonsRequestLoggingFilter - After request [GET /api/scheduledjobs?page=0&size=10&sortedBy=updatedAt&sortDirection=desc, client=0:0:0:0:0:0:0:1, user=admin@mail.com]
2025-09-21 12:21:22 [http-nio-8081-exec-7] INFO  c.m.b.k.service.DynamicRouteService - Fetching active routes with pagination
2025-09-21 12:21:22 [http-nio-8081-exec-7] DEBUG o.s.w.f.CommonsRequestLoggingFilter - Before request [GET /api/scheduledjobs?page=0&size=10&sortedBy=updatedAt&sortDirection=desc, client=0:0:0:0:0:0:0:1, user=admin@mail.com]
2025-09-21 12:21:22 [http-nio-8081-exec-7] DEBUG o.s.web.servlet.DispatcherServlet - GET "/api/scheduledjobs?page=0&size=10&sortedBy=updatedAt&sortDirection=desc", parameters={masked}
2025-09-21 12:21:22 [http-nio-8081-exec-7] DEBUG o.s.w.s.m.m.a.RequestMappingHandlerMapping - Mapped to com.middleware.backend.scheduledJobs.controller.ScheduledJobsController#getAll(String, String, String, Boolean, String, String, int, int)
2025-09-21 12:21:22 [http-nio-8081-exec-7] DEBUG o.s.w.s.m.m.a.HttpEntityMethodProcessor - Using 'application/json', given [application/json, text/javascript, */*;q=0.01] and supported [application/json, application/*+json, application/yaml]
2025-09-21 12:21:22 [http-nio-8081-exec-7] DEBUG o.s.w.s.m.m.a.HttpEntityMethodProcessor - Writing [Page 1 of 1 containing com.middleware.backend.scheduledJobs.model.ScheduledJobs instances]
2025-09-21 12:21:22 [http-nio-8081-exec-7] DEBUG o.s.web.servlet.DispatcherServlet - Completed 200 OK
2025-09-21 12:21:22 [http-nio-8081-exec-7] DEBUG o.s.w.f.CommonsRequestLoggingFilter - After request [GET /api/scheduledjobs?page=0&size=10&sortedBy=updatedAt&sortDirection=desc, client=0:0:0:0:0:0:0:1, user=admin@mail.com]
2025-09-21 12:21:27 [http-nio-8081-exec-6] INFO  c.m.b.k.service.DynamicRouteService - Fetching active routes with pagination
2025-09-21 12:21:27 [http-nio-8081-exec-6] DEBUG o.s.w.f.CommonsRequestLoggingFilter - Before request [GET /api/scheduledjobs?page=0&size=10&sortedBy=updatedAt&sortDirection=desc, client=0:0:0:0:0:0:0:1, user=admin@mail.com]
2025-09-21 12:21:27 [http-nio-8081-exec-6] DEBUG o.s.web.servlet.DispatcherServlet - GET "/api/scheduledjobs?page=0&size=10&sortedBy=updatedAt&sortDirection=desc", parameters={masked}
2025-09-21 12:21:27 [http-nio-8081-exec-6] DEBUG o.s.w.s.m.m.a.RequestMappingHandlerMapping - Mapped to com.middleware.backend.scheduledJobs.controller.ScheduledJobsController#getAll(String, String, String, Boolean, String, String, int, int)
2025-09-21 12:21:27 [http-nio-8081-exec-6] DEBUG o.s.w.s.m.m.a.HttpEntityMethodProcessor - Using 'application/json', given [application/json, text/javascript, */*;q=0.01] and supported [application/json, application/*+json, application/yaml]
2025-09-21 12:21:27 [http-nio-8081-exec-6] DEBUG o.s.w.s.m.m.a.HttpEntityMethodProcessor - Writing [Page 1 of 1 containing com.middleware.backend.scheduledJobs.model.ScheduledJobs instances]
2025-09-21 12:21:27 [http-nio-8081-exec-6] DEBUG o.s.web.servlet.DispatcherServlet - Completed 200 OK
2025-09-21 12:21:27 [http-nio-8081-exec-6] DEBUG o.s.w.f.CommonsRequestLoggingFilter - After request [GET /api/scheduledjobs?page=0&size=10&sortedBy=updatedAt&sortDirection=desc, client=0:0:0:0:0:0:0:1, user=admin@mail.com]
2025-09-21 12:21:35 [scheduling-1] INFO  c.m.b.k.service.DynamicRouteService - Starting route status sync with Camel context
2025-09-21 12:21:35 [scheduling-1] INFO  c.m.b.k.service.DynamicRouteService - Completed route status sync
2025-09-21 12:22:05 [scheduling-1] INFO  c.m.b.k.service.DynamicRouteService - Starting route status sync with Camel context
2025-09-21 12:22:05 [scheduling-1] INFO  c.m.b.k.service.DynamicRouteService - Completed route status sync
2025-09-21 12:22:30 [http-nio-8081-exec-9] INFO  c.m.b.k.service.DynamicRouteService - Fetching active routes with pagination
2025-09-21 12:22:31 [http-nio-8081-exec-9] DEBUG o.s.w.f.CommonsRequestLoggingFilter - Before request [GET /api/scheduledjobs?page=0&size=10&sortedBy=updatedAt&sortDirection=desc, client=0:0:0:0:0:0:0:1, user=admin@mail.com]
2025-09-21 12:22:31 [http-nio-8081-exec-9] DEBUG o.s.web.servlet.DispatcherServlet - GET "/api/scheduledjobs?page=0&size=10&sortedBy=updatedAt&sortDirection=desc", parameters={masked}
2025-09-21 12:22:31 [http-nio-8081-exec-9] DEBUG o.s.w.s.m.m.a.RequestMappingHandlerMapping - Mapped to com.middleware.backend.scheduledJobs.controller.ScheduledJobsController#getAll(String, String, String, Boolean, String, String, int, int)
2025-09-21 12:22:31 [http-nio-8081-exec-9] DEBUG o.s.w.s.m.m.a.HttpEntityMethodProcessor - Using 'application/json', given [application/json, text/javascript, */*;q=0.01] and supported [application/json, application/*+json, application/yaml]
2025-09-21 12:22:31 [http-nio-8081-exec-9] DEBUG o.s.w.s.m.m.a.HttpEntityMethodProcessor - Writing [Page 1 of 1 containing com.middleware.backend.scheduledJobs.model.ScheduledJobs instances]
2025-09-21 12:22:31 [http-nio-8081-exec-9] DEBUG o.s.web.servlet.DispatcherServlet - Completed 200 OK
2025-09-21 12:22:31 [http-nio-8081-exec-9] DEBUG o.s.w.f.CommonsRequestLoggingFilter - After request [GET /api/scheduledjobs?page=0&size=10&sortedBy=updatedAt&sortDirection=desc, client=0:0:0:0:0:0:0:1, user=admin@mail.com]
2025-09-21 12:22:35 [scheduling-1] INFO  c.m.b.k.service.DynamicRouteService - Starting route status sync with Camel context
2025-09-21 12:22:35 [scheduling-1] INFO  c.m.b.k.service.DynamicRouteService - Completed route status sync
2025-09-21 12:22:37 [http-nio-8081-exec-5] INFO  c.m.b.k.service.DynamicRouteService - Fetching active routes with pagination
2025-09-21 12:22:37 [http-nio-8081-exec-5] DEBUG o.s.w.f.CommonsRequestLoggingFilter - Before request [GET /api/scheduledjobs?page=0&size=10&sortedBy=updatedAt&sortDirection=desc, client=0:0:0:0:0:0:0:1, user=admin@mail.com]
2025-09-21 12:22:37 [http-nio-8081-exec-5] DEBUG o.s.web.servlet.DispatcherServlet - GET "/api/scheduledjobs?page=0&size=10&sortedBy=updatedAt&sortDirection=desc", parameters={masked}
2025-09-21 12:22:37 [http-nio-8081-exec-5] DEBUG o.s.w.s.m.m.a.RequestMappingHandlerMapping - Mapped to com.middleware.backend.scheduledJobs.controller.ScheduledJobsController#getAll(String, String, String, Boolean, String, String, int, int)
2025-09-21 12:22:38 [http-nio-8081-exec-5] DEBUG o.s.w.s.m.m.a.HttpEntityMethodProcessor - Using 'application/json', given [application/json, text/javascript, */*;q=0.01] and supported [application/json, application/*+json, application/yaml]
2025-09-21 12:22:38 [http-nio-8081-exec-5] DEBUG o.s.w.s.m.m.a.HttpEntityMethodProcessor - Writing [Page 1 of 1 containing com.middleware.backend.scheduledJobs.model.ScheduledJobs instances]
2025-09-21 12:22:38 [http-nio-8081-exec-5] DEBUG o.s.web.servlet.DispatcherServlet - Completed 200 OK
2025-09-21 12:22:38 [http-nio-8081-exec-5] DEBUG o.s.w.f.CommonsRequestLoggingFilter - After request [GET /api/scheduledjobs?page=0&size=10&sortedBy=updatedAt&sortDirection=desc, client=0:0:0:0:0:0:0:1, user=admin@mail.com]
2025-09-21 12:23:05 [scheduling-1] INFO  c.m.b.k.service.DynamicRouteService - Starting route status sync with Camel context
2025-09-21 12:23:05 [scheduling-1] INFO  c.m.b.k.service.DynamicRouteService - Completed route status sync
2025-09-21 12:23:35 [scheduling-1] INFO  c.m.b.k.service.DynamicRouteService - Starting route status sync with Camel context
2025-09-21 12:23:35 [scheduling-1] INFO  c.m.b.k.service.DynamicRouteService - Completed route status sync
2025-09-21 12:24:05 [scheduling-1] INFO  c.m.b.k.service.DynamicRouteService - Starting route status sync with Camel context
2025-09-21 12:24:05 [scheduling-1] INFO  c.m.b.k.service.DynamicRouteService - Completed route status sync
2025-09-21 12:24:35 [scheduling-1] INFO  c.m.b.k.service.DynamicRouteService - Starting route status sync with Camel context
2025-09-21 12:24:35 [scheduling-1] INFO  c.m.b.k.service.DynamicRouteService - Completed route status sync
2025-09-21 12:25:05 [scheduling-1] INFO  c.m.b.k.service.DynamicRouteService - Starting route status sync with Camel context
2025-09-21 12:25:05 [scheduling-1] INFO  c.m.b.k.service.DynamicRouteService - Completed route status sync
2025-09-21 12:25:35 [scheduling-1] INFO  c.m.b.k.service.DynamicRouteService - Starting route status sync with Camel context
2025-09-21 12:25:35 [scheduling-1] INFO  c.m.b.k.service.DynamicRouteService - Completed route status sync
2025-09-21 12:26:05 [scheduling-1] INFO  c.m.b.k.service.DynamicRouteService - Starting route status sync with Camel context
2025-09-21 12:26:05 [scheduling-1] INFO  c.m.b.k.service.DynamicRouteService - Completed route status sync
2025-09-21 12:26:35 [scheduling-1] INFO  c.m.b.k.service.DynamicRouteService - Starting route status sync with Camel context
2025-09-21 12:26:35 [scheduling-1] INFO  c.m.b.k.service.DynamicRouteService - Completed route status sync
2025-09-21 12:27:05 [scheduling-1] INFO  c.m.b.k.service.DynamicRouteService - Starting route status sync with Camel context
2025-09-21 12:27:05 [scheduling-1] INFO  c.m.b.k.service.DynamicRouteService - Completed route status sync
2025-09-21 12:27:35 [scheduling-1] INFO  c.m.b.k.service.DynamicRouteService - Starting route status sync with Camel context
2025-09-21 12:27:35 [scheduling-1] INFO  c.m.b.k.service.DynamicRouteService - Completed route status sync
2025-09-21 12:28:05 [scheduling-1] INFO  c.m.b.k.service.DynamicRouteService - Starting route status sync with Camel context
2025-09-21 12:28:05 [scheduling-1] INFO  c.m.b.k.service.DynamicRouteService - Completed route status sync
2025-09-21 12:28:35 [scheduling-1] INFO  c.m.b.k.service.DynamicRouteService - Starting route status sync with Camel context
2025-09-21 12:28:35 [scheduling-1] INFO  c.m.b.k.service.DynamicRouteService - Completed route status sync
2025-09-21 12:29:05 [scheduling-1] INFO  c.m.b.k.service.DynamicRouteService - Starting route status sync with Camel context
2025-09-21 12:29:05 [scheduling-1] INFO  c.m.b.k.service.DynamicRouteService - Completed route status sync
2025-09-21 12:29:35 [scheduling-1] INFO  c.m.b.k.service.DynamicRouteService - Starting route status sync with Camel context
2025-09-21 12:29:35 [scheduling-1] INFO  c.m.b.k.service.DynamicRouteService - Completed route status sync
2025-09-21 12:30:05 [scheduling-1] INFO  c.m.b.k.service.DynamicRouteService - Starting route status sync with Camel context
2025-09-21 12:30:05 [scheduling-1] INFO  c.m.b.k.service.DynamicRouteService - Completed route status sync
2025-09-21 12:30:35 [scheduling-1] INFO  c.m.b.k.service.DynamicRouteService - Starting route status sync with Camel context
2025-09-21 12:30:35 [scheduling-1] INFO  c.m.b.k.service.DynamicRouteService - Completed route status sync
2025-09-21 12:31:05 [scheduling-1] INFO  c.m.b.k.service.DynamicRouteService - Starting route status sync with Camel context
2025-09-21 12:31:05 [scheduling-1] INFO  c.m.b.k.service.DynamicRouteService - Completed route status sync
2025-09-21 12:31:35 [scheduling-1] INFO  c.m.b.k.service.DynamicRouteService - Starting route status sync with Camel context
2025-09-21 12:31:35 [scheduling-1] INFO  c.m.b.k.service.DynamicRouteService - Completed route status sync
2025-09-21 12:32:00 [quartzScheduler_Worker-1] DEBUG o.s.web.client.RestTemplate - HTTP GET https://api.example.com/endpoint
2025-09-21 12:32:00 [quartzScheduler_Worker-1] DEBUG o.s.web.client.RestTemplate - Accept=[text/plain, application/json, application/yaml, application/*+json, */*]
2025-09-21 12:32:00 [quartzScheduler_Worker-1] DEBUG o.s.web.client.RestTemplate - Writing [] as "application/json"
2025-09-21 12:32:05 [scheduling-1] INFO  c.m.b.k.service.DynamicRouteService - Starting route status sync with Camel context
2025-09-21 12:32:05 [scheduling-1] INFO  c.m.b.k.service.DynamicRouteService - Completed route status sync
2025-09-21 12:32:22 [SpringApplicationShutdownHook] INFO  org.quartz.core.QuartzScheduler - Scheduler quartzScheduler_$_NON_CLUSTERED paused.
2025-09-21 12:32:22 [SpringApplicationShutdownHook] INFO  o.a.c.i.engine.AbstractCamelContext - Apache Camel 4.4.0 (camel-1) is shutting down (timeout:45s)
2025-09-21 12:32:22 [SpringApplicationShutdownHook] INFO  o.a.c.i.engine.AbstractCamelContext - Routes stopped (stopped:1)
2025-09-21 12:32:22 [SpringApplicationShutdownHook] INFO  o.a.c.i.engine.AbstractCamelContext -     Stopped dhis2-hakeem-route (rest://post:/dhis2/dataset)
2025-09-21 12:32:22 [SpringApplicationShutdownHook] INFO  o.a.c.i.engine.AbstractCamelContext - Apache Camel 4.4.0 (camel-1) shutdown in 12ms (uptime:19m17s)
2025-09-21 12:32:22 [SpringApplicationShutdownHook] INFO  org.quartz.core.QuartzScheduler - Scheduler quartzScheduler_$_NON_CLUSTERED shutting down.
2025-09-21 12:32:22 [SpringApplicationShutdownHook] INFO  org.quartz.core.QuartzScheduler - Scheduler quartzScheduler_$_NON_CLUSTERED paused.
2025-09-21 12:32:22 [SpringApplicationShutdownHook] INFO  org.quartz.core.QuartzScheduler - Scheduler quartzScheduler_$_NON_CLUSTERED shutdown complete.
2025-09-21 12:32:22 [SpringApplicationShutdownHook] INFO  o.a.c.c.s.CamelHttpTransportServlet - Destroyed CamelHttpTransportServlet[CamelServlet]
