2025-11-16 13:02:18 [background-preinit] INFO  o.h.validator.internal.util.Version - HV000001: Hibernate Validator 8.0.2.Final
2025-11-16 13:02:18 [main] INFO  c.middleware.MiddlewareApplication - Starting MiddlewareApplication using Java 21.0.9 with PID 23272 (C:\Users\1\OneDrive\Desktop\middleware\target\classes started by 1 in C:\Users\1\OneDrive\Desktop\middleware)
2025-11-16 13:02:18 [main] INFO  c.middleware.MiddlewareApplication - No active profile set, falling back to 1 default profile: "default"
2025-11-16 13:02:21 [main] INFO  o.a.coyote.http11.Http11NioProtocol - Initializing ProtocolHandler ["http-nio-8081"]
2025-11-16 13:02:21 [main] INFO  o.a.catalina.core.StandardService - Starting service [Tomcat]
2025-11-16 13:02:21 [main] INFO  o.a.catalina.core.StandardEngine - Starting Servlet engine: [Apache Tomcat/10.1.39]
2025-11-16 13:02:21 [main] INFO  o.a.c.c.C.[Tomcat].[localhost].[/] - Initializing Spring embedded WebApplicationContext
2025-11-16 13:02:21 [main] INFO  o.h.jpa.internal.util.LogHelper - HHH000204: Processing PersistenceUnitInfo [name: default]
2025-11-16 13:02:21 [main] INFO  org.hibernate.Version - HHH000412: Hibernate ORM core version 6.6.11.Final
2025-11-16 13:02:21 [main] INFO  o.h.c.i.RegionFactoryInitiator - HHH000026: Second-level cache disabled
2025-11-16 13:02:21 [main] WARN  org.hibernate.orm.deprecation - HHH90000025: PostgreSQLDialect does not need to be specified explicitly using 'hibernate.dialect' (remove the property setting and it will be selected by default)
2025-11-16 13:02:21 [main] INFO  o.hibernate.orm.connections.pooling - HHH10001005: Database info:
	Database JDBC URL [Connecting through datasource 'org.springframework.jdbc.datasource.DriverManagerDataSource@2bee1c13']
	Database driver: undefined/unknown
	Database version: 17.0
	Autocommit mode: undefined/unknown
	Isolation level: undefined/unknown
	Minimum pool size: undefined/unknown
	Maximum pool size: undefined/unknown
2025-11-16 13:02:23 [main] INFO  o.h.e.t.j.p.i.JtaPlatformInitiator - HHH000489: No JTA platform available (set 'hibernate.transaction.jta.platform' to enable JTA platform integration)
2025-11-16 13:02:25 [main] DEBUG o.a.camel.spring.SpringCamelContext - Set the application context classloader to: TomcatEmbeddedWebappClassLoader
  context: ROOT
  delegate: true
----------> Parent Classloader:
jdk.internal.loader.ClassLoaders$AppClassLoader@76ed5528

2025-11-16 13:02:25 [main] DEBUG o.a.camel.support.LRUCacheFactory - Creating DefaultLRUCacheFactory
2025-11-16 13:02:25 [main] DEBUG o.a.c.i.e.DefaultCamelContextExtension - Setting up management with factory: org.apache.camel.impl.engine.DefaultManagementStrategyFactory@c7b276
2025-11-16 13:02:25 [main] DEBUG o.a.camel.support.ResolverHelper - Found HealthCheckRegistry: org.apache.camel.impl.health.DefaultHealthCheckRegistry via: META-INF/services/org/apache/camel/health-check/default-registry
2025-11-16 13:02:25 [main] DEBUG o.a.camel.support.ResolverHelper - Detected and using HealthCheckRegistry: org.apache.camel.impl.health.DefaultHealthCheckRegistry@27bd53d5
2025-11-16 13:02:25 [main] DEBUG o.a.c.i.h.DefaultHealthCheckRegistry - HealthCheckRepository with id registry-health-check-repository successfully registered
2025-11-16 13:02:25 [main] DEBUG o.a.c.i.c.BaseTypeConverterRegistry - Loading file META-INF/services/org/apache/camel/TypeConverterLoader to retrieve list of type converters, from url: jar:file:/C:/Users/1/.m2/repository/org/apache/camel/camel-spring/4.4.0/camel-spring-4.4.0.jar!/META-INF/services/org/apache/camel/TypeConverterLoader
2025-11-16 13:02:25 [main] DEBUG o.a.c.i.c.BaseTypeConverterRegistry - Loading file META-INF/services/org/apache/camel/TypeConverterLoader to retrieve list of type converters, from url: jar:file:/C:/Users/1/.m2/repository/org/apache/camel/camel-xml-jaxp/4.4.0/camel-xml-jaxp-4.4.0.jar!/META-INF/services/org/apache/camel/TypeConverterLoader
2025-11-16 13:02:25 [main] DEBUG o.a.c.i.c.BaseTypeConverterRegistry - Loading file META-INF/services/org/apache/camel/TypeConverterLoader to retrieve list of type converters, from url: jar:file:/C:/Users/1/.m2/repository/org/apache/camel/camel-http/4.4.0/camel-http-4.4.0.jar!/META-INF/services/org/apache/camel/TypeConverterLoader
2025-11-16 13:02:25 [main] DEBUG o.a.c.i.c.BaseTypeConverterRegistry - Loading file META-INF/services/org/apache/camel/TypeConverterLoader to retrieve list of type converters, from url: jar:file:/C:/Users/1/.m2/repository/org/apache/camel/camel-http-common/4.4.0/camel-http-common-4.4.0.jar!/META-INF/services/org/apache/camel/TypeConverterLoader
2025-11-16 13:02:25 [main] DEBUG o.a.c.i.c.BaseTypeConverterRegistry - Loading file META-INF/services/org/apache/camel/TypeConverterLoader to retrieve list of type converters, from url: jar:file:/C:/Users/1/.m2/repository/org/apache/camel/camel-attachments/4.4.0/camel-attachments-4.4.0.jar!/META-INF/services/org/apache/camel/TypeConverterLoader
2025-11-16 13:02:25 [main] DEBUG o.a.c.i.c.BaseTypeConverterRegistry - Loading file META-INF/services/org/apache/camel/TypeConverterLoader to retrieve list of type converters, from url: jar:file:/C:/Users/1/.m2/repository/org/apache/camel/camel-jackson/4.4.0/camel-jackson-4.4.0.jar!/META-INF/services/org/apache/camel/TypeConverterLoader
2025-11-16 13:02:25 [main] DEBUG o.a.c.i.c.BaseTypeConverterRegistry - Loading file META-INF/services/org/apache/camel/TypeConverterLoader to retrieve list of type converters, from url: jar:file:/C:/Users/1/.m2/repository/org/apache/camel/camel-support/4.4.0/camel-support-4.4.0.jar!/META-INF/services/org/apache/camel/TypeConverterLoader
2025-11-16 13:02:25 [main] DEBUG o.a.c.i.c.BaseTypeConverterRegistry - Loading file META-INF/services/org/apache/camel/TypeConverterLoader to retrieve list of type converters, from url: jar:file:/C:/Users/1/.m2/repository/org/apache/camel/camel-file/4.4.0/camel-file-4.4.0.jar!/META-INF/services/org/apache/camel/TypeConverterLoader
2025-11-16 13:02:25 [main] DEBUG o.a.c.i.c.BaseTypeConverterRegistry - Loading file META-INF/services/org/apache/camel/TypeConverterLoader to retrieve list of type converters, from url: jar:file:/C:/Users/1/.m2/repository/org/apache/camel/camel-base/4.4.0/camel-base-4.4.0.jar!/META-INF/services/org/apache/camel/TypeConverterLoader
2025-11-16 13:02:25 [main] DEBUG o.a.c.i.c.BaseTypeConverterRegistry - Loading file META-INF/services/org/apache/camel/TypeConverterLoader to retrieve list of type converters, from url: jar:file:/C:/Users/1/.m2/repository/org/apache/camel/camel-spring/4.4.0/camel-spring-4.4.0.jar!/META-INF/services/org/apache/camel/TypeConverterLoader
2025-11-16 13:02:25 [main] DEBUG o.a.c.i.c.BaseTypeConverterRegistry - Loading file META-INF/services/org/apache/camel/TypeConverterLoader to retrieve list of type converters, from url: jar:file:/C:/Users/1/.m2/repository/org/apache/camel/camel-xml-jaxp/4.4.0/camel-xml-jaxp-4.4.0.jar!/META-INF/services/org/apache/camel/TypeConverterLoader
2025-11-16 13:02:25 [main] DEBUG o.a.c.i.c.BaseTypeConverterRegistry - Loading file META-INF/services/org/apache/camel/TypeConverterLoader to retrieve list of type converters, from url: jar:file:/C:/Users/1/.m2/repository/org/apache/camel/camel-http/4.4.0/camel-http-4.4.0.jar!/META-INF/services/org/apache/camel/TypeConverterLoader
2025-11-16 13:02:25 [main] DEBUG o.a.c.i.c.BaseTypeConverterRegistry - Loading file META-INF/services/org/apache/camel/TypeConverterLoader to retrieve list of type converters, from url: jar:file:/C:/Users/1/.m2/repository/org/apache/camel/camel-http-common/4.4.0/camel-http-common-4.4.0.jar!/META-INF/services/org/apache/camel/TypeConverterLoader
2025-11-16 13:02:25 [main] DEBUG o.a.c.i.c.BaseTypeConverterRegistry - Loading file META-INF/services/org/apache/camel/TypeConverterLoader to retrieve list of type converters, from url: jar:file:/C:/Users/1/.m2/repository/org/apache/camel/camel-attachments/4.4.0/camel-attachments-4.4.0.jar!/META-INF/services/org/apache/camel/TypeConverterLoader
2025-11-16 13:02:25 [main] DEBUG o.a.c.i.c.BaseTypeConverterRegistry - Loading file META-INF/services/org/apache/camel/TypeConverterLoader to retrieve list of type converters, from url: jar:file:/C:/Users/1/.m2/repository/org/apache/camel/camel-jackson/4.4.0/camel-jackson-4.4.0.jar!/META-INF/services/org/apache/camel/TypeConverterLoader
2025-11-16 13:02:25 [main] DEBUG o.a.c.i.c.BaseTypeConverterRegistry - Loading file META-INF/services/org/apache/camel/TypeConverterLoader to retrieve list of type converters, from url: jar:file:/C:/Users/1/.m2/repository/org/apache/camel/camel-support/4.4.0/camel-support-4.4.0.jar!/META-INF/services/org/apache/camel/TypeConverterLoader
2025-11-16 13:02:25 [main] DEBUG o.a.c.i.c.BaseTypeConverterRegistry - Loading file META-INF/services/org/apache/camel/TypeConverterLoader to retrieve list of type converters, from url: jar:file:/C:/Users/1/.m2/repository/org/apache/camel/camel-file/4.4.0/camel-file-4.4.0.jar!/META-INF/services/org/apache/camel/TypeConverterLoader
2025-11-16 13:02:25 [main] DEBUG o.a.c.i.c.BaseTypeConverterRegistry - Loading file META-INF/services/org/apache/camel/TypeConverterLoader to retrieve list of type converters, from url: jar:file:/C:/Users/1/.m2/repository/org/apache/camel/camel-base/4.4.0/camel-base-4.4.0.jar!/META-INF/services/org/apache/camel/TypeConverterLoader
2025-11-16 13:02:25 [main] DEBUG o.a.c.i.c.BaseTypeConverterRegistry - Resolving TypeConverterLoader: org.apache.camel.spring.converter.ResourceConverterLoader
2025-11-16 13:02:25 [main] DEBUG o.a.c.i.c.BaseTypeConverterRegistry - TypeConverterLoader: org.apache.camel.spring.converter.ResourceConverterLoader loading converters
2025-11-16 13:02:25 [main] DEBUG o.a.c.i.c.BaseTypeConverterRegistry - Resolving TypeConverterLoader: org.apache.camel.converter.jaxp.CamelXmlJaxpBulkConverterLoader
2025-11-16 13:02:25 [main] DEBUG o.a.c.i.c.BaseTypeConverterRegistry - TypeConverterLoader: org.apache.camel.converter.jaxp.CamelXmlJaxpBulkConverterLoader loading converters
2025-11-16 13:02:25 [main] DEBUG o.a.c.i.c.BaseTypeConverterRegistry - Resolving TypeConverterLoader: org.apache.camel.component.http.HttpConvertersLoader
2025-11-16 13:02:25 [main] DEBUG o.a.c.i.c.BaseTypeConverterRegistry - TypeConverterLoader: org.apache.camel.component.http.HttpConvertersLoader loading converters
2025-11-16 13:02:25 [main] DEBUG o.a.c.i.c.BaseTypeConverterRegistry - Resolving TypeConverterLoader: org.apache.camel.component.http.HttpEntityConverterLoader
2025-11-16 13:02:25 [main] DEBUG o.a.c.i.c.BaseTypeConverterRegistry - TypeConverterLoader: org.apache.camel.component.http.HttpEntityConverterLoader loading converters
2025-11-16 13:02:25 [main] DEBUG o.a.c.i.c.BaseTypeConverterRegistry - Resolving TypeConverterLoader: org.apache.camel.http.common.HttpConverterLoader
2025-11-16 13:02:25 [main] DEBUG o.a.c.i.c.BaseTypeConverterRegistry - TypeConverterLoader: org.apache.camel.http.common.HttpConverterLoader loading converters
2025-11-16 13:02:25 [main] DEBUG o.a.c.i.c.BaseTypeConverterRegistry - Resolving TypeConverterLoader: org.apache.camel.attachment.AttachmentConverterLoader
2025-11-16 13:02:25 [main] DEBUG o.a.c.i.c.BaseTypeConverterRegistry - TypeConverterLoader: org.apache.camel.attachment.AttachmentConverterLoader loading converters
2025-11-16 13:02:25 [main] DEBUG o.a.c.i.c.BaseTypeConverterRegistry - Resolving TypeConverterLoader: org.apache.camel.component.jackson.converter.JacksonTypeConvertersLoader
2025-11-16 13:02:25 [main] DEBUG o.a.c.i.c.BaseTypeConverterRegistry - TypeConverterLoader: org.apache.camel.component.jackson.converter.JacksonTypeConvertersLoader loading converters
2025-11-16 13:02:25 [main] DEBUG o.a.c.i.c.BaseTypeConverterRegistry - Resolving TypeConverterLoader: org.apache.camel.converter.stream.StreamCacheBulkConverterLoader
2025-11-16 13:02:25 [main] DEBUG o.a.c.i.c.BaseTypeConverterRegistry - TypeConverterLoader: org.apache.camel.converter.stream.StreamCacheBulkConverterLoader loading converters
2025-11-16 13:02:25 [main] DEBUG o.a.c.i.c.BaseTypeConverterRegistry - Resolving TypeConverterLoader: org.apache.camel.component.file.GenericFileConverterLoader
2025-11-16 13:02:25 [main] DEBUG o.a.c.i.c.BaseTypeConverterRegistry - TypeConverterLoader: org.apache.camel.component.file.GenericFileConverterLoader loading converters
2025-11-16 13:02:25 [main] DEBUG o.a.c.i.c.BaseTypeConverterRegistry - Resolving TypeConverterLoader: org.apache.camel.converter.CamelBaseBulkConverterLoader
2025-11-16 13:02:25 [main] DEBUG o.a.c.i.c.BaseTypeConverterRegistry - TypeConverterLoader: org.apache.camel.converter.CamelBaseBulkConverterLoader loading converters
2025-11-16 13:02:25 [main] DEBUG o.a.c.i.c.DefaultTypeConverter - Loaded 259 type converters in 46ms
2025-11-16 13:02:25 [main] DEBUG o.a.c.i.engine.AbstractCamelContext - Apache Camel 4.4.0 (camel-1) built in 74ms
2025-11-16 13:02:25 [main] INFO  o.a.camel.util.concurrent.ThreadType - The type of thread detected is PLATFORM
2025-11-16 13:02:25 [main] DEBUG o.a.c.i.e.BaseExecutorServiceManager - Created new ScheduledThreadPool for source: ErrorHandlerRedeliveryThreadPool with name: ErrorHandlerRedeliveryTask -> org.apache.camel.util.concurrent.SizedScheduledExecutorService@22265a2d[ErrorHandlerRedeliveryTask]
2025-11-16 13:02:25 [main] DEBUG o.a.c.i.e.DefaultConfigurerResolver - Found configurer: spring-event-component via type: org.apache.camel.component.event.EventComponentConfigurer via: META-INF/services/org/apache/camel/configurer/spring-event-component
2025-11-16 13:02:25 [main] DEBUG o.a.c.i.e.DefaultConfigurerResolver - Found configurer: spring-event-endpoint via type: org.apache.camel.component.event.EventEndpointConfigurer via: META-INF/services/org/apache/camel/configurer/spring-event-endpoint
2025-11-16 13:02:25 [main] DEBUG o.a.c.i.e.DefaultConfigurerResolver - Found configurer: spring-event-component via type: org.apache.camel.component.event.EventComponentConfigurer via: META-INF/services/org/apache/camel/configurer/spring-event-component
2025-11-16 13:02:25 [main] DEBUG o.a.camel.spring.SpringCamelContext - Set the application context classloader to: TomcatEmbeddedWebappClassLoader
  context: ROOT
  delegate: true
----------> Parent Classloader:
jdk.internal.loader.ClassLoaders$AppClassLoader@76ed5528

2025-11-16 13:02:27 [main] DEBUG o.s.w.f.ServerHttpObservationFilter - Filter 'webMvcObservationFilter' configured for use
2025-11-16 13:02:27 [main] DEBUG o.s.w.f.CommonsRequestLoggingFilter - Filter 'logFilter' configured for use
2025-11-16 13:02:27 [main] DEBUG c.m.b.users.config.JwtRequestFilter - Filter 'jwtRequestFilter' configured for use
2025-11-16 13:02:27 [main] INFO  c.m.b.config.RestTemplateConfig - Creating RestTemplate with SSL trust-all configuration
2025-11-16 13:02:27 [main] INFO  c.m.b.config.RestTemplateConfig - RestTemplate configured with connect-timeout: 10000ms, read-timeout: 30000ms
2025-11-16 13:02:28 [main] INFO  org.quartz.impl.StdSchedulerFactory - Using default implementation for ThreadExecutor
2025-11-16 13:02:28 [main] INFO  o.quartz.core.SchedulerSignalerImpl - Initialized Scheduler Signaller of type: class org.quartz.core.SchedulerSignalerImpl
2025-11-16 13:02:28 [main] INFO  org.quartz.core.QuartzScheduler - Quartz Scheduler v.2.3.2 created.
2025-11-16 13:02:28 [main] INFO  org.quartz.simpl.RAMJobStore - RAMJobStore initialized.
2025-11-16 13:02:28 [main] INFO  org.quartz.core.QuartzScheduler - Scheduler meta-data: Quartz Scheduler (v2.3.2) 'quartzScheduler' with instanceId 'NON_CLUSTERED'
  Scheduler class: 'org.quartz.core.QuartzScheduler' - running locally.
  NOT STARTED.
  Currently in standby mode.
  Number of jobs executed: 0
  Using thread pool 'org.quartz.simpl.SimpleThreadPool' - with 10 threads.
  Using job-store 'org.quartz.simpl.RAMJobStore' - which does not support persistence. and is not clustered.

2025-11-16 13:02:28 [main] INFO  org.quartz.impl.StdSchedulerFactory - Quartz scheduler 'quartzScheduler' initialized from an externally provided properties instance.
2025-11-16 13:02:28 [main] INFO  org.quartz.impl.StdSchedulerFactory - Quartz scheduler version: 2.3.2
2025-11-16 13:02:28 [main] INFO  org.quartz.core.QuartzScheduler - JobFactory set to: org.springframework.scheduling.quartz.SpringBeanJobFactory@7798de33
2025-11-16 13:02:28 [main] INFO  c.m.IntegrationMappingComponent - IntegrationMappingComponent initialized with CamelContext.
2025-11-16 13:02:28 [main] INFO  c.m.b.c.IntegrationMappingConfiguration - ✅ Registered custom Camel component: integrationmapping
2025-11-16 13:02:28 [main] INFO  c.m.b.k.i.Dhis2HeaderFilterConfig - === Configuring DHIS2 Header Filter (Static Test) ===
2025-11-16 13:02:28 [main] INFO  c.m.b.k.i.Dhis2HeaderFilterConfig - DHIS2 Header Filter configured - allowing most headers for testing
2025-11-16 13:02:28 [main] DEBUG o.s.w.s.m.m.a.RequestMappingHandlerMapping - 165 mappings in 'requestMappingHandlerMapping'
2025-11-16 13:02:28 [main] DEBUG o.s.w.s.h.SimpleUrlHandlerMapping - Patterns [/webjars/**, /**, /swagger-ui*/*swagger-initializer.js, /swagger-ui*/**] in 'resourceHandlerMapping'
2025-11-16 13:02:29 [main] DEBUG o.a.c.i.h.DefaultHealthCheckRegistry - HealthCheck with id context successfully registered
2025-11-16 13:02:29 [main] DEBUG o.a.c.i.h.DefaultHealthCheckRegistry - HealthCheckRepository with id routes successfully registered
2025-11-16 13:02:29 [main] DEBUG o.a.c.i.h.DefaultHealthCheckRegistry - HealthCheckRepository with id producers successfully registered
2025-11-16 13:02:29 [main] DEBUG o.a.c.i.h.DefaultHealthCheckRegistry - HealthCheckRepository with id consumers successfully registered
2025-11-16 13:02:29 [main] DEBUG o.s.w.s.m.m.a.RequestMappingHandlerAdapter - ControllerAdvice beans: 0 @ModelAttribute, 0 @InitBinder, 1 RequestBodyAdvice, 1 ResponseBodyAdvice
2025-11-16 13:02:29 [main] DEBUG o.s.w.s.m.m.a.ExceptionHandlerExceptionResolver - ControllerAdvice beans: 2 @ExceptionHandler, 1 ResponseBodyAdvice
2025-11-16 13:02:30 [main] INFO  o.a.coyote.http11.Http11NioProtocol - Starting ProtocolHandler ["http-nio-8081"]
2025-11-16 13:02:30 [main] DEBUG o.a.c.h.common.DefaultHttpRegistry - Registering CamelServlet with name CamelServlet consumers present: 0
2025-11-16 13:02:30 [main] INFO  o.a.c.c.s.CamelHttpTransportServlet - Initialized CamelHttpTransportServlet[name=CamelServlet, contextPath=]
2025-11-16 13:02:30 [main] DEBUG o.a.camel.spring.SpringCamelContext - onApplicationEvent: org.springframework.boot.web.servlet.context.ServletWebServerInitializedEvent[source=org.springframework.boot.web.embedded.tomcat.TomcatWebServer@5d8ae8da]
2025-11-16 13:02:30 [main] INFO  org.quartz.core.QuartzScheduler - Scheduler quartzScheduler_$_NON_CLUSTERED started.
2025-11-16 13:02:30 [main] DEBUG o.a.c.s.b.CamelSpringBootApplicationListener - Post-processing CamelContext bean: camel-1
2025-11-16 13:02:30 [main] DEBUG o.apache.camel.main.RoutesConfigurer - RoutesCollectorEnabled: org.apache.camel.spring.boot.CamelSpringBootRoutesCollector@601e9c19
2025-11-16 13:02:30 [main] DEBUG o.a.c.s.b.CamelSpringBootRoutesCollector - Finding additional routes from: classpath:camel/*
2025-11-16 13:02:30 [main] DEBUG o.a.c.s.b.CamelSpringBootRoutesCollector - Finding additional routes from: classpath:camel-template/*
2025-11-16 13:02:30 [main] DEBUG o.a.c.s.b.CamelSpringBootRoutesCollector - Finding additional routes from: classpath:camel-rest/*
2025-11-16 13:02:30 [main] DEBUG o.a.c.s.b.CamelSpringBootRoutesCollector - No additional RoutesBuilder discovered from: classpath:camel/*,classpath:camel-template/*,classpath:camel-rest/*
2025-11-16 13:02:30 [main] DEBUG o.a.camel.spring.SpringCamelContext - onApplicationEvent: org.springframework.context.event.ContextRefreshedEvent[source=org.springframework.boot.web.servlet.context.AnnotationConfigServletWebServerApplicationContext@5af5def9, started on Sun Nov 16 13:02:18 EET 2025]
2025-11-16 13:02:30 [main] DEBUG o.a.c.i.engine.AbstractCamelContext - Resolving language: simple
2025-11-16 13:02:30 [main] DEBUG o.a.camel.support.ResolverHelper - Lookup Language with name simple in registry. Found: null
2025-11-16 13:02:30 [main] DEBUG o.a.camel.support.ResolverHelper - Lookup Language with name simple-language in registry. Found: null
2025-11-16 13:02:30 [main] DEBUG o.a.c.language.simple.SimpleLanguage - Simple language predicate/expression cache size: 1000
2025-11-16 13:02:30 [main] DEBUG o.a.c.i.engine.AbstractCamelContext - Apache Camel 4.4.0 (camel-1) initialized in 59ms
2025-11-16 13:02:30 [main] INFO  o.a.c.i.engine.AbstractCamelContext - Apache Camel 4.4.0 (camel-1) is starting
2025-11-16 13:02:30 [main] DEBUG o.a.c.i.engine.AbstractCamelContext - Using ClassResolver=org.apache.camel.impl.engine.DefaultClassResolver@15aae3e3, PackageScanClassResolver=org.apache.camel.spring.boot.FatJarPackageScanClassResolver@3d6c4fe7, ApplicationContextClassLoader=TomcatEmbeddedWebappClassLoader
  context: ROOT
  delegate: true
----------> Parent Classloader:
jdk.internal.loader.ClassLoaders$AppClassLoader@76ed5528
, RouteController=org.apache.camel.impl.engine.DefaultRouteController@3ccb56bc
2025-11-16 13:02:30 [main] DEBUG o.a.c.i.engine.AbstractCamelContext - StreamCaching is disabled on CamelContext: camel-1
2025-11-16 13:02:30 [main] DEBUG o.a.c.i.engine.AbstractCamelContext - Using HeadersMapFactory: org.apache.camel.impl.engine.DefaultHeadersMapFactory@454d9404
2025-11-16 13:02:30 [main] DEBUG o.a.c.i.engine.AbstractCamelContext - Using ReactiveExecutor: org.apache.camel.impl.engine.DefaultReactiveExecutor@2f804f6e
2025-11-16 13:02:30 [main] DEBUG o.a.c.i.engine.AbstractCamelContext - Using ThreadPoolFactory: org.apache.camel.support.DefaultThreadPoolFactory@3f551177
2025-11-16 13:02:30 [main] DEBUG o.a.c.i.engine.AbstractCamelContext - Using HealthCheck: camel-spring-boot
2025-11-16 13:02:30 [main] DEBUG o.a.c.i.e.DefaultStreamCachingStrategy - StreamCaching configuration DefaultStreamCachingStrategy[spoolDirectoryEnabled=false, spoolDirectory=null, spoolCipher=null, spoolThreshold=131072, spoolUsedHeapMemoryThreshold=0, bufferSize=0, anySpoolRules=false]
2025-11-16 13:02:30 [main] DEBUG o.a.c.i.e.DefaultStreamCachingStrategy - StreamCaching in use
2025-11-16 13:02:30 [main] DEBUG o.a.c.i.engine.AbstractCamelContext - Clearing BeanIntrospection cache with 1 objects using during starting Camel
2025-11-16 13:02:30 [main] DEBUG o.a.c.i.engine.AbstractCamelContext - BeanIntrospection invoked 4 times during starting Camel
2025-11-16 13:02:30 [main] INFO  o.a.c.i.engine.AbstractCamelContext - Routes startup (started:0)
2025-11-16 13:02:30 [main] INFO  o.a.c.i.engine.AbstractCamelContext - Apache Camel 4.4.0 (camel-1) started in 145ms (build:74ms init:59ms start:12ms)
2025-11-16 13:02:30 [main] DEBUG o.a.camel.support.ResolverHelper - Found ProcessorFactory: org.apache.camel.processor.DefaultProcessorFactory via: META-INF/services/org/apache/camel/processor-factory
2025-11-16 13:02:30 [main] DEBUG o.a.camel.support.ResolverHelper - Detected and using ProcessorFactory: org.apache.camel.processor.DefaultProcessorFactory@62fb4905
2025-11-16 13:02:30 [main] DEBUG o.a.camel.impl.DefaultCamelContext - start() took 76 millis
2025-11-16 13:02:30 [main] INFO  c.middleware.MiddlewareApplication - Started MiddlewareApplication in 12.74 seconds (process running for 14.13)
2025-11-16 13:02:30 [main] DEBUG o.a.camel.spring.SpringCamelContext - onApplicationEvent: org.springframework.boot.context.event.ApplicationStartedEvent[source=org.springframework.boot.SpringApplication@59c61df1]
2025-11-16 13:02:30 [main] DEBUG o.a.camel.spring.SpringCamelContext - onApplicationEvent: org.springframework.boot.availability.AvailabilityChangeEvent[source=org.springframework.boot.web.servlet.context.AnnotationConfigServletWebServerApplicationContext@5af5def9, started on Sun Nov 16 13:02:18 EET 2025]
2025-11-16 13:02:30 [scheduling-1] INFO  c.m.b.k.service.DynamicRouteService - Starting route status sync with Camel context
2025-11-16 13:02:30 [main] DEBUG o.a.camel.spring.SpringCamelContext - onApplicationEvent: org.springframework.boot.context.event.ApplicationReadyEvent[source=org.springframework.boot.SpringApplication@59c61df1]
2025-11-16 13:02:30 [main] INFO  c.m.b.k.service.SequenceFixService - Fixing sequence for integration_mapping.id ...
2025-11-16 13:02:30 [scheduling-1] DEBUG o.a.c.i.engine.AbstractCamelContext - Adding route configurations from builder: Routes: []
2025-11-16 13:02:30 [scheduling-1] DEBUG o.a.c.i.engine.AbstractCamelContext - Adding routes from builder: Routes: []
2025-11-16 13:02:30 [scheduling-1] WARN  o.a.c.d.y.d.CustomResolver - The kebab-case 'set-header' is deprecated and it will be removed in the next version. Use the camelCase 'setHeader' instead.
2025-11-16 13:02:30 [scheduling-1] WARN  o.a.c.d.y.d.CustomResolver - The kebab-case 'convert-body-to' is deprecated and it will be removed in the next version. Use the camelCase 'convertBodyTo' instead.
2025-11-16 13:02:30 [scheduling-1] DEBUG o.a.c.i.e.DefaultUriFactoryResolver - Found EndpointUriFactory: errormappingcomponent via type: com.middleware.component.ErrorMappingEndpointUriFactory via: META-INF/services/org/apache/camel/urifactory/errormappingcomponent
2025-11-16 13:02:30 [scheduling-1] DEBUG o.a.c.i.e.DefaultUriFactoryResolver - Found EndpointUriFactory: errormappingcomponent via type: com.middleware.component.ErrorMappingEndpointUriFactory via: META-INF/services/org/apache/camel/urifactory/errormappingcomponent
2025-11-16 13:02:30 [scheduling-1] DEBUG o.a.c.i.e.DefaultConfigurerResolver - Found configurer: org.apache.camel.spi.RestConfiguration via type: org.apache.camel.impl.RestConfigurationConfigurer via: META-INF/services/org/apache/camel/configurer/org.apache.camel.spi.RestConfiguration
2025-11-16 13:02:30 [scheduling-1] DEBUG o.a.c.i.e.DefaultConfigurerResolver - Found configurer: org.apache.camel.spi.RestConfiguration via type: org.apache.camel.impl.RestConfigurationConfigurer via: META-INF/services/org/apache/camel/configurer/org.apache.camel.spi.RestConfiguration
2025-11-16 13:02:30 [scheduling-1] DEBUG o.a.c.i.e.DefaultConfigurerResolver - Found configurer: org.apache.camel.spi.RestConfiguration via type: org.apache.camel.impl.RestConfigurationConfigurer via: META-INF/services/org/apache/camel/configurer/org.apache.camel.spi.RestConfiguration
2025-11-16 13:02:30 [scheduling-1] DEBUG o.a.c.i.e.DefaultConfigurerResolver - Found configurer: org.apache.camel.spi.RestConfiguration via type: org.apache.camel.impl.RestConfigurationConfigurer via: META-INF/services/org/apache/camel/configurer/org.apache.camel.spi.RestConfiguration
2025-11-16 13:02:30 [scheduling-1] DEBUG o.a.c.i.e.DefaultConfigurerResolver - Found configurer: org.apache.camel.spi.RestConfiguration via type: org.apache.camel.impl.RestConfigurationConfigurer via: META-INF/services/org/apache/camel/configurer/org.apache.camel.spi.RestConfiguration
2025-11-16 13:02:30 [scheduling-1] DEBUG o.a.c.i.e.DefaultConfigurerResolver - Found configurer: org.apache.camel.spi.RestConfiguration via type: org.apache.camel.impl.RestConfigurationConfigurer via: META-INF/services/org/apache/camel/configurer/org.apache.camel.spi.RestConfiguration
2025-11-16 13:02:30 [scheduling-1] DEBUG o.a.c.i.e.DefaultConfigurerResolver - Found configurer: org.apache.camel.spi.RestConfiguration via type: org.apache.camel.impl.RestConfigurationConfigurer via: META-INF/services/org/apache/camel/configurer/org.apache.camel.spi.RestConfiguration
2025-11-16 13:02:30 [main] INFO  c.m.b.k.service.SequenceFixService - Sequence public.integration_mapping_id_seq synced to 1. setval returned 1
2025-11-16 13:02:30 [main] INFO  c.m.b.k.service.SequenceFixService - Sequence fix done.
2025-11-16 13:02:30 [scheduling-1] DEBUG o.a.c.i.e.DefaultConfigurerResolver - Found configurer: org.apache.camel.spi.RestConfiguration via type: org.apache.camel.impl.RestConfigurationConfigurer via: META-INF/services/org/apache/camel/configurer/org.apache.camel.spi.RestConfiguration
2025-11-16 13:02:30 [scheduling-1] DEBUG o.a.c.i.e.DefaultConfigurerResolver - Found configurer: org.apache.camel.spi.RestConfiguration via type: org.apache.camel.impl.RestConfigurationConfigurer via: META-INF/services/org/apache/camel/configurer/org.apache.camel.spi.RestConfiguration
2025-11-16 13:02:30 [RMI TCP Connection(4)-192.168.18.8] DEBUG o.a.c.i.health.AbstractHealthCheck - Invoke health-check (LIVENESS) camel/context
2025-11-16 13:02:30 [scheduling-1] DEBUG o.a.c.i.e.DefaultConfigurerResolver - Found configurer: org.apache.camel.spi.RestConfiguration via type: org.apache.camel.impl.RestConfigurationConfigurer via: META-INF/services/org/apache/camel/configurer/org.apache.camel.spi.RestConfiguration
2025-11-16 13:02:30 [main] DEBUG o.a.camel.spring.SpringCamelContext - onApplicationEvent: org.springframework.boot.availability.AvailabilityChangeEvent[source=org.springframework.boot.web.servlet.context.AnnotationConfigServletWebServerApplicationContext@5af5def9, started on Sun Nov 16 13:02:18 EET 2025]
2025-11-16 13:02:30 [scheduling-1] DEBUG o.a.c.i.e.DefaultConfigurerResolver - Found configurer: org.apache.camel.spi.RestConfiguration via type: org.apache.camel.impl.RestConfigurationConfigurer via: META-INF/services/org/apache/camel/configurer/org.apache.camel.spi.RestConfiguration
2025-11-16 13:02:30 [scheduling-1] DEBUG o.a.c.i.e.DefaultConfigurerResolver - Found configurer: org.apache.camel.spi.RestConfiguration via type: org.apache.camel.impl.RestConfigurationConfigurer via: META-INF/services/org/apache/camel/configurer/org.apache.camel.spi.RestConfiguration
2025-11-16 13:02:30 [RMI TCP Connection(3)-192.168.18.8] INFO  o.a.c.c.C.[Tomcat].[localhost].[/] - Initializing Spring DispatcherServlet 'dispatcherServlet'
2025-11-16 13:02:30 [RMI TCP Connection(3)-192.168.18.8] INFO  o.s.web.servlet.DispatcherServlet - Initializing Servlet 'dispatcherServlet'
2025-11-16 13:02:30 [RMI TCP Connection(3)-192.168.18.8] DEBUG o.s.web.servlet.DispatcherServlet - Detected StandardServletMultipartResolver
2025-11-16 13:02:30 [RMI TCP Connection(3)-192.168.18.8] DEBUG o.s.web.servlet.DispatcherServlet - Detected AcceptHeaderLocaleResolver
2025-11-16 13:02:30 [RMI TCP Connection(3)-192.168.18.8] DEBUG o.s.web.servlet.DispatcherServlet - Detected FixedThemeResolver
2025-11-16 13:02:30 [RMI TCP Connection(4)-192.168.18.8] DEBUG o.a.c.i.health.AbstractHealthCheck - Invoke health-check (READINESS) camel/context
2025-11-16 13:02:30 [RMI TCP Connection(4)-192.168.18.8] DEBUG o.a.c.i.health.AbstractHealthCheck - Invoke health-check (ALL) camel/context
2025-11-16 13:02:30 [RMI TCP Connection(3)-192.168.18.8] DEBUG o.s.web.servlet.DispatcherServlet - Detected org.springframework.web.servlet.view.DefaultRequestToViewNameTranslator@7bd11ac4
2025-11-16 13:02:30 [RMI TCP Connection(3)-192.168.18.8] DEBUG o.s.web.servlet.DispatcherServlet - Detected org.springframework.web.servlet.support.SessionFlashMapManager@77fa8f05
2025-11-16 13:02:30 [RMI TCP Connection(3)-192.168.18.8] DEBUG o.s.web.servlet.DispatcherServlet - enableLoggingRequestDetails='false': request parameters and headers will be masked to prevent unsafe logging of potentially sensitive data
2025-11-16 13:02:30 [RMI TCP Connection(3)-192.168.18.8] INFO  o.s.web.servlet.DispatcherServlet - Completed initialization in 7 ms
2025-11-16 13:02:30 [scheduling-1] DEBUG o.a.c.i.engine.AbstractCamelContext - Using ComponentResolver: org.apache.camel.impl.engine.DefaultComponentResolver@27732956 to resolve component with name: rest
2025-11-16 13:02:30 [scheduling-1] DEBUG o.a.camel.support.ResolverHelper - Lookup Component with name rest in registry. Found: null
2025-11-16 13:02:30 [scheduling-1] DEBUG o.a.camel.support.ResolverHelper - Lookup Component with name rest-component in registry. Found: null
2025-11-16 13:02:30 [scheduling-1] DEBUG o.a.c.i.e.DefaultComponentResolver - Found component: rest via type: org.apache.camel.component.rest.RestComponent via: META-INF/services/org/apache/camel/component/rest
2025-11-16 13:02:30 [scheduling-1] DEBUG o.a.c.i.e.DefaultConfigurerResolver - Found configurer: rest-component via type: org.apache.camel.component.rest.RestComponentConfigurer via: META-INF/services/org/apache/camel/configurer/rest-component
2025-11-16 13:02:30 [scheduling-1] DEBUG o.a.c.i.e.DefaultConfigurerResolver - Found configurer: rest-endpoint via type: org.apache.camel.component.rest.RestEndpointConfigurer via: META-INF/services/org/apache/camel/configurer/rest-endpoint
2025-11-16 13:02:31 [scheduling-1] DEBUG o.a.c.i.e.DefaultConfigurerResolver - Found configurer: rest-component via type: org.apache.camel.component.rest.RestComponentConfigurer via: META-INF/services/org/apache/camel/configurer/rest-component
2025-11-16 13:02:31 [scheduling-1] DEBUG o.a.camel.support.DefaultComponent - Creating endpoint uri=[rest://get:/external-users/%7Bid%7D], path=[get:/external-users/{id}]
2025-11-16 13:02:31 [scheduling-1] DEBUG o.a.c.i.engine.AbstractCamelContext - rest://get:/external-users/%7Bid%7D converted to endpoint: rest://get:/external-users/%7Bid%7D by component: org.apache.camel.component.rest.RestComponent@6aa5863f
2025-11-16 13:02:31 [scheduling-1] DEBUG o.a.c.i.engine.AbstractCamelContext - Resolving language: constant
2025-11-16 13:02:31 [scheduling-1] DEBUG o.a.camel.support.ResolverHelper - Lookup Language with name constant in registry. Found: null
2025-11-16 13:02:31 [scheduling-1] DEBUG o.a.camel.support.ResolverHelper - Lookup Language with name constant-language in registry. Found: null
2025-11-16 13:02:31 [scheduling-1] DEBUG o.a.c.i.engine.AbstractCamelContext - Resolving language: constant
2025-11-16 13:02:31 [scheduling-1] DEBUG o.a.camel.support.ResolverHelper - Found InternalProcessorFactory: org.apache.camel.processor.DefaultInternalProcessorFactory via: META-INF/services/org/apache/camel/internal-processor-factory
2025-11-16 13:02:31 [scheduling-1] DEBUG o.a.camel.support.ResolverHelper - Detected and using InternalProcessorFactory: org.apache.camel.processor.DefaultInternalProcessorFactory@d1ec36e
2025-11-16 13:02:31 [scheduling-1] DEBUG o.a.c.i.engine.AbstractCamelContext - Resolving language: constant
2025-11-16 13:02:31 [scheduling-1] DEBUG o.a.c.i.engine.AbstractCamelContext - Resolving language: constant
2025-11-16 13:02:31 [scheduling-1] DEBUG o.a.c.i.engine.AbstractCamelContext - Resolving language: simple
2025-11-16 13:02:31 [scheduling-1] DEBUG o.a.c.i.engine.AbstractCamelContext - Using ComponentResolver: org.apache.camel.impl.engine.DefaultComponentResolver@27732956 to resolve component with name: errormappingcomponent
2025-11-16 13:02:31 [scheduling-1] DEBUG o.a.camel.support.ResolverHelper - Lookup Component with name errormappingcomponent in registry. Found: null
2025-11-16 13:02:31 [scheduling-1] DEBUG o.a.camel.support.ResolverHelper - Lookup Component with name errormappingcomponent-component in registry. Found: null
2025-11-16 13:02:31 [scheduling-1] DEBUG o.a.c.i.e.DefaultComponentResolver - Found component: errormappingcomponent via type: com.middleware.component.ErrorMappingComponent via: META-INF/services/org/apache/camel/component/errormappingcomponent
2025-11-16 13:02:31 [scheduling-1] DEBUG o.a.c.i.e.DefaultConfigurerResolver - Found configurer: errormappingcomponent-component via type: com.middleware.component.ErrorMappingComponentConfigurer via: META-INF/services/org/apache/camel/configurer/errormappingcomponent-component
2025-11-16 13:02:31 [scheduling-1] DEBUG o.a.c.i.e.DefaultConfigurerResolver - Found configurer: errormappingcomponent-endpoint via type: com.middleware.component.ErrorMappingEndpointConfigurer via: META-INF/services/org/apache/camel/configurer/errormappingcomponent-endpoint
2025-11-16 13:02:31 [scheduling-1] DEBUG o.a.c.i.e.DefaultConfigurerResolver - Found configurer: errormappingcomponent-component via type: com.middleware.component.ErrorMappingComponentConfigurer via: META-INF/services/org/apache/camel/configurer/errormappingcomponent-component
2025-11-16 13:02:31 [scheduling-1] DEBUG o.a.camel.support.DefaultComponent - Creating endpoint uri=[errormappingcomponent://null?code=CODE_TEST], path=[null]
2025-11-16 13:02:31 [scheduling-1] INFO  c.m.component.ErrorMappingComponent - Created ErrorMappingEndpoint for URI: errormappingcomponent://null?code=CODE_TEST
2025-11-16 13:02:31 [scheduling-1] DEBUG o.a.c.i.engine.AbstractCamelContext - errormappingcomponent://null?code=CODE_TEST converted to endpoint: errormappingcomponent://null?code=CODE_TEST by component: com.middleware.component.ErrorMappingComponent@70c4cb93
2025-11-16 13:02:31 [scheduling-1] DEBUG o.a.camel.support.DefaultComponent - Creating endpoint uri=[errormappingcomponent://null?code=CODE_TEST1], path=[null]
2025-11-16 13:02:31 [scheduling-1] INFO  c.m.component.ErrorMappingComponent - Created ErrorMappingEndpoint for URI: errormappingcomponent://null?code=CODE_TEST1
2025-11-16 13:02:31 [scheduling-1] DEBUG o.a.c.i.engine.AbstractCamelContext - errormappingcomponent://null?code=CODE_TEST1 converted to endpoint: errormappingcomponent://null?code=CODE_TEST1 by component: com.middleware.component.ErrorMappingComponent@70c4cb93
2025-11-16 13:02:31 [scheduling-1] DEBUG o.apache.camel.reifier.RouteReifier - RoutePolicy is enabled: com.middleware.backend.policy.LoggingRoutePolicy@430a26b4 on route: get-user-from-ap21ewi
2025-11-16 13:02:31 [scheduling-1] DEBUG o.a.c.i.e.InternalRouteStartupManager - Warming up route id: get-user-from-ap21ewi having autoStartup=true
2025-11-16 13:02:31 [scheduling-1] DEBUG o.a.c.i.engine.AbstractCamelContext - Using ComponentResolver: org.apache.camel.impl.engine.DefaultComponentResolver@27732956 to resolve component with name: servlet
2025-11-16 13:02:31 [scheduling-1] DEBUG o.a.camel.support.ResolverHelper - Lookup Component with name servlet in registry. Found: null
2025-11-16 13:02:31 [scheduling-1] DEBUG o.a.camel.support.ResolverHelper - Lookup Component with name servlet-component in registry. Found: org.apache.camel.component.servlet.ServletComponent@2a437f55
2025-11-16 13:02:31 [scheduling-1] DEBUG o.a.c.i.e.DefaultConfigurerResolver - Found configurer: servlet-component via type: org.apache.camel.component.servlet.ServletComponentConfigurer via: META-INF/services/org/apache/camel/configurer/servlet-component
2025-11-16 13:02:31 [scheduling-1] DEBUG o.a.c.i.e.DefaultConfigurerResolver - Found configurer: servlet-endpoint via type: org.apache.camel.component.servlet.ServletEndpointConfigurer via: META-INF/services/org/apache/camel/configurer/servlet-endpoint
2025-11-16 13:02:31 [scheduling-1] DEBUG o.a.c.i.e.DefaultConfigurerResolver - Found configurer: servlet-component via type: org.apache.camel.component.servlet.ServletComponentConfigurer via: META-INF/services/org/apache/camel/configurer/servlet-component
2025-11-16 13:02:31 [scheduling-1] DEBUG o.a.camel.support.DefaultComponent - Creating endpoint uri=[servlet:///external-users/%7Bid%7D?httpMethodRestrict=GET], path=[/external-users/{id}]
2025-11-16 13:02:31 [scheduling-1] DEBUG o.a.c.i.engine.AbstractCamelContext - servlet:///external-users/%7Bid%7D?httpMethodRestrict=GET converted to endpoint: servlet:/external-users/%7Bid%7D?httpMethodRestrict=GET by component: org.apache.camel.component.servlet.ServletComponent@2a437f55
2025-11-16 13:02:31 [scheduling-1] DEBUG o.a.camel.support.ResolverHelper - Found RestRegistryFactory: org.apache.camel.component.rest.DefaultRestRegistryFactory via: META-INF/services/org/apache/camel/rest-registry-factory
2025-11-16 13:02:31 [scheduling-1] DEBUG o.a.camel.support.ResolverHelper - Detected and using RestRegistryFactory: org.apache.camel.component.rest.DefaultRestRegistryFactory@2289c887
2025-11-16 13:02:31 [scheduling-1] DEBUG o.a.c.p.SendDynamicAwareResolver - Found SendDynamicAware: org.apache.camel.component.http.HttpSendDynamicAware via: META-INF/services/org/apache/camel/send-dynamic/https
2025-11-16 13:02:31 [scheduling-1] DEBUG o.a.c.processor.SendDynamicProcessor - Detected SendDynamicAware component: https optimising toD: https://jsonplaceholder.typicode.com/users/${header.id}?bridgeEndpoint=true&throwExceptionOnFailure=false
2025-11-16 13:02:31 [scheduling-1] DEBUG o.a.c.i.e.DefaultUriFactoryResolver - Found EndpointUriFactory: https via type: org.apache.camel.component.http.HttpEndpointUriFactory via: META-INF/services/org/apache/camel/urifactory/https
2025-11-16 13:02:31 [scheduling-1] DEBUG o.a.c.i.engine.AbstractCamelContext - Using ComponentResolver: org.apache.camel.impl.engine.DefaultComponentResolver@27732956 to resolve component with name: https
2025-11-16 13:02:31 [scheduling-1] DEBUG o.a.camel.support.ResolverHelper - Lookup Component with name https in registry. Found: null
2025-11-16 13:02:31 [scheduling-1] DEBUG o.a.camel.support.ResolverHelper - Lookup Component with name https-component in registry. Found: null
2025-11-16 13:02:31 [scheduling-1] DEBUG o.a.c.i.e.DefaultComponentResolver - Found component: https via type: org.apache.camel.component.http.HttpComponent via: META-INF/services/org/apache/camel/component/https
2025-11-16 13:02:31 [scheduling-1] DEBUG o.a.c.i.e.DefaultConfigurerResolver - Found configurer: http-component via type: org.apache.camel.component.http.HttpComponentConfigurer via: META-INF/services/org/apache/camel/configurer/http-component
2025-11-16 13:02:31 [scheduling-1] DEBUG o.a.c.i.e.DefaultConfigurerResolver - Found configurer: http-endpoint via type: org.apache.camel.component.http.HttpEndpointConfigurer via: META-INF/services/org/apache/camel/configurer/http-endpoint
2025-11-16 13:02:31 [scheduling-1] DEBUG o.a.c.processor.SendDynamicProcessor - DynamicSendTo toD1 using ProducerCache with cacheSize=0
2025-11-16 13:02:31 [scheduling-1] DEBUG o.a.camel.support.DefaultProducer - Starting producer: Producer[errormappingcomponent://null?code=CODE_TEST]
2025-11-16 13:02:31 [scheduling-1] DEBUG o.a.camel.support.DefaultProducer - Starting producer: Producer[errormappingcomponent://null?code=CODE_TEST1]
2025-11-16 13:02:31 [scheduling-1] DEBUG o.a.c.i.e.InternalRouteStartupManager - Route: get-user-from-ap21ewi >>> Route[rest://get:/external-users/%7Bid%7D -> null]
2025-11-16 13:02:31 [scheduling-1] DEBUG o.a.c.i.e.InternalRouteStartupManager - Starting consumer (order: 1000) on route: get-user-from-ap21ewi
2025-11-16 13:02:31 [scheduling-1] DEBUG o.a.camel.support.DefaultConsumer - Build consumer: Consumer[servlet:/external-users/%7Bid%7D?httpMethodRestrict=GET]
2025-11-16 13:02:31 [scheduling-1] DEBUG o.a.camel.support.DefaultConsumer - Init consumer: Consumer[servlet:/external-users/%7Bid%7D?httpMethodRestrict=GET]
2025-11-16 13:02:31 [scheduling-1] DEBUG o.a.camel.support.DefaultConsumer - Starting consumer: Consumer[servlet:/external-users/%7Bid%7D?httpMethodRestrict=GET]
2025-11-16 13:02:31 [scheduling-1] DEBUG o.a.c.h.common.DefaultHttpRegistry - Registering consumer for path /external-users/{id} providers present: 1
2025-11-16 13:02:31 [scheduling-1] DEBUG o.a.c.c.s.CamelHttpTransportServlet - Connecting consumer: Consumer[servlet:/external-users/%7Bid%7D?httpMethodRestrict=GET]
2025-11-16 13:02:31 [scheduling-1] DEBUG o.a.c.i.e.InternalRouteStartupManager - Route: get-user-from-ap21ewi started and consuming from: servlet:/external-users/%7Bid%7D
2025-11-16 13:02:31 [scheduling-1] DEBUG o.a.c.i.e.InternalRouteStartupManager - Warming up route id: get-user-from-ap21ewi having autoStartup=true
2025-11-16 13:02:31 [scheduling-1] DEBUG o.a.c.i.e.InternalRouteStartupManager - Route: get-user-from-ap21ewi >>> Route[rest://get:/external-users/%7Bid%7D -> null]
2025-11-16 13:02:31 [scheduling-1] DEBUG o.a.c.i.e.InternalRouteStartupManager - Starting consumer (order: 1001) on route: get-user-from-ap21ewi
2025-11-16 13:02:31 [scheduling-1] DEBUG o.a.c.i.e.InternalRouteStartupManager - Route: get-user-from-ap21ewi started and consuming from: servlet:/external-users/%7Bid%7D
2025-11-16 13:02:31 [scheduling-1] INFO  c.m.b.k.service.DynamicRouteService - Re-added route get-user-from-ap21ewi to context (DB says active)
2025-11-16 13:02:31 [scheduling-1] DEBUG o.a.c.i.engine.AbstractCamelContext - Adding route configurations from builder: Routes: []
2025-11-16 13:02:31 [scheduling-1] DEBUG o.a.c.i.engine.AbstractCamelContext - Adding routes from builder: Routes: []
2025-11-16 13:02:31 [scheduling-1] DEBUG o.a.c.i.e.DefaultUriFactoryResolver - Found EndpointUriFactory: errormappingcomponent via type: com.middleware.component.ErrorMappingEndpointUriFactory via: META-INF/services/org/apache/camel/urifactory/errormappingcomponent
2025-11-16 13:02:31 [scheduling-1] DEBUG o.a.camel.support.DefaultComponent - Creating endpoint uri=[rest://post:/api/hello], path=[post:/api/hello]
2025-11-16 13:02:31 [scheduling-1] DEBUG o.a.c.i.engine.AbstractCamelContext - rest://post:/api/hello converted to endpoint: rest://post:/api/hello by component: org.apache.camel.component.rest.RestComponent@6aa5863f
2025-11-16 13:02:31 [scheduling-1] DEBUG o.a.c.i.engine.AbstractCamelContext - Resolving language: simple
2025-11-16 13:02:31 [scheduling-1] DEBUG o.a.c.i.engine.AbstractCamelContext - Resolving language: constant
2025-11-16 13:02:31 [scheduling-1] DEBUG o.a.c.i.engine.AbstractCamelContext - Using ComponentResolver: org.apache.camel.impl.engine.DefaultComponentResolver@27732956 to resolve component with name: log
2025-11-16 13:02:31 [scheduling-1] DEBUG o.a.camel.support.ResolverHelper - Lookup Component with name log in registry. Found: null
2025-11-16 13:02:31 [scheduling-1] DEBUG o.a.camel.support.ResolverHelper - Lookup Component with name log-component in registry. Found: null
2025-11-16 13:02:31 [scheduling-1] DEBUG o.a.c.i.e.DefaultComponentResolver - Found component: log via type: org.apache.camel.component.log.LogComponent via: META-INF/services/org/apache/camel/component/log
2025-11-16 13:02:31 [scheduling-1] DEBUG o.a.c.i.e.DefaultConfigurerResolver - Found configurer: log-component via type: org.apache.camel.component.log.LogComponentConfigurer via: META-INF/services/org/apache/camel/configurer/log-component
2025-11-16 13:02:31 [scheduling-1] DEBUG o.a.c.i.e.DefaultConfigurerResolver - Found configurer: log-endpoint via type: org.apache.camel.component.log.LogEndpointConfigurer via: META-INF/services/org/apache/camel/configurer/log-endpoint
2025-11-16 13:02:31 [scheduling-1] DEBUG o.a.c.i.e.DefaultConfigurerResolver - Found configurer: log-component via type: org.apache.camel.component.log.LogComponentConfigurer via: META-INF/services/org/apache/camel/configurer/log-component
2025-11-16 13:02:31 [scheduling-1] DEBUG o.a.camel.support.DefaultComponent - Creating endpoint uri=[log://output], path=[output]
2025-11-16 13:02:31 [scheduling-1] DEBUG o.a.c.i.engine.AbstractCamelContext - log://output converted to endpoint: log://output by component: org.apache.camel.component.log.LogComponent@2f1be3cf
2025-11-16 13:02:31 [scheduling-1] DEBUG o.a.camel.support.DefaultComponent - Creating endpoint uri=[errormappingcomponent://null?code=1], path=[null]
2025-11-16 13:02:31 [scheduling-1] INFO  c.m.component.ErrorMappingComponent - Created ErrorMappingEndpoint for URI: errormappingcomponent://null?code=1
2025-11-16 13:02:31 [scheduling-1] DEBUG o.a.c.i.engine.AbstractCamelContext - errormappingcomponent://null?code=1 converted to endpoint: errormappingcomponent://null?code=1 by component: com.middleware.component.ErrorMappingComponent@70c4cb93
2025-11-16 13:02:31 [scheduling-1] DEBUG o.apache.camel.reifier.RouteReifier - RoutePolicy is enabled: com.middleware.backend.policy.LoggingRoutePolicy@144c8b50 on route: my-new-route
2025-11-16 13:02:31 [scheduling-1] DEBUG o.a.c.i.e.InternalRouteStartupManager - Warming up route id: my-new-route having autoStartup=true
2025-11-16 13:02:31 [scheduling-1] DEBUG o.a.camel.support.DefaultComponent - Creating endpoint uri=[servlet:///api/hello?httpMethodRestrict=POST], path=[/api/hello]
2025-11-16 13:02:31 [scheduling-1] DEBUG o.a.c.i.engine.AbstractCamelContext - servlet:///api/hello?httpMethodRestrict=POST converted to endpoint: servlet:/api/hello?httpMethodRestrict=POST by component: org.apache.camel.component.servlet.ServletComponent@2a437f55
2025-11-16 13:02:31 [scheduling-1] DEBUG o.a.camel.support.DefaultProducer - Starting producer: Producer[log://output]
2025-11-16 13:02:31 [scheduling-1] DEBUG o.a.camel.support.DefaultProducer - Starting producer: Producer[errormappingcomponent://null?code=1]
2025-11-16 13:02:31 [scheduling-1] DEBUG o.a.c.i.e.InternalRouteStartupManager - Route: my-new-route >>> Route[rest://post:/api/hello -> null]
2025-11-16 13:02:31 [scheduling-1] DEBUG o.a.c.i.e.InternalRouteStartupManager - Starting consumer (order: 1002) on route: my-new-route
2025-11-16 13:02:31 [scheduling-1] DEBUG o.a.camel.support.DefaultConsumer - Build consumer: Consumer[servlet:/api/hello?httpMethodRestrict=POST]
2025-11-16 13:02:31 [scheduling-1] DEBUG o.a.camel.support.DefaultConsumer - Init consumer: Consumer[servlet:/api/hello?httpMethodRestrict=POST]
2025-11-16 13:02:31 [scheduling-1] DEBUG o.a.camel.support.DefaultConsumer - Starting consumer: Consumer[servlet:/api/hello?httpMethodRestrict=POST]
2025-11-16 13:02:31 [scheduling-1] DEBUG o.a.c.h.common.DefaultHttpRegistry - Registering consumer for path /api/hello providers present: 1
2025-11-16 13:02:31 [scheduling-1] DEBUG o.a.c.c.s.CamelHttpTransportServlet - Connecting consumer: Consumer[servlet:/api/hello?httpMethodRestrict=POST]
2025-11-16 13:02:31 [scheduling-1] DEBUG o.a.c.i.e.InternalRouteStartupManager - Route: my-new-route started and consuming from: servlet:/api/hello
2025-11-16 13:02:31 [scheduling-1] DEBUG o.a.c.i.e.InternalRouteStartupManager - Warming up route id: my-new-route having autoStartup=true
2025-11-16 13:02:31 [scheduling-1] DEBUG o.a.c.i.e.InternalRouteStartupManager - Route: my-new-route >>> Route[rest://post:/api/hello -> null]
2025-11-16 13:02:31 [scheduling-1] DEBUG o.a.c.i.e.InternalRouteStartupManager - Starting consumer (order: 1003) on route: my-new-route
2025-11-16 13:02:31 [scheduling-1] DEBUG o.a.c.i.e.InternalRouteStartupManager - Route: my-new-route started and consuming from: servlet:/api/hello
2025-11-16 13:02:31 [scheduling-1] INFO  c.m.b.k.service.DynamicRouteService - Re-added route my-new-route to context (DB says active)
2025-11-16 13:02:31 [scheduling-1] DEBUG o.a.c.i.engine.AbstractCamelContext - Adding route configurations from builder: Routes: []
2025-11-16 13:02:31 [scheduling-1] DEBUG o.a.c.i.engine.AbstractCamelContext - Adding routes from builder: Routes: []
2025-11-16 13:02:31 [scheduling-1] DEBUG o.a.c.i.e.DefaultUriFactoryResolver - Found EndpointUriFactory: integratedSystem via type: com.middleware.IntegratedSystemEndpointUriFactory via: META-INF/services/org/apache/camel/urifactory/integratedSystem
2025-11-16 13:02:31 [scheduling-1] DEBUG o.a.camel.support.DefaultComponent - Creating endpoint uri=[rest://get:/api/hello], path=[get:/api/hello]
2025-11-16 13:02:31 [scheduling-1] DEBUG o.a.c.i.engine.AbstractCamelContext - rest://get:/api/hello converted to endpoint: rest://get:/api/hello by component: org.apache.camel.component.rest.RestComponent@6aa5863f
2025-11-16 13:02:31 [scheduling-1] DEBUG o.a.c.i.engine.AbstractCamelContext - Using ComponentResolver: org.apache.camel.impl.engine.DefaultComponentResolver@27732956 to resolve component with name: integratedSystem
2025-11-16 13:02:31 [scheduling-1] DEBUG o.a.camel.support.ResolverHelper - Lookup Component with name integratedSystem in registry. Found: null
2025-11-16 13:02:31 [scheduling-1] DEBUG o.a.camel.support.ResolverHelper - Lookup Component with name integratedSystem-component in registry. Found: null
2025-11-16 13:02:31 [scheduling-1] DEBUG o.a.c.i.e.DefaultComponentResolver - Found component: integratedSystem via type: com.middleware.IntegratedSystemComponent via: META-INF/services/org/apache/camel/component/integratedSystem
2025-11-16 13:02:31 [scheduling-1] DEBUG o.a.c.i.e.DefaultConfigurerResolver - Found configurer: integratedSystem-component via type: com.middleware.IntegratedSystemComponentConfigurer via: META-INF/services/org/apache/camel/configurer/integratedSystem-component
2025-11-16 13:02:31 [scheduling-1] DEBUG o.a.c.i.e.DefaultConfigurerResolver - Found configurer: integratedSystem-endpoint via type: com.middleware.IntegratedSystemEndpointConfigurer via: META-INF/services/org/apache/camel/configurer/integratedSystem-endpoint
2025-11-16 13:02:31 [scheduling-1] DEBUG o.a.c.i.e.DefaultConfigurerResolver - Found configurer: integratedSystem-component via type: com.middleware.IntegratedSystemComponentConfigurer via: META-INF/services/org/apache/camel/configurer/integratedSystem-component
2025-11-16 13:02:31 [scheduling-1] DEBUG o.a.camel.support.DefaultComponent - Creating endpoint uri=[integratedSystem://null?code=DHIS2.STABLE], path=[null]
2025-11-16 13:02:31 [scheduling-1] INFO  c.m.IntegratedSystemComponent - Created IntegratedSystemEndpoint for URI: integratedSystem://null?code=DHIS2.STABLE
2025-11-16 13:02:31 [scheduling-1] DEBUG o.a.c.i.engine.AbstractCamelContext - integratedSystem://null?code=DHIS2.STABLE converted to endpoint: integratedSystem://null?code=DHIS2.STABLE by component: com.middleware.IntegratedSystemComponent@13e75033
2025-11-16 13:02:31 [scheduling-1] DEBUG o.a.c.i.engine.AbstractCamelContext - Resolving language: simple
2025-11-16 13:02:31 [scheduling-1] DEBUG o.apache.camel.reifier.RouteReifier - RoutePolicy is enabled: com.middleware.backend.policy.LoggingRoutePolicy@66aa19c2 on route: test
2025-11-16 13:02:31 [scheduling-1] DEBUG o.a.c.i.e.InternalRouteStartupManager - Warming up route id: test having autoStartup=true
2025-11-16 13:02:31 [scheduling-1] DEBUG o.a.camel.support.DefaultComponent - Creating endpoint uri=[servlet:///api/hello?httpMethodRestrict=GET], path=[/api/hello]
2025-11-16 13:02:31 [scheduling-1] DEBUG o.a.c.i.engine.AbstractCamelContext - servlet:///api/hello?httpMethodRestrict=GET converted to endpoint: servlet:/api/hello?httpMethodRestrict=GET by component: org.apache.camel.component.servlet.ServletComponent@2a437f55
2025-11-16 13:02:31 [scheduling-1] DEBUG o.a.camel.support.DefaultProducer - Starting producer: Producer[integratedSystem://null?code=DHIS2.STABLE]
2025-11-16 13:02:31 [scheduling-1] DEBUG o.a.camel.support.DefaultProducer - Starting producer: Producer[log://output]
2025-11-16 13:02:31 [scheduling-1] DEBUG o.a.c.i.e.InternalRouteStartupManager - Route: test >>> Route[rest://get:/api/hello -> null]
2025-11-16 13:02:31 [scheduling-1] DEBUG o.a.c.i.e.InternalRouteStartupManager - Starting consumer (order: 1004) on route: test
2025-11-16 13:02:31 [scheduling-1] DEBUG o.a.camel.support.DefaultConsumer - Build consumer: Consumer[servlet:/api/hello?httpMethodRestrict=GET]
2025-11-16 13:02:31 [scheduling-1] DEBUG o.a.camel.support.DefaultConsumer - Init consumer: Consumer[servlet:/api/hello?httpMethodRestrict=GET]
2025-11-16 13:02:31 [scheduling-1] DEBUG o.a.camel.support.DefaultConsumer - Starting consumer: Consumer[servlet:/api/hello?httpMethodRestrict=GET]
2025-11-16 13:02:31 [scheduling-1] DEBUG o.a.c.h.common.DefaultHttpRegistry - Registering consumer for path /api/hello providers present: 1
2025-11-16 13:02:31 [scheduling-1] DEBUG o.a.c.c.s.CamelHttpTransportServlet - Connecting consumer: Consumer[servlet:/api/hello?httpMethodRestrict=GET]
2025-11-16 13:02:31 [scheduling-1] DEBUG o.a.c.i.e.InternalRouteStartupManager - Route: test started and consuming from: servlet:/api/hello
2025-11-16 13:02:31 [scheduling-1] DEBUG o.a.c.i.e.InternalRouteStartupManager - Warming up route id: test having autoStartup=true
2025-11-16 13:02:31 [scheduling-1] DEBUG o.a.c.i.e.InternalRouteStartupManager - Route: test >>> Route[rest://get:/api/hello -> null]
2025-11-16 13:02:31 [scheduling-1] DEBUG o.a.c.i.e.InternalRouteStartupManager - Starting consumer (order: 1005) on route: test
2025-11-16 13:02:31 [scheduling-1] DEBUG o.a.c.i.e.InternalRouteStartupManager - Route: test started and consuming from: servlet:/api/hello
2025-11-16 13:02:31 [scheduling-1] INFO  c.m.b.k.service.DynamicRouteService - Re-added route test to context (DB says active)
2025-11-16 13:02:31 [scheduling-1] INFO  c.m.b.k.service.DynamicRouteService - Completed route status sync
2025-11-16 13:03:00 [scheduling-1] INFO  c.m.b.k.service.DynamicRouteService - Starting route status sync with Camel context
2025-11-16 13:03:00 [scheduling-1] INFO  c.m.b.k.service.DynamicRouteService - Completed route status sync
2025-11-16 13:03:30 [scheduling-1] INFO  c.m.b.k.service.DynamicRouteService - Starting route status sync with Camel context
2025-11-16 13:03:30 [scheduling-1] INFO  c.m.b.k.service.DynamicRouteService - Completed route status sync
2025-11-16 13:04:00 [scheduling-1] INFO  c.m.b.k.service.DynamicRouteService - Starting route status sync with Camel context
2025-11-16 13:04:00 [scheduling-1] INFO  c.m.b.k.service.DynamicRouteService - Completed route status sync
2025-11-16 13:04:30 [scheduling-1] INFO  c.m.b.k.service.DynamicRouteService - Starting route status sync with Camel context
2025-11-16 13:04:30 [scheduling-1] INFO  c.m.b.k.service.DynamicRouteService - Completed route status sync
2025-11-16 13:05:00 [scheduling-1] INFO  c.m.b.k.service.DynamicRouteService - Starting route status sync with Camel context
2025-11-16 13:05:00 [scheduling-1] INFO  c.m.b.k.service.DynamicRouteService - Completed route status sync
2025-11-16 13:05:30 [scheduling-1] INFO  c.m.b.k.service.DynamicRouteService - Starting route status sync with Camel context
2025-11-16 13:05:30 [scheduling-1] INFO  c.m.b.k.service.DynamicRouteService - Completed route status sync
2025-11-16 13:06:00 [scheduling-1] INFO  c.m.b.k.service.DynamicRouteService - Starting route status sync with Camel context
2025-11-16 13:06:00 [scheduling-1] INFO  c.m.b.k.service.DynamicRouteService - Completed route status sync
2025-11-16 13:06:30 [scheduling-1] INFO  c.m.b.k.service.DynamicRouteService - Starting route status sync with Camel context
2025-11-16 13:06:30 [scheduling-1] INFO  c.m.b.k.service.DynamicRouteService - Completed route status sync
2025-11-16 13:06:33 [SpringApplicationShutdownHook] DEBUG o.a.camel.spring.SpringCamelContext - onApplicationEvent: org.springframework.boot.availability.AvailabilityChangeEvent[source=org.springframework.boot.web.servlet.context.AnnotationConfigServletWebServerApplicationContext@5af5def9, started on Sun Nov 16 13:02:18 EET 2025]
2025-11-16 13:06:33 [SpringApplicationShutdownHook] DEBUG o.a.camel.spring.SpringCamelContext - onApplicationEvent: org.springframework.context.event.ContextClosedEvent[source=org.springframework.boot.web.servlet.context.AnnotationConfigServletWebServerApplicationContext@5af5def9, started on Sun Nov 16 13:02:18 EET 2025]
2025-11-16 13:06:33 [SpringApplicationShutdownHook] INFO  org.quartz.core.QuartzScheduler - Scheduler quartzScheduler_$_NON_CLUSTERED paused.
2025-11-16 13:06:33 [SpringApplicationShutdownHook] INFO  o.a.c.i.engine.AbstractCamelContext - Apache Camel 4.4.0 (camel-1) is shutting down (timeout:45s)
2025-11-16 13:06:33 [SpringApplicationShutdownHook] DEBUG o.a.c.i.e.DefaultShutdownStrategy - Starting to graceful shutdown 3 routes (timeout 45 seconds)
2025-11-16 13:06:33 [SpringApplicationShutdownHook] DEBUG o.a.c.i.e.BaseExecutorServiceManager - Created new ThreadPool for source: org.apache.camel.impl.engine.DefaultShutdownStrategy@6aba77a4 with name: ShutdownTask. -> org.apache.camel.util.concurrent.RejectableThreadPoolExecutor@732e844a[Running, pool size = 0, active threads = 0, queued tasks = 0, completed tasks = 0][ShutdownTask]
2025-11-16 13:06:33 [Camel (camel-1) thread #1 - ShutdownTask] DEBUG o.a.c.i.e.DefaultShutdownStrategy - There are 3 routes to shutdown
2025-11-16 13:06:33 [Camel (camel-1) thread #1 - ShutdownTask] DEBUG o.a.c.i.e.DefaultShutdownStrategy - Route: test suspended and shutdown deferred, was consuming from: rest://get:/api/hello
2025-11-16 13:06:33 [Camel (camel-1) thread #1 - ShutdownTask] DEBUG o.a.c.i.e.DefaultShutdownStrategy - Route: my-new-route suspended and shutdown deferred, was consuming from: rest://post:/api/hello
2025-11-16 13:06:33 [Camel (camel-1) thread #1 - ShutdownTask] DEBUG o.a.c.i.e.DefaultShutdownStrategy - Route: get-user-from-ap21ewi suspended and shutdown deferred, was consuming from: rest://get:/external-users/%7Bid%7D
2025-11-16 13:06:33 [Camel (camel-1) thread #1 - ShutdownTask] DEBUG o.a.c.h.common.DefaultHttpRegistry - Unregistering consumer for path /api/hello
2025-11-16 13:06:33 [Camel (camel-1) thread #1 - ShutdownTask] DEBUG o.a.c.c.s.CamelHttpTransportServlet - Disconnecting consumer: Consumer[servlet:/api/hello?httpMethodRestrict=GET]
2025-11-16 13:06:33 [Camel (camel-1) thread #1 - ShutdownTask] DEBUG o.a.camel.support.DefaultConsumer - Stopping consumer: Consumer[servlet:/api/hello?httpMethodRestrict=GET]
2025-11-16 13:06:33 [Camel (camel-1) thread #1 - ShutdownTask] DEBUG o.a.camel.support.DefaultProducer - Stopping producer: Producer[integratedSystem://null?code=DHIS2.STABLE]
2025-11-16 13:06:33 [Camel (camel-1) thread #1 - ShutdownTask] DEBUG o.a.camel.support.DefaultProducer - Stopping producer: Producer[log://output]
2025-11-16 13:06:33 [Camel (camel-1) thread #1 - ShutdownTask] DEBUG o.a.c.i.e.DefaultShutdownStrategy - Route: test shutdown complete, was consuming from: rest://get:/api/hello
2025-11-16 13:06:33 [Camel (camel-1) thread #1 - ShutdownTask] DEBUG o.a.c.h.common.DefaultHttpRegistry - Unregistering consumer for path /api/hello
2025-11-16 13:06:33 [Camel (camel-1) thread #1 - ShutdownTask] DEBUG o.a.c.c.s.CamelHttpTransportServlet - Disconnecting consumer: Consumer[servlet:/api/hello?httpMethodRestrict=POST]
2025-11-16 13:06:33 [Camel (camel-1) thread #1 - ShutdownTask] DEBUG o.a.camel.support.DefaultConsumer - Stopping consumer: Consumer[servlet:/api/hello?httpMethodRestrict=POST]
2025-11-16 13:06:33 [Camel (camel-1) thread #1 - ShutdownTask] DEBUG o.a.camel.support.DefaultProducer - Stopping producer: Producer[log://output]
2025-11-16 13:06:33 [Camel (camel-1) thread #1 - ShutdownTask] DEBUG o.a.camel.support.DefaultProducer - Stopping producer: Producer[errormappingcomponent://null?code=1]
2025-11-16 13:06:33 [Camel (camel-1) thread #1 - ShutdownTask] DEBUG o.a.c.i.e.DefaultShutdownStrategy - Route: my-new-route shutdown complete, was consuming from: rest://post:/api/hello
2025-11-16 13:06:33 [Camel (camel-1) thread #1 - ShutdownTask] DEBUG o.a.c.h.common.DefaultHttpRegistry - Unregistering consumer for path /external-users/{id}
2025-11-16 13:06:33 [Camel (camel-1) thread #1 - ShutdownTask] DEBUG o.a.c.c.s.CamelHttpTransportServlet - Disconnecting consumer: Consumer[servlet:/external-users/%7Bid%7D?httpMethodRestrict=GET]
2025-11-16 13:06:33 [Camel (camel-1) thread #1 - ShutdownTask] DEBUG o.a.camel.support.DefaultConsumer - Stopping consumer: Consumer[servlet:/external-users/%7Bid%7D?httpMethodRestrict=GET]
2025-11-16 13:06:33 [Camel (camel-1) thread #1 - ShutdownTask] DEBUG o.a.camel.support.DefaultProducer - Stopping producer: Producer[errormappingcomponent://null?code=CODE_TEST]
2025-11-16 13:06:33 [Camel (camel-1) thread #1 - ShutdownTask] DEBUG o.a.camel.support.DefaultProducer - Stopping producer: Producer[errormappingcomponent://null?code=CODE_TEST1]
2025-11-16 13:06:33 [Camel (camel-1) thread #1 - ShutdownTask] DEBUG o.a.c.i.e.DefaultShutdownStrategy - Route: get-user-from-ap21ewi shutdown complete, was consuming from: rest://get:/external-users/%7Bid%7D
2025-11-16 13:06:33 [SpringApplicationShutdownHook] DEBUG o.a.c.i.e.DefaultShutdownStrategy - Graceful shutdown of 3 routes completed in 8ms
2025-11-16 13:06:33 [SpringApplicationShutdownHook] DEBUG o.a.c.i.e.DefaultAsyncProcessorAwaitManager - Shutting down with no inflight threads.
2025-11-16 13:06:33 [SpringApplicationShutdownHook] DEBUG o.a.camel.support.DefaultConsumer - Shutting down consumer: Consumer[servlet:/api/hello?httpMethodRestrict=GET]
2025-11-16 13:06:33 [SpringApplicationShutdownHook] DEBUG o.a.camel.support.DefaultConsumer - Shutting down consumer: Consumer[servlet:/api/hello?httpMethodRestrict=POST]
2025-11-16 13:06:33 [SpringApplicationShutdownHook] DEBUG o.a.camel.support.DefaultConsumer - Shutting down consumer: Consumer[servlet:/external-users/%7Bid%7D?httpMethodRestrict=GET]
2025-11-16 13:06:33 [SpringApplicationShutdownHook] INFO  o.a.c.i.engine.AbstractCamelContext - Routes stopped (stopped:3)
2025-11-16 13:06:33 [SpringApplicationShutdownHook] INFO  o.a.c.i.engine.AbstractCamelContext -     Stopped test (rest://get:/api/hello)
2025-11-16 13:06:33 [SpringApplicationShutdownHook] INFO  o.a.c.i.engine.AbstractCamelContext -     Stopped my-new-route (rest://post:/api/hello)
2025-11-16 13:06:33 [SpringApplicationShutdownHook] INFO  o.a.c.i.engine.AbstractCamelContext -     Stopped get-user-from-ap21ewi (rest://get:/external-users/%7Bid%7D)
2025-11-16 13:06:33 [SpringApplicationShutdownHook] DEBUG o.a.c.i.e.BaseExecutorServiceManager - Forcing shutdown of ExecutorService: org.apache.camel.util.concurrent.SizedScheduledExecutorService@22265a2d[ErrorHandlerRedeliveryTask]
2025-11-16 13:06:33 [SpringApplicationShutdownHook] DEBUG o.a.c.i.e.DefaultInflightRepository - Shutting down with no inflight exchanges.
2025-11-16 13:06:33 [SpringApplicationShutdownHook] DEBUG o.a.c.i.e.BaseExecutorServiceManager - Forcing shutdown of ExecutorService: org.apache.camel.util.concurrent.RejectableThreadPoolExecutor@732e844a[Running, pool size = 1, active threads = 0, queued tasks = 0, completed tasks = 1][ShutdownTask]
2025-11-16 13:06:33 [SpringApplicationShutdownHook] DEBUG o.a.c.i.e.DefaultBeanIntrospection - Stopping BeanIntrospection which was invoked: 16 times
2025-11-16 13:06:33 [SpringApplicationShutdownHook] INFO  o.a.c.i.engine.AbstractCamelContext - Apache Camel 4.4.0 (camel-1) shutdown in 14ms (uptime:4m3s)
2025-11-16 13:06:33 [SpringApplicationShutdownHook] DEBUG o.a.c.m.SimpleMainShutdownStrategy - Shutdown called
2025-11-16 13:06:33 [SpringApplicationShutdownHook] INFO  org.quartz.core.QuartzScheduler - Scheduler quartzScheduler_$_NON_CLUSTERED shutting down.
2025-11-16 13:06:33 [SpringApplicationShutdownHook] INFO  org.quartz.core.QuartzScheduler - Scheduler quartzScheduler_$_NON_CLUSTERED paused.
2025-11-16 13:06:33 [SpringApplicationShutdownHook] INFO  org.quartz.core.QuartzScheduler - Scheduler quartzScheduler_$_NON_CLUSTERED shutdown complete.
2025-11-16 13:06:33 [SpringApplicationShutdownHook] DEBUG o.a.c.h.common.DefaultHttpRegistry - Unregistering CamelServlet with name CamelServlet
2025-11-16 13:06:33 [SpringApplicationShutdownHook] INFO  o.a.c.c.s.CamelHttpTransportServlet - Destroyed CamelHttpTransportServlet[CamelServlet]
