2026-05-03 15:08:34 [background-preinit] INFO  o.h.validator.internal.util.Version - HV000001: Hibernate Validator 8.0.2.Final
2026-05-03 15:08:34 [main] INFO  c.middleware.MiddlewareApplication - Starting MiddlewareApplication using Java 21.0.9 with PID 20484 (C:\Users\1\OneDrive\Desktop\UBS\MoH Middleware\middleware\target\classes started by 1 in C:\Users\1\OneDrive\Desktop\UBS\MoH Middleware\middleware)
2026-05-03 15:08:34 [main] INFO  c.middleware.MiddlewareApplication - No active profile set, falling back to 1 default profile: "default"
2026-05-03 15:08:37 [main] INFO  o.a.coyote.http11.Http11NioProtocol - Initializing ProtocolHandler ["http-nio-8081"]
2026-05-03 15:08:37 [main] INFO  o.a.catalina.core.StandardService - Starting service [Tomcat]
2026-05-03 15:08:37 [main] INFO  o.a.catalina.core.StandardEngine - Starting Servlet engine: [Apache Tomcat/10.1.39]
2026-05-03 15:08:37 [main] INFO  o.a.c.c.C.[Tomcat].[localhost].[/] - Initializing Spring embedded WebApplicationContext
2026-05-03 15:08:37 [main] INFO  o.h.jpa.internal.util.LogHelper - HHH000204: Processing PersistenceUnitInfo [name: default]
2026-05-03 15:08:37 [main] INFO  org.hibernate.Version - HHH000412: Hibernate ORM core version 6.6.11.Final
2026-05-03 15:08:37 [main] INFO  o.h.c.i.RegionFactoryInitiator - HHH000026: Second-level cache disabled
2026-05-03 15:08:37 [main] WARN  org.hibernate.orm.deprecation - HHH90000025: PostgreSQLDialect does not need to be specified explicitly using 'hibernate.dialect' (remove the property setting and it will be selected by default)
2026-05-03 15:08:37 [main] INFO  o.hibernate.orm.connections.pooling - HHH10001005: Database info:
	Database JDBC URL [Connecting through datasource 'org.springframework.jdbc.datasource.DriverManagerDataSource@46b55a0e']
	Database driver: undefined/unknown
	Database version: 17.0
	Autocommit mode: undefined/unknown
	Isolation level: undefined/unknown
	Minimum pool size: undefined/unknown
	Maximum pool size: undefined/unknown
2026-05-03 15:08:39 [main] INFO  o.h.e.t.j.p.i.JtaPlatformInitiator - HHH000489: No JTA platform available (set 'hibernate.transaction.jta.platform' to enable JTA platform integration)
2026-05-03 15:08:40 [main] DEBUG o.a.camel.spring.SpringCamelContext - Set the application context classloader to: TomcatEmbeddedWebappClassLoader
  context: ROOT
  delegate: true
----------> Parent Classloader:
jdk.internal.loader.ClassLoaders$AppClassLoader@76ed5528

2026-05-03 15:08:40 [main] DEBUG o.a.camel.support.LRUCacheFactory - Creating DefaultLRUCacheFactory
2026-05-03 15:08:40 [main] DEBUG o.a.c.i.e.DefaultCamelContextExtension - Setting up management with factory: org.apache.camel.impl.engine.DefaultManagementStrategyFactory@44808c29
2026-05-03 15:08:40 [main] DEBUG o.a.camel.support.ResolverHelper - Found HealthCheckRegistry: org.apache.camel.impl.health.DefaultHealthCheckRegistry via: META-INF/services/org/apache/camel/health-check/default-registry
2026-05-03 15:08:40 [main] DEBUG o.a.camel.support.ResolverHelper - Detected and using HealthCheckRegistry: org.apache.camel.impl.health.DefaultHealthCheckRegistry@16b5c059
2026-05-03 15:08:40 [main] DEBUG o.a.c.i.h.DefaultHealthCheckRegistry - HealthCheckRepository with id registry-health-check-repository successfully registered
2026-05-03 15:08:40 [main] DEBUG o.a.c.i.c.BaseTypeConverterRegistry - Loading file META-INF/services/org/apache/camel/TypeConverterLoader to retrieve list of type converters, from url: jar:file:/C:/Users/1/.m2/repository/org/apache/camel/camel-spring/4.4.0/camel-spring-4.4.0.jar!/META-INF/services/org/apache/camel/TypeConverterLoader
2026-05-03 15:08:40 [main] DEBUG o.a.c.i.c.BaseTypeConverterRegistry - Loading file META-INF/services/org/apache/camel/TypeConverterLoader to retrieve list of type converters, from url: jar:file:/C:/Users/1/.m2/repository/org/apache/camel/camel-xml-jaxp/4.4.0/camel-xml-jaxp-4.4.0.jar!/META-INF/services/org/apache/camel/TypeConverterLoader
2026-05-03 15:08:40 [main] DEBUG o.a.c.i.c.BaseTypeConverterRegistry - Loading file META-INF/services/org/apache/camel/TypeConverterLoader to retrieve list of type converters, from url: jar:file:/C:/Users/1/.m2/repository/org/apache/camel/camel-http/4.4.0/camel-http-4.4.0.jar!/META-INF/services/org/apache/camel/TypeConverterLoader
2026-05-03 15:08:40 [main] DEBUG o.a.c.i.c.BaseTypeConverterRegistry - Loading file META-INF/services/org/apache/camel/TypeConverterLoader to retrieve list of type converters, from url: jar:file:/C:/Users/1/.m2/repository/org/apache/camel/camel-http-common/4.4.0/camel-http-common-4.4.0.jar!/META-INF/services/org/apache/camel/TypeConverterLoader
2026-05-03 15:08:40 [main] DEBUG o.a.c.i.c.BaseTypeConverterRegistry - Loading file META-INF/services/org/apache/camel/TypeConverterLoader to retrieve list of type converters, from url: jar:file:/C:/Users/1/.m2/repository/org/apache/camel/camel-attachments/4.4.0/camel-attachments-4.4.0.jar!/META-INF/services/org/apache/camel/TypeConverterLoader
2026-05-03 15:08:40 [main] DEBUG o.a.c.i.c.BaseTypeConverterRegistry - Loading file META-INF/services/org/apache/camel/TypeConverterLoader to retrieve list of type converters, from url: jar:file:/C:/Users/1/.m2/repository/org/apache/camel/camel-jackson/4.4.0/camel-jackson-4.4.0.jar!/META-INF/services/org/apache/camel/TypeConverterLoader
2026-05-03 15:08:40 [main] DEBUG o.a.c.i.c.BaseTypeConverterRegistry - Loading file META-INF/services/org/apache/camel/TypeConverterLoader to retrieve list of type converters, from url: jar:file:/C:/Users/1/.m2/repository/org/apache/camel/camel-support/4.4.0/camel-support-4.4.0.jar!/META-INF/services/org/apache/camel/TypeConverterLoader
2026-05-03 15:08:40 [main] DEBUG o.a.c.i.c.BaseTypeConverterRegistry - Loading file META-INF/services/org/apache/camel/TypeConverterLoader to retrieve list of type converters, from url: jar:file:/C:/Users/1/.m2/repository/org/apache/camel/camel-file/4.4.0/camel-file-4.4.0.jar!/META-INF/services/org/apache/camel/TypeConverterLoader
2026-05-03 15:08:40 [main] DEBUG o.a.c.i.c.BaseTypeConverterRegistry - Loading file META-INF/services/org/apache/camel/TypeConverterLoader to retrieve list of type converters, from url: jar:file:/C:/Users/1/.m2/repository/org/apache/camel/camel-base/4.4.0/camel-base-4.4.0.jar!/META-INF/services/org/apache/camel/TypeConverterLoader
2026-05-03 15:08:40 [main] DEBUG o.a.c.i.c.BaseTypeConverterRegistry - Loading file META-INF/services/org/apache/camel/TypeConverterLoader to retrieve list of type converters, from url: jar:file:/C:/Users/1/.m2/repository/org/apache/camel/camel-spring/4.4.0/camel-spring-4.4.0.jar!/META-INF/services/org/apache/camel/TypeConverterLoader
2026-05-03 15:08:40 [main] DEBUG o.a.c.i.c.BaseTypeConverterRegistry - Loading file META-INF/services/org/apache/camel/TypeConverterLoader to retrieve list of type converters, from url: jar:file:/C:/Users/1/.m2/repository/org/apache/camel/camel-xml-jaxp/4.4.0/camel-xml-jaxp-4.4.0.jar!/META-INF/services/org/apache/camel/TypeConverterLoader
2026-05-03 15:08:40 [main] DEBUG o.a.c.i.c.BaseTypeConverterRegistry - Loading file META-INF/services/org/apache/camel/TypeConverterLoader to retrieve list of type converters, from url: jar:file:/C:/Users/1/.m2/repository/org/apache/camel/camel-http/4.4.0/camel-http-4.4.0.jar!/META-INF/services/org/apache/camel/TypeConverterLoader
2026-05-03 15:08:40 [main] DEBUG o.a.c.i.c.BaseTypeConverterRegistry - Loading file META-INF/services/org/apache/camel/TypeConverterLoader to retrieve list of type converters, from url: jar:file:/C:/Users/1/.m2/repository/org/apache/camel/camel-http-common/4.4.0/camel-http-common-4.4.0.jar!/META-INF/services/org/apache/camel/TypeConverterLoader
2026-05-03 15:08:40 [main] DEBUG o.a.c.i.c.BaseTypeConverterRegistry - Loading file META-INF/services/org/apache/camel/TypeConverterLoader to retrieve list of type converters, from url: jar:file:/C:/Users/1/.m2/repository/org/apache/camel/camel-attachments/4.4.0/camel-attachments-4.4.0.jar!/META-INF/services/org/apache/camel/TypeConverterLoader
2026-05-03 15:08:40 [main] DEBUG o.a.c.i.c.BaseTypeConverterRegistry - Loading file META-INF/services/org/apache/camel/TypeConverterLoader to retrieve list of type converters, from url: jar:file:/C:/Users/1/.m2/repository/org/apache/camel/camel-jackson/4.4.0/camel-jackson-4.4.0.jar!/META-INF/services/org/apache/camel/TypeConverterLoader
2026-05-03 15:08:40 [main] DEBUG o.a.c.i.c.BaseTypeConverterRegistry - Loading file META-INF/services/org/apache/camel/TypeConverterLoader to retrieve list of type converters, from url: jar:file:/C:/Users/1/.m2/repository/org/apache/camel/camel-support/4.4.0/camel-support-4.4.0.jar!/META-INF/services/org/apache/camel/TypeConverterLoader
2026-05-03 15:08:40 [main] DEBUG o.a.c.i.c.BaseTypeConverterRegistry - Loading file META-INF/services/org/apache/camel/TypeConverterLoader to retrieve list of type converters, from url: jar:file:/C:/Users/1/.m2/repository/org/apache/camel/camel-file/4.4.0/camel-file-4.4.0.jar!/META-INF/services/org/apache/camel/TypeConverterLoader
2026-05-03 15:08:40 [main] DEBUG o.a.c.i.c.BaseTypeConverterRegistry - Loading file META-INF/services/org/apache/camel/TypeConverterLoader to retrieve list of type converters, from url: jar:file:/C:/Users/1/.m2/repository/org/apache/camel/camel-base/4.4.0/camel-base-4.4.0.jar!/META-INF/services/org/apache/camel/TypeConverterLoader
2026-05-03 15:08:40 [main] DEBUG o.a.c.i.c.BaseTypeConverterRegistry - Resolving TypeConverterLoader: org.apache.camel.spring.converter.ResourceConverterLoader
2026-05-03 15:08:40 [main] DEBUG o.a.c.i.c.BaseTypeConverterRegistry - TypeConverterLoader: org.apache.camel.spring.converter.ResourceConverterLoader loading converters
2026-05-03 15:08:40 [main] DEBUG o.a.c.i.c.BaseTypeConverterRegistry - Resolving TypeConverterLoader: org.apache.camel.converter.jaxp.CamelXmlJaxpBulkConverterLoader
2026-05-03 15:08:40 [main] DEBUG o.a.c.i.c.BaseTypeConverterRegistry - TypeConverterLoader: org.apache.camel.converter.jaxp.CamelXmlJaxpBulkConverterLoader loading converters
2026-05-03 15:08:40 [main] DEBUG o.a.c.i.c.BaseTypeConverterRegistry - Resolving TypeConverterLoader: org.apache.camel.component.http.HttpConvertersLoader
2026-05-03 15:08:40 [main] DEBUG o.a.c.i.c.BaseTypeConverterRegistry - TypeConverterLoader: org.apache.camel.component.http.HttpConvertersLoader loading converters
2026-05-03 15:08:40 [main] DEBUG o.a.c.i.c.BaseTypeConverterRegistry - Resolving TypeConverterLoader: org.apache.camel.component.http.HttpEntityConverterLoader
2026-05-03 15:08:40 [main] DEBUG o.a.c.i.c.BaseTypeConverterRegistry - TypeConverterLoader: org.apache.camel.component.http.HttpEntityConverterLoader loading converters
2026-05-03 15:08:40 [main] DEBUG o.a.c.i.c.BaseTypeConverterRegistry - Resolving TypeConverterLoader: org.apache.camel.http.common.HttpConverterLoader
2026-05-03 15:08:40 [main] DEBUG o.a.c.i.c.BaseTypeConverterRegistry - TypeConverterLoader: org.apache.camel.http.common.HttpConverterLoader loading converters
2026-05-03 15:08:40 [main] DEBUG o.a.c.i.c.BaseTypeConverterRegistry - Resolving TypeConverterLoader: org.apache.camel.attachment.AttachmentConverterLoader
2026-05-03 15:08:40 [main] DEBUG o.a.c.i.c.BaseTypeConverterRegistry - TypeConverterLoader: org.apache.camel.attachment.AttachmentConverterLoader loading converters
2026-05-03 15:08:40 [main] DEBUG o.a.c.i.c.BaseTypeConverterRegistry - Resolving TypeConverterLoader: org.apache.camel.component.jackson.converter.JacksonTypeConvertersLoader
2026-05-03 15:08:40 [main] DEBUG o.a.c.i.c.BaseTypeConverterRegistry - TypeConverterLoader: org.apache.camel.component.jackson.converter.JacksonTypeConvertersLoader loading converters
2026-05-03 15:08:40 [main] DEBUG o.a.c.i.c.BaseTypeConverterRegistry - Resolving TypeConverterLoader: org.apache.camel.converter.stream.StreamCacheBulkConverterLoader
2026-05-03 15:08:40 [main] DEBUG o.a.c.i.c.BaseTypeConverterRegistry - TypeConverterLoader: org.apache.camel.converter.stream.StreamCacheBulkConverterLoader loading converters
2026-05-03 15:08:40 [main] DEBUG o.a.c.i.c.BaseTypeConverterRegistry - Resolving TypeConverterLoader: org.apache.camel.component.file.GenericFileConverterLoader
2026-05-03 15:08:40 [main] DEBUG o.a.c.i.c.BaseTypeConverterRegistry - TypeConverterLoader: org.apache.camel.component.file.GenericFileConverterLoader loading converters
2026-05-03 15:08:40 [main] DEBUG o.a.c.i.c.BaseTypeConverterRegistry - Resolving TypeConverterLoader: org.apache.camel.converter.CamelBaseBulkConverterLoader
2026-05-03 15:08:40 [main] DEBUG o.a.c.i.c.BaseTypeConverterRegistry - TypeConverterLoader: org.apache.camel.converter.CamelBaseBulkConverterLoader loading converters
2026-05-03 15:08:40 [main] DEBUG o.a.c.i.c.DefaultTypeConverter - Loaded 259 type converters in 31ms
2026-05-03 15:08:40 [main] DEBUG o.a.c.i.engine.AbstractCamelContext - Apache Camel 4.4.0 (camel-1) built in 55ms
2026-05-03 15:08:40 [main] INFO  o.a.camel.util.concurrent.ThreadType - The type of thread detected is PLATFORM
2026-05-03 15:08:40 [main] DEBUG o.a.c.i.e.BaseExecutorServiceManager - Created new ScheduledThreadPool for source: ErrorHandlerRedeliveryThreadPool with name: ErrorHandlerRedeliveryTask -> org.apache.camel.util.concurrent.SizedScheduledExecutorService@3c1ca89c[ErrorHandlerRedeliveryTask]
2026-05-03 15:08:40 [main] DEBUG o.a.c.i.e.DefaultConfigurerResolver - Found configurer: spring-event-component via type: org.apache.camel.component.event.EventComponentConfigurer via: META-INF/services/org/apache/camel/configurer/spring-event-component
2026-05-03 15:08:40 [main] DEBUG o.a.c.i.e.DefaultConfigurerResolver - Found configurer: spring-event-endpoint via type: org.apache.camel.component.event.EventEndpointConfigurer via: META-INF/services/org/apache/camel/configurer/spring-event-endpoint
2026-05-03 15:08:40 [main] DEBUG o.a.c.i.e.DefaultConfigurerResolver - Found configurer: spring-event-component via type: org.apache.camel.component.event.EventComponentConfigurer via: META-INF/services/org/apache/camel/configurer/spring-event-component
2026-05-03 15:08:40 [main] DEBUG o.a.camel.spring.SpringCamelContext - Set the application context classloader to: TomcatEmbeddedWebappClassLoader
  context: ROOT
  delegate: true
----------> Parent Classloader:
jdk.internal.loader.ClassLoaders$AppClassLoader@76ed5528

2026-05-03 15:08:41 [main] DEBUG o.s.w.f.ServerHttpObservationFilter - Filter 'webMvcObservationFilter' configured for use
2026-05-03 15:08:41 [main] DEBUG o.s.w.f.CommonsRequestLoggingFilter - Filter 'logFilter' configured for use
2026-05-03 15:08:41 [main] DEBUG c.m.b.users.config.JwtRequestFilter - Filter 'jwtRequestFilter' configured for use
2026-05-03 15:08:41 [main] INFO  c.m.b.config.RestTemplateConfig - Creating RestTemplate with SSL trust-all configuration
2026-05-03 15:08:41 [main] INFO  c.m.b.config.RestTemplateConfig - RestTemplate configured with connect-timeout: 10000ms, read-timeout: 30000ms
2026-05-03 15:08:42 [main] INFO  org.quartz.impl.StdSchedulerFactory - Using default implementation for ThreadExecutor
2026-05-03 15:08:42 [main] INFO  o.quartz.core.SchedulerSignalerImpl - Initialized Scheduler Signaller of type: class org.quartz.core.SchedulerSignalerImpl
2026-05-03 15:08:42 [main] INFO  org.quartz.core.QuartzScheduler - Quartz Scheduler v.2.3.2 created.
2026-05-03 15:08:42 [main] INFO  org.quartz.simpl.RAMJobStore - RAMJobStore initialized.
2026-05-03 15:08:42 [main] INFO  org.quartz.core.QuartzScheduler - Scheduler meta-data: Quartz Scheduler (v2.3.2) 'quartzScheduler' with instanceId 'NON_CLUSTERED'
  Scheduler class: 'org.quartz.core.QuartzScheduler' - running locally.
  NOT STARTED.
  Currently in standby mode.
  Number of jobs executed: 0
  Using thread pool 'org.quartz.simpl.SimpleThreadPool' - with 10 threads.
  Using job-store 'org.quartz.simpl.RAMJobStore' - which does not support persistence. and is not clustered.

2026-05-03 15:08:42 [main] INFO  org.quartz.impl.StdSchedulerFactory - Quartz scheduler 'quartzScheduler' initialized from an externally provided properties instance.
2026-05-03 15:08:42 [main] INFO  org.quartz.impl.StdSchedulerFactory - Quartz scheduler version: 2.3.2
2026-05-03 15:08:42 [main] INFO  org.quartz.core.QuartzScheduler - JobFactory set to: org.springframework.scheduling.quartz.SpringBeanJobFactory@4ada5f90
2026-05-03 15:08:42 [main] INFO  c.m.IntegrationMappingComponent - IntegrationMappingComponent initialized with CamelContext.
2026-05-03 15:08:42 [main] INFO  c.m.b.c.IntegrationMappingConfiguration - ✅ Registered custom Camel component: integrationmapping
2026-05-03 15:08:42 [main] INFO  c.m.b.k.i.Dhis2HeaderFilterConfig - === Configuring DHIS2 Header Filter (Static Test) ===
2026-05-03 15:08:42 [main] INFO  c.m.b.k.i.Dhis2HeaderFilterConfig - DHIS2 Header Filter configured - allowing most headers for testing
2026-05-03 15:08:43 [main] DEBUG o.s.w.s.m.m.a.RequestMappingHandlerMapping - 165 mappings in 'requestMappingHandlerMapping'
2026-05-03 15:08:43 [main] DEBUG o.s.w.s.h.SimpleUrlHandlerMapping - Patterns [/webjars/**, /**, /swagger-ui*/*swagger-initializer.js, /swagger-ui*/**] in 'resourceHandlerMapping'
2026-05-03 15:08:43 [main] DEBUG o.a.c.i.h.DefaultHealthCheckRegistry - HealthCheck with id context successfully registered
2026-05-03 15:08:43 [main] DEBUG o.a.c.i.h.DefaultHealthCheckRegistry - HealthCheckRepository with id routes successfully registered
2026-05-03 15:08:43 [main] DEBUG o.a.c.i.h.DefaultHealthCheckRegistry - HealthCheckRepository with id producers successfully registered
2026-05-03 15:08:43 [main] DEBUG o.a.c.i.h.DefaultHealthCheckRegistry - HealthCheckRepository with id consumers successfully registered
2026-05-03 15:08:43 [main] DEBUG o.s.w.s.m.m.a.RequestMappingHandlerAdapter - ControllerAdvice beans: 0 @ModelAttribute, 0 @InitBinder, 1 RequestBodyAdvice, 1 ResponseBodyAdvice
2026-05-03 15:08:43 [main] DEBUG o.s.w.s.m.m.a.ExceptionHandlerExceptionResolver - ControllerAdvice beans: 2 @ExceptionHandler, 1 ResponseBodyAdvice
2026-05-03 15:08:44 [main] INFO  o.a.coyote.http11.Http11NioProtocol - Starting ProtocolHandler ["http-nio-8081"]
2026-05-03 15:08:44 [main] DEBUG o.a.c.h.common.DefaultHttpRegistry - Registering CamelServlet with name CamelServlet consumers present: 0
2026-05-03 15:08:44 [main] INFO  o.a.c.c.s.CamelHttpTransportServlet - Initialized CamelHttpTransportServlet[name=CamelServlet, contextPath=]
2026-05-03 15:08:44 [main] DEBUG o.a.camel.spring.SpringCamelContext - onApplicationEvent: org.springframework.boot.web.servlet.context.ServletWebServerInitializedEvent[source=org.springframework.boot.web.embedded.tomcat.TomcatWebServer@68681c6c]
2026-05-03 15:08:44 [main] INFO  org.quartz.core.QuartzScheduler - Scheduler quartzScheduler_$_NON_CLUSTERED started.
2026-05-03 15:08:44 [main] DEBUG o.a.c.s.b.CamelSpringBootApplicationListener - Post-processing CamelContext bean: camel-1
2026-05-03 15:08:44 [main] DEBUG o.apache.camel.main.RoutesConfigurer - RoutesCollectorEnabled: org.apache.camel.spring.boot.CamelSpringBootRoutesCollector@24ebe346
2026-05-03 15:08:44 [main] DEBUG o.a.c.s.b.CamelSpringBootRoutesCollector - Finding additional routes from: classpath:camel/*
2026-05-03 15:08:44 [main] DEBUG o.a.c.s.b.CamelSpringBootRoutesCollector - Finding additional routes from: classpath:camel-template/*
2026-05-03 15:08:44 [main] DEBUG o.a.c.s.b.CamelSpringBootRoutesCollector - Finding additional routes from: classpath:camel-rest/*
2026-05-03 15:08:44 [main] DEBUG o.a.c.s.b.CamelSpringBootRoutesCollector - No additional RoutesBuilder discovered from: classpath:camel/*,classpath:camel-template/*,classpath:camel-rest/*
2026-05-03 15:08:44 [main] DEBUG o.a.camel.spring.SpringCamelContext - onApplicationEvent: org.springframework.context.event.ContextRefreshedEvent[source=org.springframework.boot.web.servlet.context.AnnotationConfigServletWebServerApplicationContext@57a4d5ee, started on Sun May 03 15:08:34 EEST 2026]
2026-05-03 15:08:44 [main] DEBUG o.a.c.i.engine.AbstractCamelContext - Resolving language: simple
2026-05-03 15:08:44 [main] DEBUG o.a.camel.support.ResolverHelper - Lookup Language with name simple in registry. Found: null
2026-05-03 15:08:44 [main] DEBUG o.a.camel.support.ResolverHelper - Lookup Language with name simple-language in registry. Found: null
2026-05-03 15:08:44 [main] DEBUG o.a.c.language.simple.SimpleLanguage - Simple language predicate/expression cache size: 1000
2026-05-03 15:08:44 [main] DEBUG o.a.c.i.engine.AbstractCamelContext - Apache Camel 4.4.0 (camel-1) initialized in 44ms
2026-05-03 15:08:44 [main] INFO  o.a.c.i.engine.AbstractCamelContext - Apache Camel 4.4.0 (camel-1) is starting
2026-05-03 15:08:44 [main] DEBUG o.a.c.i.engine.AbstractCamelContext - Using ClassResolver=org.apache.camel.impl.engine.DefaultClassResolver@6a924d4b, PackageScanClassResolver=org.apache.camel.spring.boot.FatJarPackageScanClassResolver@618f21e1, ApplicationContextClassLoader=TomcatEmbeddedWebappClassLoader
  context: ROOT
  delegate: true
----------> Parent Classloader:
jdk.internal.loader.ClassLoaders$AppClassLoader@76ed5528
, RouteController=org.apache.camel.impl.engine.DefaultRouteController@6ea814e1
2026-05-03 15:08:44 [main] DEBUG o.a.c.i.engine.AbstractCamelContext - StreamCaching is disabled on CamelContext: camel-1
2026-05-03 15:08:44 [main] DEBUG o.a.c.i.engine.AbstractCamelContext - Using HeadersMapFactory: org.apache.camel.impl.engine.DefaultHeadersMapFactory@292d5a21
2026-05-03 15:08:44 [main] DEBUG o.a.c.i.engine.AbstractCamelContext - Using ReactiveExecutor: org.apache.camel.impl.engine.DefaultReactiveExecutor@4b95af5c
2026-05-03 15:08:44 [main] DEBUG o.a.c.i.engine.AbstractCamelContext - Using ThreadPoolFactory: org.apache.camel.support.DefaultThreadPoolFactory@b57235d
2026-05-03 15:08:44 [main] DEBUG o.a.c.i.engine.AbstractCamelContext - Using HealthCheck: camel-spring-boot
2026-05-03 15:08:44 [main] DEBUG o.a.c.i.e.DefaultStreamCachingStrategy - StreamCaching configuration DefaultStreamCachingStrategy[spoolDirectoryEnabled=false, spoolDirectory=null, spoolCipher=null, spoolThreshold=131072, spoolUsedHeapMemoryThreshold=0, bufferSize=0, anySpoolRules=false]
2026-05-03 15:08:44 [main] DEBUG o.a.c.i.e.DefaultStreamCachingStrategy - StreamCaching in use
2026-05-03 15:08:44 [main] DEBUG o.a.c.i.engine.AbstractCamelContext - Clearing BeanIntrospection cache with 1 objects using during starting Camel
2026-05-03 15:08:44 [main] DEBUG o.a.c.i.engine.AbstractCamelContext - BeanIntrospection invoked 4 times during starting Camel
2026-05-03 15:08:44 [main] INFO  o.a.c.i.engine.AbstractCamelContext - Routes startup (started:0)
2026-05-03 15:08:44 [main] INFO  o.a.c.i.engine.AbstractCamelContext - Apache Camel 4.4.0 (camel-1) started in 107ms (build:55ms init:44ms start:8ms)
2026-05-03 15:08:44 [main] DEBUG o.a.camel.support.ResolverHelper - Found ProcessorFactory: org.apache.camel.processor.DefaultProcessorFactory via: META-INF/services/org/apache/camel/processor-factory
2026-05-03 15:08:44 [main] DEBUG o.a.camel.support.ResolverHelper - Detected and using ProcessorFactory: org.apache.camel.processor.DefaultProcessorFactory@64635346
2026-05-03 15:08:44 [main] DEBUG o.a.camel.impl.DefaultCamelContext - start() took 57 millis
2026-05-03 15:08:44 [main] INFO  c.middleware.MiddlewareApplication - Started MiddlewareApplication in 10.248 seconds (process running for 11.331)
2026-05-03 15:08:44 [main] DEBUG o.a.camel.spring.SpringCamelContext - onApplicationEvent: org.springframework.boot.context.event.ApplicationStartedEvent[source=org.springframework.boot.SpringApplication@3dbb6d6e]
2026-05-03 15:08:44 [main] DEBUG o.a.camel.spring.SpringCamelContext - onApplicationEvent: org.springframework.boot.availability.AvailabilityChangeEvent[source=org.springframework.boot.web.servlet.context.AnnotationConfigServletWebServerApplicationContext@57a4d5ee, started on Sun May 03 15:08:34 EEST 2026]
2026-05-03 15:08:44 [scheduling-1] INFO  c.m.b.k.service.DynamicRouteService - Starting route status sync with Camel context
2026-05-03 15:08:44 [scheduling-1] WARN  c.m.b.k.service.DynamicRouteService - No active version found for route test
2026-05-03 15:08:44 [main] DEBUG o.a.camel.spring.SpringCamelContext - onApplicationEvent: org.springframework.boot.context.event.ApplicationReadyEvent[source=org.springframework.boot.SpringApplication@3dbb6d6e]
2026-05-03 15:08:44 [main] INFO  c.m.b.k.service.SequenceFixService - Fixing sequence for integration_mapping.id ...
2026-05-03 15:08:44 [scheduling-1] DEBUG o.a.c.i.engine.AbstractCamelContext - Adding route configurations from builder: Routes: []
2026-05-03 15:08:44 [scheduling-1] DEBUG o.a.c.i.engine.AbstractCamelContext - Adding routes from builder: Routes: []
2026-05-03 15:08:44 [scheduling-1] DEBUG o.a.c.i.e.DefaultUriFactoryResolver - Found EndpointUriFactory: config via type: com.middleware.ConfigEndpointUriFactory via: META-INF/services/org/apache/camel/urifactory/config
2026-05-03 15:08:44 [scheduling-1] DEBUG o.a.c.i.e.DefaultConfigurerResolver - Found configurer: org.apache.camel.spi.RestConfiguration via type: org.apache.camel.impl.RestConfigurationConfigurer via: META-INF/services/org/apache/camel/configurer/org.apache.camel.spi.RestConfiguration
2026-05-03 15:08:44 [scheduling-1] DEBUG o.a.c.i.e.DefaultConfigurerResolver - Found configurer: org.apache.camel.spi.RestConfiguration via type: org.apache.camel.impl.RestConfigurationConfigurer via: META-INF/services/org/apache/camel/configurer/org.apache.camel.spi.RestConfiguration
2026-05-03 15:08:44 [scheduling-1] DEBUG o.a.c.i.e.DefaultConfigurerResolver - Found configurer: org.apache.camel.spi.RestConfiguration via type: org.apache.camel.impl.RestConfigurationConfigurer via: META-INF/services/org/apache/camel/configurer/org.apache.camel.spi.RestConfiguration
2026-05-03 15:08:44 [scheduling-1] DEBUG o.a.c.i.e.DefaultConfigurerResolver - Found configurer: org.apache.camel.spi.RestConfiguration via type: org.apache.camel.impl.RestConfigurationConfigurer via: META-INF/services/org/apache/camel/configurer/org.apache.camel.spi.RestConfiguration
2026-05-03 15:08:44 [scheduling-1] DEBUG o.a.c.i.e.DefaultConfigurerResolver - Found configurer: org.apache.camel.spi.RestConfiguration via type: org.apache.camel.impl.RestConfigurationConfigurer via: META-INF/services/org/apache/camel/configurer/org.apache.camel.spi.RestConfiguration
2026-05-03 15:08:44 [scheduling-1] DEBUG o.a.c.i.e.DefaultConfigurerResolver - Found configurer: org.apache.camel.spi.RestConfiguration via type: org.apache.camel.impl.RestConfigurationConfigurer via: META-INF/services/org/apache/camel/configurer/org.apache.camel.spi.RestConfiguration
2026-05-03 15:08:44 [scheduling-1] DEBUG o.a.c.i.e.DefaultConfigurerResolver - Found configurer: org.apache.camel.spi.RestConfiguration via type: org.apache.camel.impl.RestConfigurationConfigurer via: META-INF/services/org/apache/camel/configurer/org.apache.camel.spi.RestConfiguration
2026-05-03 15:08:44 [scheduling-1] DEBUG o.a.c.i.e.DefaultConfigurerResolver - Found configurer: org.apache.camel.spi.RestConfiguration via type: org.apache.camel.impl.RestConfigurationConfigurer via: META-INF/services/org/apache/camel/configurer/org.apache.camel.spi.RestConfiguration
2026-05-03 15:08:44 [scheduling-1] DEBUG o.a.c.i.e.DefaultConfigurerResolver - Found configurer: org.apache.camel.spi.RestConfiguration via type: org.apache.camel.impl.RestConfigurationConfigurer via: META-INF/services/org/apache/camel/configurer/org.apache.camel.spi.RestConfiguration
2026-05-03 15:08:44 [scheduling-1] DEBUG o.a.c.i.e.DefaultConfigurerResolver - Found configurer: org.apache.camel.spi.RestConfiguration via type: org.apache.camel.impl.RestConfigurationConfigurer via: META-INF/services/org/apache/camel/configurer/org.apache.camel.spi.RestConfiguration
2026-05-03 15:08:44 [scheduling-1] DEBUG o.a.c.i.e.DefaultConfigurerResolver - Found configurer: org.apache.camel.spi.RestConfiguration via type: org.apache.camel.impl.RestConfigurationConfigurer via: META-INF/services/org/apache/camel/configurer/org.apache.camel.spi.RestConfiguration
2026-05-03 15:08:44 [scheduling-1] DEBUG o.a.c.i.e.DefaultConfigurerResolver - Found configurer: org.apache.camel.spi.RestConfiguration via type: org.apache.camel.impl.RestConfigurationConfigurer via: META-INF/services/org/apache/camel/configurer/org.apache.camel.spi.RestConfiguration
2026-05-03 15:08:44 [scheduling-1] DEBUG o.a.c.i.engine.AbstractCamelContext - Using ComponentResolver: org.apache.camel.impl.engine.DefaultComponentResolver@6e32a7e3 to resolve component with name: rest
2026-05-03 15:08:44 [scheduling-1] DEBUG o.a.camel.support.ResolverHelper - Lookup Component with name rest in registry. Found: null
2026-05-03 15:08:44 [scheduling-1] DEBUG o.a.camel.support.ResolverHelper - Lookup Component with name rest-component in registry. Found: null
2026-05-03 15:08:44 [main] INFO  c.m.b.k.service.SequenceFixService - Sequence public.integration_mapping_id_seq synced to 1. setval returned 1
2026-05-03 15:08:44 [main] INFO  c.m.b.k.service.SequenceFixService - Sequence fix done.
2026-05-03 15:08:44 [main] DEBUG o.a.camel.spring.SpringCamelContext - onApplicationEvent: org.springframework.boot.availability.AvailabilityChangeEvent[source=org.springframework.boot.web.servlet.context.AnnotationConfigServletWebServerApplicationContext@57a4d5ee, started on Sun May 03 15:08:34 EEST 2026]
2026-05-03 15:08:44 [scheduling-1] DEBUG o.a.c.i.e.DefaultComponentResolver - Found component: rest via type: org.apache.camel.component.rest.RestComponent via: META-INF/services/org/apache/camel/component/rest
2026-05-03 15:08:44 [scheduling-1] DEBUG o.a.c.i.e.DefaultConfigurerResolver - Found configurer: rest-component via type: org.apache.camel.component.rest.RestComponentConfigurer via: META-INF/services/org/apache/camel/configurer/rest-component
2026-05-03 15:08:44 [scheduling-1] DEBUG o.a.c.i.e.DefaultConfigurerResolver - Found configurer: rest-endpoint via type: org.apache.camel.component.rest.RestEndpointConfigurer via: META-INF/services/org/apache/camel/configurer/rest-endpoint
2026-05-03 15:08:44 [scheduling-1] DEBUG o.a.c.i.e.DefaultConfigurerResolver - Found configurer: rest-component via type: org.apache.camel.component.rest.RestComponentConfigurer via: META-INF/services/org/apache/camel/configurer/rest-component
2026-05-03 15:08:44 [scheduling-1] DEBUG o.a.camel.support.DefaultComponent - Creating endpoint uri=[rest://get:/api/header], path=[get:/api/header]
2026-05-03 15:08:44 [scheduling-1] DEBUG o.a.c.i.engine.AbstractCamelContext - rest://get:/api/header converted to endpoint: rest://get:/api/header by component: org.apache.camel.component.rest.RestComponent@73ebbc68
2026-05-03 15:08:44 [scheduling-1] DEBUG o.a.c.i.engine.AbstractCamelContext - Using ComponentResolver: org.apache.camel.impl.engine.DefaultComponentResolver@6e32a7e3 to resolve component with name: config
2026-05-03 15:08:44 [scheduling-1] DEBUG o.a.camel.support.ResolverHelper - Lookup Component with name config in registry. Found: null
2026-05-03 15:08:44 [scheduling-1] DEBUG o.a.camel.support.ResolverHelper - Lookup Component with name config-component in registry. Found: null
2026-05-03 15:08:44 [scheduling-1] DEBUG o.a.c.i.e.DefaultComponentResolver - Found component: config via type: com.middleware.ConfigComponent via: META-INF/services/org/apache/camel/component/config
2026-05-03 15:08:44 [scheduling-1] DEBUG o.a.c.i.e.DefaultConfigurerResolver - Found configurer: config-component via type: com.middleware.ConfigComponentConfigurer via: META-INF/services/org/apache/camel/configurer/config-component
2026-05-03 15:08:44 [scheduling-1] DEBUG o.a.c.i.e.DefaultConfigurerResolver - Found configurer: config-endpoint via type: com.middleware.ConfigEndpointConfigurer via: META-INF/services/org/apache/camel/configurer/config-endpoint
2026-05-03 15:08:44 [scheduling-1] DEBUG o.a.c.i.e.DefaultConfigurerResolver - Found configurer: config-component via type: com.middleware.ConfigComponentConfigurer via: META-INF/services/org/apache/camel/configurer/config-component
2026-05-03 15:08:44 [scheduling-1] DEBUG o.a.camel.support.DefaultComponent - Creating endpoint uri=[config://null?code=API_TIME_OUT], path=[null]
2026-05-03 15:08:44 [scheduling-1] INFO  com.middleware.ConfigComponent - Created ConfigEndpoint for URI: config://null?code=API_TIME_OUT
2026-05-03 15:08:44 [scheduling-1] DEBUG o.a.c.i.engine.AbstractCamelContext - config://null?code=API_TIME_OUT converted to endpoint: config://null?code=API_TIME_OUT by component: com.middleware.ConfigComponent@4f7f945c
2026-05-03 15:08:44 [scheduling-1] DEBUG o.a.camel.support.ResolverHelper - Found InternalProcessorFactory: org.apache.camel.processor.DefaultInternalProcessorFactory via: META-INF/services/org/apache/camel/internal-processor-factory
2026-05-03 15:08:44 [scheduling-1] DEBUG o.a.camel.support.ResolverHelper - Detected and using InternalProcessorFactory: org.apache.camel.processor.DefaultInternalProcessorFactory@52482e28
2026-05-03 15:08:44 [scheduling-1] DEBUG o.a.c.i.engine.AbstractCamelContext - Resolving language: simple
2026-05-03 15:08:44 [scheduling-1] DEBUG o.a.c.i.engine.AbstractCamelContext - Using ComponentResolver: org.apache.camel.impl.engine.DefaultComponentResolver@6e32a7e3 to resolve component with name: log
2026-05-03 15:08:44 [scheduling-1] DEBUG o.a.camel.support.ResolverHelper - Lookup Component with name log in registry. Found: null
2026-05-03 15:08:44 [scheduling-1] DEBUG o.a.camel.support.ResolverHelper - Lookup Component with name log-component in registry. Found: null
2026-05-03 15:08:44 [scheduling-1] DEBUG o.a.c.i.e.DefaultComponentResolver - Found component: log via type: org.apache.camel.component.log.LogComponent via: META-INF/services/org/apache/camel/component/log
2026-05-03 15:08:44 [scheduling-1] DEBUG o.a.c.i.e.DefaultConfigurerResolver - Found configurer: log-component via type: org.apache.camel.component.log.LogComponentConfigurer via: META-INF/services/org/apache/camel/configurer/log-component
2026-05-03 15:08:44 [scheduling-1] DEBUG o.a.c.i.e.DefaultConfigurerResolver - Found configurer: log-endpoint via type: org.apache.camel.component.log.LogEndpointConfigurer via: META-INF/services/org/apache/camel/configurer/log-endpoint
2026-05-03 15:08:44 [scheduling-1] DEBUG o.a.c.i.e.DefaultConfigurerResolver - Found configurer: log-component via type: org.apache.camel.component.log.LogComponentConfigurer via: META-INF/services/org/apache/camel/configurer/log-component
2026-05-03 15:08:44 [scheduling-1] DEBUG o.a.camel.support.DefaultComponent - Creating endpoint uri=[log://output], path=[output]
2026-05-03 15:08:44 [scheduling-1] DEBUG o.a.c.i.engine.AbstractCamelContext - log://output converted to endpoint: log://output by component: org.apache.camel.component.log.LogComponent@205a7706
2026-05-03 15:08:44 [scheduling-1] DEBUG o.apache.camel.reifier.RouteReifier - RoutePolicy is enabled: com.middleware.backend.policy.LoggingRoutePolicy@78ae7054 on route: header-test
2026-05-03 15:08:44 [scheduling-1] DEBUG o.a.c.i.e.InternalRouteStartupManager - Warming up route id: header-test having autoStartup=true
2026-05-03 15:08:44 [scheduling-1] DEBUG o.a.c.i.engine.AbstractCamelContext - Using ComponentResolver: org.apache.camel.impl.engine.DefaultComponentResolver@6e32a7e3 to resolve component with name: servlet
2026-05-03 15:08:44 [scheduling-1] DEBUG o.a.camel.support.ResolverHelper - Lookup Component with name servlet in registry. Found: null
2026-05-03 15:08:44 [scheduling-1] DEBUG o.a.camel.support.ResolverHelper - Lookup Component with name servlet-component in registry. Found: org.apache.camel.component.servlet.ServletComponent@2b1b2eeb
2026-05-03 15:08:44 [scheduling-1] DEBUG o.a.c.i.e.DefaultConfigurerResolver - Found configurer: servlet-component via type: org.apache.camel.component.servlet.ServletComponentConfigurer via: META-INF/services/org/apache/camel/configurer/servlet-component
2026-05-03 15:08:44 [scheduling-1] DEBUG o.a.c.i.e.DefaultConfigurerResolver - Found configurer: servlet-endpoint via type: org.apache.camel.component.servlet.ServletEndpointConfigurer via: META-INF/services/org/apache/camel/configurer/servlet-endpoint
2026-05-03 15:08:44 [scheduling-1] DEBUG o.a.c.i.e.DefaultConfigurerResolver - Found configurer: servlet-component via type: org.apache.camel.component.servlet.ServletComponentConfigurer via: META-INF/services/org/apache/camel/configurer/servlet-component
2026-05-03 15:08:44 [scheduling-1] DEBUG o.a.camel.support.DefaultComponent - Creating endpoint uri=[servlet:///api/header?httpMethodRestrict=GET], path=[/api/header]
2026-05-03 15:08:44 [scheduling-1] DEBUG o.a.c.i.engine.AbstractCamelContext - servlet:///api/header?httpMethodRestrict=GET converted to endpoint: servlet:/api/header?httpMethodRestrict=GET by component: org.apache.camel.component.servlet.ServletComponent@2b1b2eeb
2026-05-03 15:08:44 [scheduling-1] DEBUG o.a.camel.support.ResolverHelper - Found RestRegistryFactory: org.apache.camel.component.rest.DefaultRestRegistryFactory via: META-INF/services/org/apache/camel/rest-registry-factory
2026-05-03 15:08:44 [scheduling-1] DEBUG o.a.camel.support.ResolverHelper - Detected and using RestRegistryFactory: org.apache.camel.component.rest.DefaultRestRegistryFactory@4c4be301
2026-05-03 15:08:44 [scheduling-1] DEBUG o.a.camel.support.DefaultProducer - Starting producer: Producer[config://null?code=API_TIME_OUT]
2026-05-03 15:08:44 [scheduling-1] DEBUG o.a.camel.support.DefaultProducer - Starting producer: Producer[log://output]
2026-05-03 15:08:44 [scheduling-1] DEBUG o.a.c.i.e.InternalRouteStartupManager - Route: header-test >>> Route[rest://get:/api/header -> null]
2026-05-03 15:08:44 [scheduling-1] DEBUG o.a.c.i.e.InternalRouteStartupManager - Starting consumer (order: 1000) on route: header-test
2026-05-03 15:08:44 [scheduling-1] DEBUG o.a.camel.support.DefaultConsumer - Build consumer: Consumer[servlet:/api/header?httpMethodRestrict=GET]
2026-05-03 15:08:44 [scheduling-1] DEBUG o.a.camel.support.DefaultConsumer - Init consumer: Consumer[servlet:/api/header?httpMethodRestrict=GET]
2026-05-03 15:08:44 [scheduling-1] DEBUG o.a.camel.support.DefaultConsumer - Starting consumer: Consumer[servlet:/api/header?httpMethodRestrict=GET]
2026-05-03 15:08:44 [scheduling-1] DEBUG o.a.c.h.common.DefaultHttpRegistry - Registering consumer for path /api/header providers present: 1
2026-05-03 15:08:44 [scheduling-1] DEBUG o.a.c.c.s.CamelHttpTransportServlet - Connecting consumer: Consumer[servlet:/api/header?httpMethodRestrict=GET]
2026-05-03 15:08:44 [scheduling-1] DEBUG o.a.c.i.e.InternalRouteStartupManager - Route: header-test started and consuming from: servlet:/api/header
2026-05-03 15:08:44 [scheduling-1] DEBUG o.a.c.i.e.InternalRouteStartupManager - Warming up route id: header-test having autoStartup=true
2026-05-03 15:08:44 [scheduling-1] DEBUG o.a.c.i.e.InternalRouteStartupManager - Route: header-test >>> Route[rest://get:/api/header -> null]
2026-05-03 15:08:44 [scheduling-1] DEBUG o.a.c.i.e.InternalRouteStartupManager - Starting consumer (order: 1001) on route: header-test
2026-05-03 15:08:44 [scheduling-1] DEBUG o.a.c.i.e.InternalRouteStartupManager - Route: header-test started and consuming from: servlet:/api/header
2026-05-03 15:08:45 [scheduling-1] INFO  c.m.b.k.service.DynamicRouteService - Re-added route header-test to context (DB says active)
2026-05-03 15:08:45 [scheduling-1] DEBUG o.a.c.i.engine.AbstractCamelContext - Adding route configurations from builder: Routes: []
2026-05-03 15:08:45 [scheduling-1] DEBUG o.a.c.i.engine.AbstractCamelContext - Adding routes from builder: Routes: []
2026-05-03 15:08:45 [scheduling-1] WARN  o.a.c.d.y.d.CustomResolver - The kebab-case 'set-header' is deprecated and it will be removed in the next version. Use the camelCase 'setHeader' instead.
2026-05-03 15:08:45 [scheduling-1] WARN  o.a.c.d.y.d.CustomResolver - The kebab-case 'convert-body-to' is deprecated and it will be removed in the next version. Use the camelCase 'convertBodyTo' instead.
2026-05-03 15:08:45 [scheduling-1] DEBUG o.a.c.i.e.DefaultUriFactoryResolver - Found EndpointUriFactory: errormappingcomponent via type: com.middleware.component.ErrorMappingEndpointUriFactory via: META-INF/services/org/apache/camel/urifactory/errormappingcomponent
2026-05-03 15:08:45 [scheduling-1] DEBUG o.a.c.i.e.DefaultUriFactoryResolver - Found EndpointUriFactory: errormappingcomponent via type: com.middleware.component.ErrorMappingEndpointUriFactory via: META-INF/services/org/apache/camel/urifactory/errormappingcomponent
2026-05-03 15:08:45 [scheduling-1] DEBUG o.a.camel.support.DefaultComponent - Creating endpoint uri=[rest://get:/external-users/%7Bid%7D], path=[get:/external-users/{id}]
2026-05-03 15:08:45 [scheduling-1] DEBUG o.a.c.i.engine.AbstractCamelContext - rest://get:/external-users/%7Bid%7D converted to endpoint: rest://get:/external-users/%7Bid%7D by component: org.apache.camel.component.rest.RestComponent@73ebbc68
2026-05-03 15:08:45 [scheduling-1] DEBUG o.a.c.i.engine.AbstractCamelContext - Resolving language: constant
2026-05-03 15:08:45 [scheduling-1] DEBUG o.a.camel.support.ResolverHelper - Lookup Language with name constant in registry. Found: null
2026-05-03 15:08:45 [scheduling-1] DEBUG o.a.camel.support.ResolverHelper - Lookup Language with name constant-language in registry. Found: null
2026-05-03 15:08:45 [scheduling-1] DEBUG o.a.c.i.engine.AbstractCamelContext - Resolving language: constant
2026-05-03 15:08:45 [scheduling-1] DEBUG o.a.c.i.engine.AbstractCamelContext - Resolving language: constant
2026-05-03 15:08:45 [scheduling-1] DEBUG o.a.c.i.engine.AbstractCamelContext - Resolving language: constant
2026-05-03 15:08:45 [scheduling-1] DEBUG o.a.c.i.engine.AbstractCamelContext - Resolving language: simple
2026-05-03 15:08:45 [scheduling-1] DEBUG o.a.c.i.engine.AbstractCamelContext - Using ComponentResolver: org.apache.camel.impl.engine.DefaultComponentResolver@6e32a7e3 to resolve component with name: errormappingcomponent
2026-05-03 15:08:45 [scheduling-1] DEBUG o.a.camel.support.ResolverHelper - Lookup Component with name errormappingcomponent in registry. Found: null
2026-05-03 15:08:45 [scheduling-1] DEBUG o.a.camel.support.ResolverHelper - Lookup Component with name errormappingcomponent-component in registry. Found: null
2026-05-03 15:08:45 [scheduling-1] DEBUG o.a.c.i.e.DefaultComponentResolver - Found component: errormappingcomponent via type: com.middleware.component.ErrorMappingComponent via: META-INF/services/org/apache/camel/component/errormappingcomponent
2026-05-03 15:08:45 [scheduling-1] DEBUG o.a.c.i.e.DefaultConfigurerResolver - Found configurer: errormappingcomponent-component via type: com.middleware.component.ErrorMappingComponentConfigurer via: META-INF/services/org/apache/camel/configurer/errormappingcomponent-component
2026-05-03 15:08:45 [scheduling-1] DEBUG o.a.c.i.e.DefaultConfigurerResolver - Found configurer: errormappingcomponent-endpoint via type: com.middleware.component.ErrorMappingEndpointConfigurer via: META-INF/services/org/apache/camel/configurer/errormappingcomponent-endpoint
2026-05-03 15:08:45 [scheduling-1] DEBUG o.a.c.i.e.DefaultConfigurerResolver - Found configurer: errormappingcomponent-component via type: com.middleware.component.ErrorMappingComponentConfigurer via: META-INF/services/org/apache/camel/configurer/errormappingcomponent-component
2026-05-03 15:08:45 [scheduling-1] DEBUG o.a.camel.support.DefaultComponent - Creating endpoint uri=[errormappingcomponent://null?code=CODE_TEST], path=[null]
2026-05-03 15:08:45 [scheduling-1] INFO  c.m.component.ErrorMappingComponent - Created ErrorMappingEndpoint for URI: errormappingcomponent://null?code=CODE_TEST
2026-05-03 15:08:45 [scheduling-1] DEBUG o.a.c.i.engine.AbstractCamelContext - errormappingcomponent://null?code=CODE_TEST converted to endpoint: errormappingcomponent://null?code=CODE_TEST by component: com.middleware.component.ErrorMappingComponent@74492fe2
2026-05-03 15:08:45 [scheduling-1] DEBUG o.a.camel.support.DefaultComponent - Creating endpoint uri=[errormappingcomponent://null?code=CODE_TEST1], path=[null]
2026-05-03 15:08:45 [scheduling-1] INFO  c.m.component.ErrorMappingComponent - Created ErrorMappingEndpoint for URI: errormappingcomponent://null?code=CODE_TEST1
2026-05-03 15:08:45 [scheduling-1] DEBUG o.a.c.i.engine.AbstractCamelContext - errormappingcomponent://null?code=CODE_TEST1 converted to endpoint: errormappingcomponent://null?code=CODE_TEST1 by component: com.middleware.component.ErrorMappingComponent@74492fe2
2026-05-03 15:08:45 [scheduling-1] DEBUG o.apache.camel.reifier.RouteReifier - RoutePolicy is enabled: com.middleware.backend.policy.LoggingRoutePolicy@55aa442b on route: get-user-from-ap21ewi
2026-05-03 15:08:45 [scheduling-1] DEBUG o.a.c.i.e.InternalRouteStartupManager - Warming up route id: get-user-from-ap21ewi having autoStartup=true
2026-05-03 15:08:45 [scheduling-1] DEBUG o.a.camel.support.DefaultComponent - Creating endpoint uri=[servlet:///external-users/%7Bid%7D?httpMethodRestrict=GET], path=[/external-users/{id}]
2026-05-03 15:08:45 [scheduling-1] DEBUG o.a.c.i.engine.AbstractCamelContext - servlet:///external-users/%7Bid%7D?httpMethodRestrict=GET converted to endpoint: servlet:/external-users/%7Bid%7D?httpMethodRestrict=GET by component: org.apache.camel.component.servlet.ServletComponent@2b1b2eeb
2026-05-03 15:08:45 [scheduling-1] DEBUG o.a.c.p.SendDynamicAwareResolver - Found SendDynamicAware: org.apache.camel.component.http.HttpSendDynamicAware via: META-INF/services/org/apache/camel/send-dynamic/https
2026-05-03 15:08:45 [scheduling-1] DEBUG o.a.c.processor.SendDynamicProcessor - Detected SendDynamicAware component: https optimising toD: https://jsonplaceholder.typicode.com/users/${header.id}?bridgeEndpoint=true&throwExceptionOnFailure=false
2026-05-03 15:08:45 [scheduling-1] DEBUG o.a.c.i.e.DefaultUriFactoryResolver - Found EndpointUriFactory: https via type: org.apache.camel.component.http.HttpEndpointUriFactory via: META-INF/services/org/apache/camel/urifactory/https
2026-05-03 15:08:45 [scheduling-1] DEBUG o.a.c.i.engine.AbstractCamelContext - Using ComponentResolver: org.apache.camel.impl.engine.DefaultComponentResolver@6e32a7e3 to resolve component with name: https
2026-05-03 15:08:45 [scheduling-1] DEBUG o.a.camel.support.ResolverHelper - Lookup Component with name https in registry. Found: null
2026-05-03 15:08:45 [scheduling-1] DEBUG o.a.camel.support.ResolverHelper - Lookup Component with name https-component in registry. Found: null
2026-05-03 15:08:45 [scheduling-1] DEBUG o.a.c.i.e.DefaultComponentResolver - Found component: https via type: org.apache.camel.component.http.HttpComponent via: META-INF/services/org/apache/camel/component/https
2026-05-03 15:08:45 [scheduling-1] DEBUG o.a.c.i.e.DefaultConfigurerResolver - Found configurer: http-component via type: org.apache.camel.component.http.HttpComponentConfigurer via: META-INF/services/org/apache/camel/configurer/http-component
2026-05-03 15:08:45 [scheduling-1] DEBUG o.a.c.i.e.DefaultConfigurerResolver - Found configurer: http-endpoint via type: org.apache.camel.component.http.HttpEndpointConfigurer via: META-INF/services/org/apache/camel/configurer/http-endpoint
2026-05-03 15:08:45 [RMI TCP Connection(2)-192.168.2.29] INFO  o.a.c.c.C.[Tomcat].[localhost].[/] - Initializing Spring DispatcherServlet 'dispatcherServlet'
2026-05-03 15:08:45 [RMI TCP Connection(2)-192.168.2.29] INFO  o.s.web.servlet.DispatcherServlet - Initializing Servlet 'dispatcherServlet'
2026-05-03 15:08:45 [RMI TCP Connection(2)-192.168.2.29] DEBUG o.s.web.servlet.DispatcherServlet - Detected StandardServletMultipartResolver
2026-05-03 15:08:45 [RMI TCP Connection(2)-192.168.2.29] DEBUG o.s.web.servlet.DispatcherServlet - Detected AcceptHeaderLocaleResolver
2026-05-03 15:08:45 [RMI TCP Connection(2)-192.168.2.29] DEBUG o.s.web.servlet.DispatcherServlet - Detected FixedThemeResolver
2026-05-03 15:08:45 [RMI TCP Connection(2)-192.168.2.29] DEBUG o.s.web.servlet.DispatcherServlet - Detected org.springframework.web.servlet.view.DefaultRequestToViewNameTranslator@6007487a
2026-05-03 15:08:45 [RMI TCP Connection(2)-192.168.2.29] DEBUG o.s.web.servlet.DispatcherServlet - Detected org.springframework.web.servlet.support.SessionFlashMapManager@4e7a5c30
2026-05-03 15:08:45 [RMI TCP Connection(2)-192.168.2.29] DEBUG o.s.web.servlet.DispatcherServlet - enableLoggingRequestDetails='false': request parameters and headers will be masked to prevent unsafe logging of potentially sensitive data
2026-05-03 15:08:45 [RMI TCP Connection(2)-192.168.2.29] INFO  o.s.web.servlet.DispatcherServlet - Completed initialization in 3 ms
2026-05-03 15:08:45 [scheduling-1] DEBUG o.a.c.processor.SendDynamicProcessor - DynamicSendTo toD1 using ProducerCache with cacheSize=0
2026-05-03 15:08:45 [scheduling-1] DEBUG o.a.camel.support.DefaultProducer - Starting producer: Producer[errormappingcomponent://null?code=CODE_TEST]
2026-05-03 15:08:45 [scheduling-1] DEBUG o.a.camel.support.DefaultProducer - Starting producer: Producer[errormappingcomponent://null?code=CODE_TEST1]
2026-05-03 15:08:45 [scheduling-1] DEBUG o.a.c.i.e.InternalRouteStartupManager - Route: get-user-from-ap21ewi >>> Route[rest://get:/external-users/%7Bid%7D -> null]
2026-05-03 15:08:45 [scheduling-1] DEBUG o.a.c.i.e.InternalRouteStartupManager - Starting consumer (order: 1002) on route: get-user-from-ap21ewi
2026-05-03 15:08:45 [scheduling-1] DEBUG o.a.camel.support.DefaultConsumer - Build consumer: Consumer[servlet:/external-users/%7Bid%7D?httpMethodRestrict=GET]
2026-05-03 15:08:45 [scheduling-1] DEBUG o.a.camel.support.DefaultConsumer - Init consumer: Consumer[servlet:/external-users/%7Bid%7D?httpMethodRestrict=GET]
2026-05-03 15:08:45 [scheduling-1] DEBUG o.a.camel.support.DefaultConsumer - Starting consumer: Consumer[servlet:/external-users/%7Bid%7D?httpMethodRestrict=GET]
2026-05-03 15:08:45 [scheduling-1] DEBUG o.a.c.h.common.DefaultHttpRegistry - Registering consumer for path /external-users/{id} providers present: 1
2026-05-03 15:08:45 [scheduling-1] DEBUG o.a.c.c.s.CamelHttpTransportServlet - Connecting consumer: Consumer[servlet:/external-users/%7Bid%7D?httpMethodRestrict=GET]
2026-05-03 15:08:45 [scheduling-1] DEBUG o.a.c.i.e.InternalRouteStartupManager - Route: get-user-from-ap21ewi started and consuming from: servlet:/external-users/%7Bid%7D
2026-05-03 15:08:45 [scheduling-1] DEBUG o.a.c.i.e.InternalRouteStartupManager - Warming up route id: get-user-from-ap21ewi having autoStartup=true
2026-05-03 15:08:45 [scheduling-1] DEBUG o.a.c.i.e.InternalRouteStartupManager - Route: get-user-from-ap21ewi >>> Route[rest://get:/external-users/%7Bid%7D -> null]
2026-05-03 15:08:45 [scheduling-1] DEBUG o.a.c.i.e.InternalRouteStartupManager - Starting consumer (order: 1003) on route: get-user-from-ap21ewi
2026-05-03 15:08:45 [scheduling-1] DEBUG o.a.c.i.e.InternalRouteStartupManager - Route: get-user-from-ap21ewi started and consuming from: servlet:/external-users/%7Bid%7D
2026-05-03 15:08:45 [RMI TCP Connection(4)-192.168.2.29] DEBUG o.a.c.i.health.AbstractHealthCheck - Invoke health-check (LIVENESS) camel/context
2026-05-03 15:08:45 [scheduling-1] INFO  c.m.b.k.service.DynamicRouteService - Re-added route get-user-from-ap21ewi to context (DB says active)
2026-05-03 15:08:45 [RMI TCP Connection(4)-192.168.2.29] DEBUG o.a.c.i.health.AbstractHealthCheck - Invoke health-check (READINESS) camel/context
2026-05-03 15:08:45 [RMI TCP Connection(4)-192.168.2.29] DEBUG o.a.c.i.health.AbstractHealthCheck - Invoke health-check (READINESS) camel/route:header-test
2026-05-03 15:08:45 [RMI TCP Connection(4)-192.168.2.29] DEBUG o.a.c.i.health.AbstractHealthCheck - Invoke health-check (READINESS) camel/route:get-user-from-ap21ewi
2026-05-03 15:08:45 [RMI TCP Connection(4)-192.168.2.29] DEBUG o.a.c.i.health.AbstractHealthCheck - Invoke health-check (READINESS) camel/consumer:header-test
2026-05-03 15:08:45 [RMI TCP Connection(4)-192.168.2.29] DEBUG o.a.c.i.health.AbstractHealthCheck - Invoke health-check (READINESS) camel/consumer:get-user-from-ap21ewi
2026-05-03 15:08:45 [RMI TCP Connection(4)-192.168.2.29] DEBUG o.a.c.i.health.AbstractHealthCheck - Invoke health-check (ALL) camel/context
2026-05-03 15:08:45 [RMI TCP Connection(4)-192.168.2.29] DEBUG o.a.c.i.health.AbstractHealthCheck - Invoke health-check (READINESS) camel/route:header-test
2026-05-03 15:08:45 [RMI TCP Connection(4)-192.168.2.29] DEBUG o.a.c.i.health.AbstractHealthCheck - Invoke health-check (READINESS) camel/route:get-user-from-ap21ewi
2026-05-03 15:08:45 [RMI TCP Connection(4)-192.168.2.29] DEBUG o.a.c.i.health.AbstractHealthCheck - Invoke health-check (READINESS) camel/consumer:header-test
2026-05-03 15:08:45 [RMI TCP Connection(4)-192.168.2.29] DEBUG o.a.c.i.health.AbstractHealthCheck - Invoke health-check (READINESS) camel/consumer:get-user-from-ap21ewi
2026-05-03 15:08:45 [scheduling-1] DEBUG o.a.c.i.engine.AbstractCamelContext - Adding route configurations from builder: Routes: []
2026-05-03 15:08:45 [scheduling-1] DEBUG o.a.c.i.engine.AbstractCamelContext - Adding routes from builder: Routes: []
2026-05-03 15:08:45 [scheduling-1] DEBUG o.a.camel.support.DefaultComponent - Creating endpoint uri=[rest://post:/api/tes], path=[post:/api/tes]
2026-05-03 15:08:45 [scheduling-1] DEBUG o.a.c.i.engine.AbstractCamelContext - rest://post:/api/tes converted to endpoint: rest://post:/api/tes by component: org.apache.camel.component.rest.RestComponent@73ebbc68
2026-05-03 15:08:45 [scheduling-1] DEBUG o.a.c.i.engine.AbstractCamelContext - Resolving language: simple
2026-05-03 15:08:45 [scheduling-1] DEBUG o.a.c.i.engine.AbstractCamelContext - Resolving language: constant
2026-05-03 15:08:45 [scheduling-1] DEBUG o.apache.camel.reifier.RouteReifier - RoutePolicy is enabled: com.middleware.backend.policy.LoggingRoutePolicy@772ef8e1 on route: test1
2026-05-03 15:08:45 [scheduling-1] DEBUG o.a.c.i.e.InternalRouteStartupManager - Warming up route id: test1 having autoStartup=true
2026-05-03 15:08:45 [scheduling-1] DEBUG o.a.camel.support.DefaultComponent - Creating endpoint uri=[servlet:///api/tes?httpMethodRestrict=POST], path=[/api/tes]
2026-05-03 15:08:45 [scheduling-1] DEBUG o.a.c.i.engine.AbstractCamelContext - servlet:///api/tes?httpMethodRestrict=POST converted to endpoint: servlet:/api/tes?httpMethodRestrict=POST by component: org.apache.camel.component.servlet.ServletComponent@2b1b2eeb
2026-05-03 15:08:45 [scheduling-1] DEBUG o.a.camel.support.DefaultProducer - Starting producer: Producer[log://output]
2026-05-03 15:08:45 [scheduling-1] DEBUG o.a.c.i.e.InternalRouteStartupManager - Route: test1 >>> Route[rest://post:/api/tes -> null]
2026-05-03 15:08:45 [scheduling-1] DEBUG o.a.c.i.e.InternalRouteStartupManager - Starting consumer (order: 1004) on route: test1
2026-05-03 15:08:45 [scheduling-1] DEBUG o.a.camel.support.DefaultConsumer - Build consumer: Consumer[servlet:/api/tes?httpMethodRestrict=POST]
2026-05-03 15:08:45 [scheduling-1] DEBUG o.a.camel.support.DefaultConsumer - Init consumer: Consumer[servlet:/api/tes?httpMethodRestrict=POST]
2026-05-03 15:08:45 [scheduling-1] DEBUG o.a.camel.support.DefaultConsumer - Starting consumer: Consumer[servlet:/api/tes?httpMethodRestrict=POST]
2026-05-03 15:08:45 [scheduling-1] DEBUG o.a.c.h.common.DefaultHttpRegistry - Registering consumer for path /api/tes providers present: 1
2026-05-03 15:08:45 [scheduling-1] DEBUG o.a.c.c.s.CamelHttpTransportServlet - Connecting consumer: Consumer[servlet:/api/tes?httpMethodRestrict=POST]
2026-05-03 15:08:45 [scheduling-1] DEBUG o.a.c.i.e.InternalRouteStartupManager - Route: test1 started and consuming from: servlet:/api/tes
2026-05-03 15:08:45 [scheduling-1] DEBUG o.a.c.i.e.InternalRouteStartupManager - Warming up route id: test1 having autoStartup=true
2026-05-03 15:08:45 [scheduling-1] DEBUG o.a.c.i.e.InternalRouteStartupManager - Route: test1 >>> Route[rest://post:/api/tes -> null]
2026-05-03 15:08:45 [scheduling-1] DEBUG o.a.c.i.e.InternalRouteStartupManager - Starting consumer (order: 1005) on route: test1
2026-05-03 15:08:45 [scheduling-1] DEBUG o.a.c.i.e.InternalRouteStartupManager - Route: test1 started and consuming from: servlet:/api/tes
2026-05-03 15:08:45 [scheduling-1] INFO  c.m.b.k.service.DynamicRouteService - Re-added route test1 to context (DB says active)
2026-05-03 15:08:45 [scheduling-1] DEBUG o.a.c.i.engine.AbstractCamelContext - Adding route configurations from builder: Routes: []
2026-05-03 15:08:45 [scheduling-1] DEBUG o.a.c.i.engine.AbstractCamelContext - Adding routes from builder: Routes: []
2026-05-03 15:08:45 [scheduling-1] DEBUG o.a.c.i.e.DefaultUriFactoryResolver - Found EndpointUriFactory: errormappingcomponent via type: com.middleware.component.ErrorMappingEndpointUriFactory via: META-INF/services/org/apache/camel/urifactory/errormappingcomponent
2026-05-03 15:08:45 [scheduling-1] DEBUG o.a.camel.support.DefaultComponent - Creating endpoint uri=[rest://post:/api/hello], path=[post:/api/hello]
2026-05-03 15:08:45 [scheduling-1] DEBUG o.a.c.i.engine.AbstractCamelContext - rest://post:/api/hello converted to endpoint: rest://post:/api/hello by component: org.apache.camel.component.rest.RestComponent@73ebbc68
2026-05-03 15:08:45 [scheduling-1] DEBUG o.a.c.i.engine.AbstractCamelContext - Resolving language: simple
2026-05-03 15:08:45 [scheduling-1] DEBUG o.a.c.i.engine.AbstractCamelContext - Resolving language: constant
2026-05-03 15:08:45 [scheduling-1] DEBUG o.a.camel.support.DefaultComponent - Creating endpoint uri=[errormappingcomponent://null?code=1], path=[null]
2026-05-03 15:08:45 [scheduling-1] INFO  c.m.component.ErrorMappingComponent - Created ErrorMappingEndpoint for URI: errormappingcomponent://null?code=1
2026-05-03 15:08:45 [scheduling-1] DEBUG o.a.c.i.engine.AbstractCamelContext - errormappingcomponent://null?code=1 converted to endpoint: errormappingcomponent://null?code=1 by component: com.middleware.component.ErrorMappingComponent@74492fe2
2026-05-03 15:08:45 [scheduling-1] DEBUG o.apache.camel.reifier.RouteReifier - RoutePolicy is enabled: com.middleware.backend.policy.LoggingRoutePolicy@55ad5e33 on route: my-new-route
2026-05-03 15:08:45 [scheduling-1] DEBUG o.a.c.i.e.InternalRouteStartupManager - Warming up route id: my-new-route having autoStartup=true
2026-05-03 15:08:45 [scheduling-1] DEBUG o.a.camel.support.DefaultComponent - Creating endpoint uri=[servlet:///api/hello?httpMethodRestrict=POST], path=[/api/hello]
2026-05-03 15:08:45 [scheduling-1] DEBUG o.a.c.i.engine.AbstractCamelContext - servlet:///api/hello?httpMethodRestrict=POST converted to endpoint: servlet:/api/hello?httpMethodRestrict=POST by component: org.apache.camel.component.servlet.ServletComponent@2b1b2eeb
2026-05-03 15:08:45 [scheduling-1] DEBUG o.a.camel.support.DefaultProducer - Starting producer: Producer[log://output]
2026-05-03 15:08:45 [scheduling-1] DEBUG o.a.camel.support.DefaultProducer - Starting producer: Producer[errormappingcomponent://null?code=1]
2026-05-03 15:08:45 [scheduling-1] DEBUG o.a.c.i.e.InternalRouteStartupManager - Route: my-new-route >>> Route[rest://post:/api/hello -> null]
2026-05-03 15:08:45 [scheduling-1] DEBUG o.a.c.i.e.InternalRouteStartupManager - Starting consumer (order: 1006) on route: my-new-route
2026-05-03 15:08:45 [scheduling-1] DEBUG o.a.camel.support.DefaultConsumer - Build consumer: Consumer[servlet:/api/hello?httpMethodRestrict=POST]
2026-05-03 15:08:45 [scheduling-1] DEBUG o.a.camel.support.DefaultConsumer - Init consumer: Consumer[servlet:/api/hello?httpMethodRestrict=POST]
2026-05-03 15:08:45 [scheduling-1] DEBUG o.a.camel.support.DefaultConsumer - Starting consumer: Consumer[servlet:/api/hello?httpMethodRestrict=POST]
2026-05-03 15:08:45 [scheduling-1] DEBUG o.a.c.h.common.DefaultHttpRegistry - Registering consumer for path /api/hello providers present: 1
2026-05-03 15:08:45 [scheduling-1] DEBUG o.a.c.c.s.CamelHttpTransportServlet - Connecting consumer: Consumer[servlet:/api/hello?httpMethodRestrict=POST]
2026-05-03 15:08:45 [scheduling-1] DEBUG o.a.c.i.e.InternalRouteStartupManager - Route: my-new-route started and consuming from: servlet:/api/hello
2026-05-03 15:08:45 [scheduling-1] DEBUG o.a.c.i.e.InternalRouteStartupManager - Warming up route id: my-new-route having autoStartup=true
2026-05-03 15:08:45 [scheduling-1] DEBUG o.a.c.i.e.InternalRouteStartupManager - Route: my-new-route >>> Route[rest://post:/api/hello -> null]
2026-05-03 15:08:45 [scheduling-1] DEBUG o.a.c.i.e.InternalRouteStartupManager - Starting consumer (order: 1007) on route: my-new-route
2026-05-03 15:08:45 [scheduling-1] DEBUG o.a.c.i.e.InternalRouteStartupManager - Route: my-new-route started and consuming from: servlet:/api/hello
2026-05-03 15:08:45 [scheduling-1] INFO  c.m.b.k.service.DynamicRouteService - Re-added route my-new-route to context (DB says active)
2026-05-03 15:08:45 [scheduling-1] INFO  c.m.b.k.service.DynamicRouteService - Completed route status sync
2026-05-03 15:09:00 [SpringApplicationShutdownHook] DEBUG o.a.camel.spring.SpringCamelContext - onApplicationEvent: org.springframework.boot.availability.AvailabilityChangeEvent[source=org.springframework.boot.web.servlet.context.AnnotationConfigServletWebServerApplicationContext@57a4d5ee, started on Sun May 03 15:08:34 EEST 2026]
2026-05-03 15:09:00 [SpringApplicationShutdownHook] DEBUG o.a.camel.spring.SpringCamelContext - onApplicationEvent: org.springframework.context.event.ContextClosedEvent[source=org.springframework.boot.web.servlet.context.AnnotationConfigServletWebServerApplicationContext@57a4d5ee, started on Sun May 03 15:08:34 EEST 2026]
2026-05-03 15:09:00 [SpringApplicationShutdownHook] INFO  org.quartz.core.QuartzScheduler - Scheduler quartzScheduler_$_NON_CLUSTERED paused.
2026-05-03 15:09:00 [SpringApplicationShutdownHook] INFO  o.a.c.i.engine.AbstractCamelContext - Apache Camel 4.4.0 (camel-1) is shutting down (timeout:45s)
2026-05-03 15:09:00 [SpringApplicationShutdownHook] DEBUG o.a.c.i.e.DefaultShutdownStrategy - Starting to graceful shutdown 4 routes (timeout 45 seconds)
2026-05-03 15:09:00 [SpringApplicationShutdownHook] DEBUG o.a.c.i.e.BaseExecutorServiceManager - Created new ThreadPool for source: org.apache.camel.impl.engine.DefaultShutdownStrategy@7d598957 with name: ShutdownTask. -> org.apache.camel.util.concurrent.RejectableThreadPoolExecutor@463bcb80[Running, pool size = 0, active threads = 0, queued tasks = 0, completed tasks = 0][ShutdownTask]
2026-05-03 15:09:00 [Camel (camel-1) thread #1 - ShutdownTask] DEBUG o.a.c.i.e.DefaultShutdownStrategy - There are 4 routes to shutdown
2026-05-03 15:09:00 [Camel (camel-1) thread #1 - ShutdownTask] DEBUG o.a.c.i.e.DefaultShutdownStrategy - Route: my-new-route suspended and shutdown deferred, was consuming from: rest://post:/api/hello
2026-05-03 15:09:00 [Camel (camel-1) thread #1 - ShutdownTask] DEBUG o.a.c.i.e.DefaultShutdownStrategy - Route: test1 suspended and shutdown deferred, was consuming from: rest://post:/api/tes
2026-05-03 15:09:00 [Camel (camel-1) thread #1 - ShutdownTask] DEBUG o.a.c.i.e.DefaultShutdownStrategy - Route: get-user-from-ap21ewi suspended and shutdown deferred, was consuming from: rest://get:/external-users/%7Bid%7D
2026-05-03 15:09:00 [Camel (camel-1) thread #1 - ShutdownTask] DEBUG o.a.c.i.e.DefaultShutdownStrategy - Route: header-test suspended and shutdown deferred, was consuming from: rest://get:/api/header
2026-05-03 15:09:00 [Camel (camel-1) thread #1 - ShutdownTask] DEBUG o.a.c.h.common.DefaultHttpRegistry - Unregistering consumer for path /api/hello
2026-05-03 15:09:00 [Camel (camel-1) thread #1 - ShutdownTask] DEBUG o.a.c.c.s.CamelHttpTransportServlet - Disconnecting consumer: Consumer[servlet:/api/hello?httpMethodRestrict=POST]
2026-05-03 15:09:00 [Camel (camel-1) thread #1 - ShutdownTask] DEBUG o.a.camel.support.DefaultConsumer - Stopping consumer: Consumer[servlet:/api/hello?httpMethodRestrict=POST]
2026-05-03 15:09:00 [Camel (camel-1) thread #1 - ShutdownTask] DEBUG o.a.camel.support.DefaultProducer - Stopping producer: Producer[log://output]
2026-05-03 15:09:00 [Camel (camel-1) thread #1 - ShutdownTask] DEBUG o.a.camel.support.DefaultProducer - Stopping producer: Producer[errormappingcomponent://null?code=1]
2026-05-03 15:09:00 [Camel (camel-1) thread #1 - ShutdownTask] DEBUG o.a.c.i.e.DefaultShutdownStrategy - Route: my-new-route shutdown complete, was consuming from: rest://post:/api/hello
2026-05-03 15:09:00 [Camel (camel-1) thread #1 - ShutdownTask] DEBUG o.a.c.h.common.DefaultHttpRegistry - Unregistering consumer for path /api/tes
2026-05-03 15:09:00 [Camel (camel-1) thread #1 - ShutdownTask] DEBUG o.a.c.c.s.CamelHttpTransportServlet - Disconnecting consumer: Consumer[servlet:/api/tes?httpMethodRestrict=POST]
2026-05-03 15:09:00 [Camel (camel-1) thread #1 - ShutdownTask] DEBUG o.a.camel.support.DefaultConsumer - Stopping consumer: Consumer[servlet:/api/tes?httpMethodRestrict=POST]
2026-05-03 15:09:00 [Camel (camel-1) thread #1 - ShutdownTask] DEBUG o.a.camel.support.DefaultProducer - Stopping producer: Producer[log://output]
2026-05-03 15:09:00 [Camel (camel-1) thread #1 - ShutdownTask] DEBUG o.a.c.i.e.DefaultShutdownStrategy - Route: test1 shutdown complete, was consuming from: rest://post:/api/tes
2026-05-03 15:09:00 [Camel (camel-1) thread #1 - ShutdownTask] DEBUG o.a.c.h.common.DefaultHttpRegistry - Unregistering consumer for path /external-users/{id}
2026-05-03 15:09:00 [Camel (camel-1) thread #1 - ShutdownTask] DEBUG o.a.c.c.s.CamelHttpTransportServlet - Disconnecting consumer: Consumer[servlet:/external-users/%7Bid%7D?httpMethodRestrict=GET]
2026-05-03 15:09:00 [Camel (camel-1) thread #1 - ShutdownTask] DEBUG o.a.camel.support.DefaultConsumer - Stopping consumer: Consumer[servlet:/external-users/%7Bid%7D?httpMethodRestrict=GET]
2026-05-03 15:09:00 [Camel (camel-1) thread #1 - ShutdownTask] DEBUG o.a.camel.support.DefaultProducer - Stopping producer: Producer[errormappingcomponent://null?code=CODE_TEST]
2026-05-03 15:09:00 [Camel (camel-1) thread #1 - ShutdownTask] DEBUG o.a.camel.support.DefaultProducer - Stopping producer: Producer[errormappingcomponent://null?code=CODE_TEST1]
2026-05-03 15:09:00 [Camel (camel-1) thread #1 - ShutdownTask] DEBUG o.a.c.i.e.DefaultShutdownStrategy - Route: get-user-from-ap21ewi shutdown complete, was consuming from: rest://get:/external-users/%7Bid%7D
2026-05-03 15:09:00 [Camel (camel-1) thread #1 - ShutdownTask] DEBUG o.a.c.h.common.DefaultHttpRegistry - Unregistering consumer for path /api/header
2026-05-03 15:09:00 [Camel (camel-1) thread #1 - ShutdownTask] DEBUG o.a.c.c.s.CamelHttpTransportServlet - Disconnecting consumer: Consumer[servlet:/api/header?httpMethodRestrict=GET]
2026-05-03 15:09:00 [Camel (camel-1) thread #1 - ShutdownTask] DEBUG o.a.camel.support.DefaultConsumer - Stopping consumer: Consumer[servlet:/api/header?httpMethodRestrict=GET]
2026-05-03 15:09:00 [Camel (camel-1) thread #1 - ShutdownTask] DEBUG o.a.camel.support.DefaultProducer - Stopping producer: Producer[config://null?code=API_TIME_OUT]
2026-05-03 15:09:00 [Camel (camel-1) thread #1 - ShutdownTask] DEBUG o.a.camel.support.DefaultProducer - Stopping producer: Producer[log://output]
2026-05-03 15:09:00 [Camel (camel-1) thread #1 - ShutdownTask] DEBUG o.a.c.i.e.DefaultShutdownStrategy - Route: header-test shutdown complete, was consuming from: rest://get:/api/header
2026-05-03 15:09:00 [SpringApplicationShutdownHook] DEBUG o.a.c.i.e.DefaultShutdownStrategy - Graceful shutdown of 4 routes completed in 6ms
2026-05-03 15:09:00 [SpringApplicationShutdownHook] DEBUG o.a.c.i.e.DefaultAsyncProcessorAwaitManager - Shutting down with no inflight threads.
2026-05-03 15:09:00 [SpringApplicationShutdownHook] DEBUG o.a.camel.support.DefaultConsumer - Shutting down consumer: Consumer[servlet:/api/hello?httpMethodRestrict=POST]
2026-05-03 15:09:00 [SpringApplicationShutdownHook] DEBUG o.a.camel.support.DefaultConsumer - Shutting down consumer: Consumer[servlet:/api/tes?httpMethodRestrict=POST]
2026-05-03 15:09:00 [SpringApplicationShutdownHook] DEBUG o.a.camel.support.DefaultConsumer - Shutting down consumer: Consumer[servlet:/external-users/%7Bid%7D?httpMethodRestrict=GET]
2026-05-03 15:09:00 [SpringApplicationShutdownHook] DEBUG o.a.camel.support.DefaultConsumer - Shutting down consumer: Consumer[servlet:/api/header?httpMethodRestrict=GET]
2026-05-03 15:09:00 [SpringApplicationShutdownHook] INFO  o.a.c.i.engine.AbstractCamelContext - Routes stopped (stopped:4)
2026-05-03 15:09:00 [SpringApplicationShutdownHook] INFO  o.a.c.i.engine.AbstractCamelContext -     Stopped my-new-route (rest://post:/api/hello)
2026-05-03 15:09:00 [SpringApplicationShutdownHook] INFO  o.a.c.i.engine.AbstractCamelContext -     Stopped test1 (rest://post:/api/tes)
2026-05-03 15:09:00 [SpringApplicationShutdownHook] INFO  o.a.c.i.engine.AbstractCamelContext -     Stopped get-user-from-ap21ewi (rest://get:/external-users/%7Bid%7D)
2026-05-03 15:09:00 [SpringApplicationShutdownHook] INFO  o.a.c.i.engine.AbstractCamelContext -     Stopped header-test (rest://get:/api/header)
2026-05-03 15:09:00 [SpringApplicationShutdownHook] DEBUG o.a.c.i.e.BaseExecutorServiceManager - Forcing shutdown of ExecutorService: org.apache.camel.util.concurrent.SizedScheduledExecutorService@3c1ca89c[ErrorHandlerRedeliveryTask]
2026-05-03 15:09:00 [SpringApplicationShutdownHook] DEBUG o.a.c.i.e.DefaultInflightRepository - Shutting down with no inflight exchanges.
2026-05-03 15:09:00 [SpringApplicationShutdownHook] DEBUG o.a.c.i.e.BaseExecutorServiceManager - Forcing shutdown of ExecutorService: org.apache.camel.util.concurrent.RejectableThreadPoolExecutor@463bcb80[Running, pool size = 1, active threads = 0, queued tasks = 0, completed tasks = 1][ShutdownTask]
2026-05-03 15:09:00 [SpringApplicationShutdownHook] DEBUG o.a.c.i.e.DefaultBeanIntrospection - Stopping BeanIntrospection which was invoked: 16 times
2026-05-03 15:09:00 [SpringApplicationShutdownHook] INFO  o.a.c.i.engine.AbstractCamelContext - Apache Camel 4.4.0 (camel-1) shutdown in 10ms (uptime:16s)
2026-05-03 15:09:00 [SpringApplicationShutdownHook] DEBUG o.a.c.m.SimpleMainShutdownStrategy - Shutdown called
2026-05-03 15:09:00 [SpringApplicationShutdownHook] INFO  org.quartz.core.QuartzScheduler - Scheduler quartzScheduler_$_NON_CLUSTERED shutting down.
2026-05-03 15:09:00 [SpringApplicationShutdownHook] INFO  org.quartz.core.QuartzScheduler - Scheduler quartzScheduler_$_NON_CLUSTERED paused.
2026-05-03 15:09:00 [SpringApplicationShutdownHook] INFO  org.quartz.core.QuartzScheduler - Scheduler quartzScheduler_$_NON_CLUSTERED shutdown complete.
2026-05-03 15:09:00 [SpringApplicationShutdownHook] DEBUG o.a.c.h.common.DefaultHttpRegistry - Unregistering CamelServlet with name CamelServlet
2026-05-03 15:09:00 [SpringApplicationShutdownHook] INFO  o.a.c.c.s.CamelHttpTransportServlet - Destroyed CamelHttpTransportServlet[CamelServlet]
