2025-10-29 23:56:42 [background-preinit] INFO  o.h.validator.internal.util.Version - HV000001: Hibernate Validator 8.0.2.Final
2025-10-29 23:56:42 [main] INFO  c.middleware.MiddlewareApplication - Starting MiddlewareApplication using Java 23-valhalla with PID 24924 (C:\Users\omard\Desktop\Work\back-end - Copy\target\classes started by omard in C:\Users\omard\Desktop\Work\back-end - Copy)
2025-10-29 23:56:42 [main] INFO  c.middleware.MiddlewareApplication - No active profile set, falling back to 1 default profile: "default"
2025-10-29 23:56:46 [main] INFO  o.a.coyote.http11.Http11NioProtocol - Initializing ProtocolHandler ["http-nio-8081"]
2025-10-29 23:56:46 [main] INFO  o.a.catalina.core.StandardService - Starting service [Tomcat]
2025-10-29 23:56:46 [main] INFO  o.a.catalina.core.StandardEngine - Starting Servlet engine: [Apache Tomcat/10.1.39]
2025-10-29 23:56:46 [main] INFO  o.a.c.c.C.[Tomcat].[localhost].[/] - Initializing Spring embedded WebApplicationContext
2025-10-29 23:56:46 [main] INFO  o.h.jpa.internal.util.LogHelper - HHH000204: Processing PersistenceUnitInfo [name: default]
2025-10-29 23:56:46 [main] INFO  org.hibernate.Version - HHH000412: Hibernate ORM core version 6.6.11.Final
2025-10-29 23:56:46 [main] INFO  o.h.c.i.RegionFactoryInitiator - HHH000026: Second-level cache disabled
2025-10-29 23:56:47 [main] WARN  org.hibernate.orm.deprecation - HHH90000025: PostgreSQLDialect does not need to be specified explicitly using 'hibernate.dialect' (remove the property setting and it will be selected by default)
2025-10-29 23:56:47 [main] INFO  o.hibernate.orm.connections.pooling - HHH10001005: Database info:
	Database JDBC URL [Connecting through datasource 'org.springframework.jdbc.datasource.DriverManagerDataSource@67689c81']
	Database driver: undefined/unknown
	Database version: 17.4
	Autocommit mode: undefined/unknown
	Isolation level: undefined/unknown
	Minimum pool size: undefined/unknown
	Maximum pool size: undefined/unknown
2025-10-29 23:56:49 [main] INFO  o.h.e.t.j.p.i.JtaPlatformInitiator - HHH000489: No JTA platform available (set 'hibernate.transaction.jta.platform' to enable JTA platform integration)
2025-10-29 23:56:51 [main] DEBUG o.a.camel.spring.SpringCamelContext - Set the application context classloader to: TomcatEmbeddedWebappClassLoader
  context: ROOT
  delegate: true
----------> Parent Classloader:
jdk.internal.loader.ClassLoaders$AppClassLoader@5451c3a8

2025-10-29 23:56:51 [main] DEBUG o.a.camel.support.LRUCacheFactory - Creating DefaultLRUCacheFactory
2025-10-29 23:56:51 [main] DEBUG o.a.c.i.e.DefaultCamelContextExtension - Setting up management with factory: org.apache.camel.impl.engine.DefaultManagementStrategyFactory@238fd9cc
2025-10-29 23:56:51 [main] DEBUG o.a.camel.support.ResolverHelper - Found HealthCheckRegistry: org.apache.camel.impl.health.DefaultHealthCheckRegistry via: META-INF/services/org/apache/camel/health-check/default-registry
2025-10-29 23:56:51 [main] DEBUG o.a.camel.support.ResolverHelper - Detected and using HealthCheckRegistry: org.apache.camel.impl.health.DefaultHealthCheckRegistry@7645ced6
2025-10-29 23:56:51 [main] DEBUG o.a.c.i.h.DefaultHealthCheckRegistry - HealthCheckRepository with id registry-health-check-repository successfully registered
2025-10-29 23:56:51 [main] DEBUG o.a.c.i.c.BaseTypeConverterRegistry - Loading file META-INF/services/org/apache/camel/TypeConverterLoader to retrieve list of type converters, from url: jar:file:/C:/Users/omard/.m2/repository/org/apache/camel/camel-spring/4.4.0/camel-spring-4.4.0.jar!/META-INF/services/org/apache/camel/TypeConverterLoader
2025-10-29 23:56:51 [main] DEBUG o.a.c.i.c.BaseTypeConverterRegistry - Loading file META-INF/services/org/apache/camel/TypeConverterLoader to retrieve list of type converters, from url: jar:file:/C:/Users/omard/.m2/repository/org/apache/camel/camel-xml-jaxp/4.4.0/camel-xml-jaxp-4.4.0.jar!/META-INF/services/org/apache/camel/TypeConverterLoader
2025-10-29 23:56:51 [main] DEBUG o.a.c.i.c.BaseTypeConverterRegistry - Loading file META-INF/services/org/apache/camel/TypeConverterLoader to retrieve list of type converters, from url: jar:file:/C:/Users/omard/.m2/repository/org/apache/camel/camel-http/4.4.0/camel-http-4.4.0.jar!/META-INF/services/org/apache/camel/TypeConverterLoader
2025-10-29 23:56:51 [main] DEBUG o.a.c.i.c.BaseTypeConverterRegistry - Loading file META-INF/services/org/apache/camel/TypeConverterLoader to retrieve list of type converters, from url: jar:file:/C:/Users/omard/.m2/repository/org/apache/camel/camel-http-common/4.4.0/camel-http-common-4.4.0.jar!/META-INF/services/org/apache/camel/TypeConverterLoader
2025-10-29 23:56:51 [main] DEBUG o.a.c.i.c.BaseTypeConverterRegistry - Loading file META-INF/services/org/apache/camel/TypeConverterLoader to retrieve list of type converters, from url: jar:file:/C:/Users/omard/.m2/repository/org/apache/camel/camel-attachments/4.4.0/camel-attachments-4.4.0.jar!/META-INF/services/org/apache/camel/TypeConverterLoader
2025-10-29 23:56:51 [main] DEBUG o.a.c.i.c.BaseTypeConverterRegistry - Loading file META-INF/services/org/apache/camel/TypeConverterLoader to retrieve list of type converters, from url: jar:file:/C:/Users/omard/.m2/repository/org/apache/camel/camel-jackson/4.4.0/camel-jackson-4.4.0.jar!/META-INF/services/org/apache/camel/TypeConverterLoader
2025-10-29 23:56:51 [main] DEBUG o.a.c.i.c.BaseTypeConverterRegistry - Loading file META-INF/services/org/apache/camel/TypeConverterLoader to retrieve list of type converters, from url: jar:file:/C:/Users/omard/.m2/repository/org/apache/camel/camel-support/4.4.0/camel-support-4.4.0.jar!/META-INF/services/org/apache/camel/TypeConverterLoader
2025-10-29 23:56:51 [main] DEBUG o.a.c.i.c.BaseTypeConverterRegistry - Loading file META-INF/services/org/apache/camel/TypeConverterLoader to retrieve list of type converters, from url: jar:file:/C:/Users/omard/.m2/repository/org/apache/camel/camel-file/4.4.0/camel-file-4.4.0.jar!/META-INF/services/org/apache/camel/TypeConverterLoader
2025-10-29 23:56:51 [main] DEBUG o.a.c.i.c.BaseTypeConverterRegistry - Loading file META-INF/services/org/apache/camel/TypeConverterLoader to retrieve list of type converters, from url: jar:file:/C:/Users/omard/.m2/repository/org/apache/camel/camel-base/4.4.0/camel-base-4.4.0.jar!/META-INF/services/org/apache/camel/TypeConverterLoader
2025-10-29 23:56:51 [main] DEBUG o.a.c.i.c.BaseTypeConverterRegistry - Loading file META-INF/services/org/apache/camel/TypeConverterLoader to retrieve list of type converters, from url: jar:file:/C:/Users/omard/.m2/repository/org/apache/camel/camel-spring/4.4.0/camel-spring-4.4.0.jar!/META-INF/services/org/apache/camel/TypeConverterLoader
2025-10-29 23:56:51 [main] DEBUG o.a.c.i.c.BaseTypeConverterRegistry - Loading file META-INF/services/org/apache/camel/TypeConverterLoader to retrieve list of type converters, from url: jar:file:/C:/Users/omard/.m2/repository/org/apache/camel/camel-xml-jaxp/4.4.0/camel-xml-jaxp-4.4.0.jar!/META-INF/services/org/apache/camel/TypeConverterLoader
2025-10-29 23:56:51 [main] DEBUG o.a.c.i.c.BaseTypeConverterRegistry - Loading file META-INF/services/org/apache/camel/TypeConverterLoader to retrieve list of type converters, from url: jar:file:/C:/Users/omard/.m2/repository/org/apache/camel/camel-http/4.4.0/camel-http-4.4.0.jar!/META-INF/services/org/apache/camel/TypeConverterLoader
2025-10-29 23:56:51 [main] DEBUG o.a.c.i.c.BaseTypeConverterRegistry - Loading file META-INF/services/org/apache/camel/TypeConverterLoader to retrieve list of type converters, from url: jar:file:/C:/Users/omard/.m2/repository/org/apache/camel/camel-http-common/4.4.0/camel-http-common-4.4.0.jar!/META-INF/services/org/apache/camel/TypeConverterLoader
2025-10-29 23:56:51 [main] DEBUG o.a.c.i.c.BaseTypeConverterRegistry - Loading file META-INF/services/org/apache/camel/TypeConverterLoader to retrieve list of type converters, from url: jar:file:/C:/Users/omard/.m2/repository/org/apache/camel/camel-attachments/4.4.0/camel-attachments-4.4.0.jar!/META-INF/services/org/apache/camel/TypeConverterLoader
2025-10-29 23:56:51 [main] DEBUG o.a.c.i.c.BaseTypeConverterRegistry - Loading file META-INF/services/org/apache/camel/TypeConverterLoader to retrieve list of type converters, from url: jar:file:/C:/Users/omard/.m2/repository/org/apache/camel/camel-jackson/4.4.0/camel-jackson-4.4.0.jar!/META-INF/services/org/apache/camel/TypeConverterLoader
2025-10-29 23:56:51 [main] DEBUG o.a.c.i.c.BaseTypeConverterRegistry - Loading file META-INF/services/org/apache/camel/TypeConverterLoader to retrieve list of type converters, from url: jar:file:/C:/Users/omard/.m2/repository/org/apache/camel/camel-support/4.4.0/camel-support-4.4.0.jar!/META-INF/services/org/apache/camel/TypeConverterLoader
2025-10-29 23:56:51 [main] DEBUG o.a.c.i.c.BaseTypeConverterRegistry - Loading file META-INF/services/org/apache/camel/TypeConverterLoader to retrieve list of type converters, from url: jar:file:/C:/Users/omard/.m2/repository/org/apache/camel/camel-file/4.4.0/camel-file-4.4.0.jar!/META-INF/services/org/apache/camel/TypeConverterLoader
2025-10-29 23:56:51 [main] DEBUG o.a.c.i.c.BaseTypeConverterRegistry - Loading file META-INF/services/org/apache/camel/TypeConverterLoader to retrieve list of type converters, from url: jar:file:/C:/Users/omard/.m2/repository/org/apache/camel/camel-base/4.4.0/camel-base-4.4.0.jar!/META-INF/services/org/apache/camel/TypeConverterLoader
2025-10-29 23:56:51 [main] DEBUG o.a.c.i.c.BaseTypeConverterRegistry - Resolving TypeConverterLoader: org.apache.camel.spring.converter.ResourceConverterLoader
2025-10-29 23:56:51 [main] DEBUG o.a.c.i.c.BaseTypeConverterRegistry - TypeConverterLoader: org.apache.camel.spring.converter.ResourceConverterLoader loading converters
2025-10-29 23:56:51 [main] DEBUG o.a.c.i.c.BaseTypeConverterRegistry - Resolving TypeConverterLoader: org.apache.camel.converter.jaxp.CamelXmlJaxpBulkConverterLoader
2025-10-29 23:56:51 [main] DEBUG o.a.c.i.c.BaseTypeConverterRegistry - TypeConverterLoader: org.apache.camel.converter.jaxp.CamelXmlJaxpBulkConverterLoader loading converters
2025-10-29 23:56:51 [main] DEBUG o.a.c.i.c.BaseTypeConverterRegistry - Resolving TypeConverterLoader: org.apache.camel.component.http.HttpConvertersLoader
2025-10-29 23:56:51 [main] DEBUG o.a.c.i.c.BaseTypeConverterRegistry - TypeConverterLoader: org.apache.camel.component.http.HttpConvertersLoader loading converters
2025-10-29 23:56:51 [main] DEBUG o.a.c.i.c.BaseTypeConverterRegistry - Resolving TypeConverterLoader: org.apache.camel.component.http.HttpEntityConverterLoader
2025-10-29 23:56:51 [main] DEBUG o.a.c.i.c.BaseTypeConverterRegistry - TypeConverterLoader: org.apache.camel.component.http.HttpEntityConverterLoader loading converters
2025-10-29 23:56:51 [main] DEBUG o.a.c.i.c.BaseTypeConverterRegistry - Resolving TypeConverterLoader: org.apache.camel.http.common.HttpConverterLoader
2025-10-29 23:56:51 [main] DEBUG o.a.c.i.c.BaseTypeConverterRegistry - TypeConverterLoader: org.apache.camel.http.common.HttpConverterLoader loading converters
2025-10-29 23:56:51 [main] DEBUG o.a.c.i.c.BaseTypeConverterRegistry - Resolving TypeConverterLoader: org.apache.camel.attachment.AttachmentConverterLoader
2025-10-29 23:56:51 [main] DEBUG o.a.c.i.c.BaseTypeConverterRegistry - TypeConverterLoader: org.apache.camel.attachment.AttachmentConverterLoader loading converters
2025-10-29 23:56:51 [main] DEBUG o.a.c.i.c.BaseTypeConverterRegistry - Resolving TypeConverterLoader: org.apache.camel.component.jackson.converter.JacksonTypeConvertersLoader
2025-10-29 23:56:51 [main] DEBUG o.a.c.i.c.BaseTypeConverterRegistry - TypeConverterLoader: org.apache.camel.component.jackson.converter.JacksonTypeConvertersLoader loading converters
2025-10-29 23:56:51 [main] DEBUG o.a.c.i.c.BaseTypeConverterRegistry - Resolving TypeConverterLoader: org.apache.camel.converter.stream.StreamCacheBulkConverterLoader
2025-10-29 23:56:51 [main] DEBUG o.a.c.i.c.BaseTypeConverterRegistry - TypeConverterLoader: org.apache.camel.converter.stream.StreamCacheBulkConverterLoader loading converters
2025-10-29 23:56:51 [main] DEBUG o.a.c.i.c.BaseTypeConverterRegistry - Resolving TypeConverterLoader: org.apache.camel.component.file.GenericFileConverterLoader
2025-10-29 23:56:51 [main] DEBUG o.a.c.i.c.BaseTypeConverterRegistry - TypeConverterLoader: org.apache.camel.component.file.GenericFileConverterLoader loading converters
2025-10-29 23:56:51 [main] DEBUG o.a.c.i.c.BaseTypeConverterRegistry - Resolving TypeConverterLoader: org.apache.camel.converter.CamelBaseBulkConverterLoader
2025-10-29 23:56:51 [main] DEBUG o.a.c.i.c.BaseTypeConverterRegistry - TypeConverterLoader: org.apache.camel.converter.CamelBaseBulkConverterLoader loading converters
2025-10-29 23:56:51 [main] DEBUG o.a.c.i.c.DefaultTypeConverter - Loaded 259 type converters in 48ms
2025-10-29 23:56:51 [main] DEBUG o.a.c.i.engine.AbstractCamelContext - Apache Camel 4.4.0 (camel-1) built in 83ms
2025-10-29 23:56:51 [main] INFO  o.a.camel.util.concurrent.ThreadType - The type of thread detected is PLATFORM
2025-10-29 23:56:51 [main] DEBUG o.a.c.i.e.BaseExecutorServiceManager - Created new ScheduledThreadPool for source: ErrorHandlerRedeliveryThreadPool with name: ErrorHandlerRedeliveryTask -> org.apache.camel.util.concurrent.SizedScheduledExecutorService@7be7236d[ErrorHandlerRedeliveryTask]
2025-10-29 23:56:51 [main] DEBUG o.a.c.i.e.DefaultConfigurerResolver - Found configurer: spring-event-component via type: org.apache.camel.component.event.EventComponentConfigurer via: META-INF/services/org/apache/camel/configurer/spring-event-component
2025-10-29 23:56:51 [main] DEBUG o.a.c.i.e.DefaultConfigurerResolver - Found configurer: spring-event-endpoint via type: org.apache.camel.component.event.EventEndpointConfigurer via: META-INF/services/org/apache/camel/configurer/spring-event-endpoint
2025-10-29 23:56:51 [main] DEBUG o.a.c.i.e.DefaultConfigurerResolver - Found configurer: spring-event-component via type: org.apache.camel.component.event.EventComponentConfigurer via: META-INF/services/org/apache/camel/configurer/spring-event-component
2025-10-29 23:56:51 [main] DEBUG o.a.camel.spring.SpringCamelContext - Set the application context classloader to: TomcatEmbeddedWebappClassLoader
  context: ROOT
  delegate: true
----------> Parent Classloader:
jdk.internal.loader.ClassLoaders$AppClassLoader@5451c3a8

2025-10-29 23:56:53 [main] DEBUG o.s.w.f.ServerHttpObservationFilter - Filter 'webMvcObservationFilter' configured for use
2025-10-29 23:56:53 [main] DEBUG o.s.w.f.CommonsRequestLoggingFilter - Filter 'logFilter' configured for use
2025-10-29 23:56:53 [main] DEBUG c.m.b.users.config.JwtRequestFilter - Filter 'jwtRequestFilter' configured for use
2025-10-29 23:56:53 [main] INFO  c.m.b.config.RestTemplateConfig - Creating RestTemplate with SSL trust-all configuration
2025-10-29 23:56:53 [main] INFO  c.m.b.config.RestTemplateConfig - RestTemplate configured with connect-timeout: 10000ms, read-timeout: 30000ms
2025-10-29 23:56:54 [main] INFO  org.quartz.impl.StdSchedulerFactory - Using default implementation for ThreadExecutor
2025-10-29 23:56:54 [main] INFO  o.quartz.core.SchedulerSignalerImpl - Initialized Scheduler Signaller of type: class org.quartz.core.SchedulerSignalerImpl
2025-10-29 23:56:54 [main] INFO  org.quartz.core.QuartzScheduler - Quartz Scheduler v.2.3.2 created.
2025-10-29 23:56:54 [main] INFO  org.quartz.simpl.RAMJobStore - RAMJobStore initialized.
2025-10-29 23:56:54 [main] INFO  org.quartz.core.QuartzScheduler - Scheduler meta-data: Quartz Scheduler (v2.3.2) 'quartzScheduler' with instanceId 'NON_CLUSTERED'
  Scheduler class: 'org.quartz.core.QuartzScheduler' - running locally.
  NOT STARTED.
  Currently in standby mode.
  Number of jobs executed: 0
  Using thread pool 'org.quartz.simpl.SimpleThreadPool' - with 10 threads.
  Using job-store 'org.quartz.simpl.RAMJobStore' - which does not support persistence. and is not clustered.

2025-10-29 23:56:54 [main] INFO  org.quartz.impl.StdSchedulerFactory - Quartz scheduler 'quartzScheduler' initialized from an externally provided properties instance.
2025-10-29 23:56:54 [main] INFO  org.quartz.impl.StdSchedulerFactory - Quartz scheduler version: 2.3.2
2025-10-29 23:56:54 [main] INFO  org.quartz.core.QuartzScheduler - JobFactory set to: org.springframework.scheduling.quartz.SpringBeanJobFactory@6f7ef48
2025-10-29 23:56:55 [main] INFO  c.m.IntegrationMappingComponent - IntegrationMappingComponent initialized with CamelContext.
2025-10-29 23:56:55 [main] INFO  c.m.b.c.IntegrationMappingConfiguration - ✅ Registered custom Camel component: integrationmapping
2025-10-29 23:56:55 [main] INFO  c.m.b.k.i.Dhis2HeaderFilterConfig - === Configuring DHIS2 Header Filter (Static Test) ===
2025-10-29 23:56:55 [main] INFO  c.m.b.k.i.Dhis2HeaderFilterConfig - DHIS2 Header Filter configured - allowing most headers for testing
2025-10-29 23:56:55 [main] DEBUG o.s.w.s.m.m.a.RequestMappingHandlerMapping - 164 mappings in 'requestMappingHandlerMapping'
2025-10-29 23:56:55 [main] DEBUG o.s.w.s.h.SimpleUrlHandlerMapping - Patterns [/webjars/**, /**, /swagger-ui*/*swagger-initializer.js, /swagger-ui*/**] in 'resourceHandlerMapping'
2025-10-29 23:56:55 [main] DEBUG o.a.c.i.h.DefaultHealthCheckRegistry - HealthCheck with id context successfully registered
2025-10-29 23:56:55 [main] DEBUG o.a.c.i.h.DefaultHealthCheckRegistry - HealthCheckRepository with id routes successfully registered
2025-10-29 23:56:55 [main] DEBUG o.a.c.i.h.DefaultHealthCheckRegistry - HealthCheckRepository with id producers successfully registered
2025-10-29 23:56:55 [main] DEBUG o.a.c.i.h.DefaultHealthCheckRegistry - HealthCheckRepository with id consumers successfully registered
2025-10-29 23:56:56 [main] DEBUG o.s.w.s.m.m.a.RequestMappingHandlerAdapter - ControllerAdvice beans: 0 @ModelAttribute, 0 @InitBinder, 1 RequestBodyAdvice, 1 ResponseBodyAdvice
2025-10-29 23:56:56 [main] DEBUG o.s.w.s.m.m.a.ExceptionHandlerExceptionResolver - ControllerAdvice beans: 2 @ExceptionHandler, 1 ResponseBodyAdvice
2025-10-29 23:56:57 [main] INFO  o.a.coyote.http11.Http11NioProtocol - Starting ProtocolHandler ["http-nio-8081"]
2025-10-29 23:56:57 [main] DEBUG o.a.c.h.common.DefaultHttpRegistry - Registering CamelServlet with name CamelServlet consumers present: 0
2025-10-29 23:56:57 [main] INFO  o.a.c.c.s.CamelHttpTransportServlet - Initialized CamelHttpTransportServlet[name=CamelServlet, contextPath=]
2025-10-29 23:56:57 [main] DEBUG o.a.camel.spring.SpringCamelContext - onApplicationEvent: org.springframework.boot.web.servlet.context.ServletWebServerInitializedEvent[source=org.springframework.boot.web.embedded.tomcat.TomcatWebServer@3ecb153a]
2025-10-29 23:56:57 [main] INFO  org.quartz.core.QuartzScheduler - Scheduler quartzScheduler_$_NON_CLUSTERED started.
2025-10-29 23:56:57 [main] DEBUG o.a.c.s.b.CamelSpringBootApplicationListener - Post-processing CamelContext bean: camel-1
2025-10-29 23:56:57 [main] DEBUG o.apache.camel.main.RoutesConfigurer - RoutesCollectorEnabled: org.apache.camel.spring.boot.CamelSpringBootRoutesCollector@516edacb
2025-10-29 23:56:57 [main] DEBUG o.a.c.s.b.CamelSpringBootRoutesCollector - Finding additional routes from: classpath:camel/*
2025-10-29 23:56:57 [main] DEBUG o.a.c.s.b.CamelSpringBootRoutesCollector - Finding additional routes from: classpath:camel-template/*
2025-10-29 23:56:57 [main] DEBUG o.a.c.s.b.CamelSpringBootRoutesCollector - Finding additional routes from: classpath:camel-rest/*
2025-10-29 23:56:57 [main] DEBUG o.a.c.s.b.CamelSpringBootRoutesCollector - No additional RoutesBuilder discovered from: classpath:camel/*,classpath:camel-template/*,classpath:camel-rest/*
2025-10-29 23:56:57 [main] DEBUG o.a.camel.spring.SpringCamelContext - onApplicationEvent: org.springframework.context.event.ContextRefreshedEvent[source=org.springframework.boot.web.servlet.context.AnnotationConfigServletWebServerApplicationContext@dcfda20, started on Wed Oct 29 23:56:43 EET 2025]
2025-10-29 23:56:57 [main] DEBUG o.a.c.i.engine.AbstractCamelContext - Resolving language: simple
2025-10-29 23:56:57 [main] DEBUG o.a.camel.support.ResolverHelper - Lookup Language with name simple in registry. Found: null
2025-10-29 23:56:57 [main] DEBUG o.a.camel.support.ResolverHelper - Lookup Language with name simple-language in registry. Found: null
2025-10-29 23:56:57 [main] DEBUG o.a.c.language.simple.SimpleLanguage - Simple language predicate/expression cache size: 1000
2025-10-29 23:56:57 [main] DEBUG o.a.c.i.engine.AbstractCamelContext - Apache Camel 4.4.0 (camel-1) initialized in 80ms
2025-10-29 23:56:57 [main] INFO  o.a.c.i.engine.AbstractCamelContext - Apache Camel 4.4.0 (camel-1) is starting
2025-10-29 23:56:57 [main] DEBUG o.a.c.i.engine.AbstractCamelContext - Using ClassResolver=org.apache.camel.impl.engine.DefaultClassResolver@cb952f4, PackageScanClassResolver=org.apache.camel.spring.boot.FatJarPackageScanClassResolver@31693ea2, ApplicationContextClassLoader=TomcatEmbeddedWebappClassLoader
  context: ROOT
  delegate: true
----------> Parent Classloader:
jdk.internal.loader.ClassLoaders$AppClassLoader@5451c3a8
, RouteController=org.apache.camel.impl.engine.DefaultRouteController@6fd44395
2025-10-29 23:56:57 [main] DEBUG o.a.c.i.engine.AbstractCamelContext - StreamCaching is disabled on CamelContext: camel-1
2025-10-29 23:56:57 [main] DEBUG o.a.c.i.engine.AbstractCamelContext - Using HeadersMapFactory: org.apache.camel.impl.engine.DefaultHeadersMapFactory@3295bad5
2025-10-29 23:56:57 [main] DEBUG o.a.c.i.engine.AbstractCamelContext - Using ReactiveExecutor: org.apache.camel.impl.engine.DefaultReactiveExecutor@2e8fdec5
2025-10-29 23:56:57 [main] DEBUG o.a.c.i.engine.AbstractCamelContext - Using ThreadPoolFactory: org.apache.camel.support.DefaultThreadPoolFactory@4dd6bcc
2025-10-29 23:56:57 [main] DEBUG o.a.c.i.engine.AbstractCamelContext - Using HealthCheck: camel-spring-boot
2025-10-29 23:56:57 [main] DEBUG o.a.c.i.e.DefaultStreamCachingStrategy - StreamCaching configuration DefaultStreamCachingStrategy[spoolDirectoryEnabled=false, spoolDirectory=null, spoolCipher=null, spoolThreshold=131072, spoolUsedHeapMemoryThreshold=0, bufferSize=0, anySpoolRules=false]
2025-10-29 23:56:57 [main] DEBUG o.a.c.i.e.DefaultStreamCachingStrategy - StreamCaching in use
2025-10-29 23:56:57 [main] DEBUG o.a.c.i.engine.AbstractCamelContext - Clearing BeanIntrospection cache with 1 objects using during starting Camel
2025-10-29 23:56:57 [main] DEBUG o.a.c.i.engine.AbstractCamelContext - BeanIntrospection invoked 4 times during starting Camel
2025-10-29 23:56:57 [main] INFO  o.a.c.i.engine.AbstractCamelContext - Routes startup (started:0)
2025-10-29 23:56:57 [main] INFO  o.a.c.i.engine.AbstractCamelContext - Apache Camel 4.4.0 (camel-1) started in 181ms (build:83ms init:80ms start:18ms)
2025-10-29 23:56:57 [main] DEBUG o.a.camel.support.ResolverHelper - Found ProcessorFactory: org.apache.camel.processor.DefaultProcessorFactory via: META-INF/services/org/apache/camel/processor-factory
2025-10-29 23:56:57 [main] DEBUG o.a.camel.support.ResolverHelper - Detected and using ProcessorFactory: org.apache.camel.processor.DefaultProcessorFactory@501e1441
2025-10-29 23:56:57 [main] DEBUG o.a.camel.impl.DefaultCamelContext - start() took 109 millis
2025-10-29 23:56:57 [main] INFO  c.middleware.MiddlewareApplication - Started MiddlewareApplication in 15.379 seconds (process running for 17.133)
2025-10-29 23:56:57 [main] DEBUG o.a.camel.spring.SpringCamelContext - onApplicationEvent: org.springframework.boot.context.event.ApplicationStartedEvent[source=org.springframework.boot.SpringApplication@4ec763de]
2025-10-29 23:56:57 [main] DEBUG o.a.camel.spring.SpringCamelContext - onApplicationEvent: org.springframework.boot.availability.AvailabilityChangeEvent[source=org.springframework.boot.web.servlet.context.AnnotationConfigServletWebServerApplicationContext@dcfda20, started on Wed Oct 29 23:56:43 EET 2025]
2025-10-29 23:56:57 [scheduling-1] INFO  c.m.b.k.service.DynamicRouteService - Starting route status sync with Camel context
2025-10-29 23:56:58 [main] DEBUG o.a.camel.spring.SpringCamelContext - onApplicationEvent: org.springframework.boot.context.event.ApplicationReadyEvent[source=org.springframework.boot.SpringApplication@4ec763de]
2025-10-29 23:56:58 [main] INFO  c.m.b.k.service.SequenceFixService - Fixing sequence for integration_mapping.id ...
2025-10-29 23:56:58 [scheduling-1] DEBUG o.a.c.i.engine.AbstractCamelContext - Adding route configurations from builder: Routes: []
2025-10-29 23:56:58 [scheduling-1] DEBUG o.a.c.i.engine.AbstractCamelContext - Adding routes from builder: Routes: []
2025-10-29 23:56:58 [scheduling-1] DEBUG o.a.c.i.e.DefaultUriFactoryResolver - Found EndpointUriFactory: integrationmapping via type: com.middleware.IntegrationMappingEndpointUriFactory via: META-INF/services/org/apache/camel/urifactory/integrationmapping
2025-10-29 23:56:58 [scheduling-1] DEBUG o.a.c.i.e.DefaultUriFactoryResolver - Found EndpointUriFactory: rest via type: org.apache.camel.component.rest.RestEndpointUriFactory via: META-INF/services/org/apache/camel/urifactory/rest
2025-10-29 23:56:58 [scheduling-1] DEBUG o.a.c.i.e.DefaultConfigurerResolver - Found configurer: org.apache.camel.spi.RestConfiguration via type: org.apache.camel.impl.RestConfigurationConfigurer via: META-INF/services/org/apache/camel/configurer/org.apache.camel.spi.RestConfiguration
2025-10-29 23:56:58 [scheduling-1] DEBUG o.a.c.i.e.DefaultConfigurerResolver - Found configurer: org.apache.camel.spi.RestConfiguration via type: org.apache.camel.impl.RestConfigurationConfigurer via: META-INF/services/org/apache/camel/configurer/org.apache.camel.spi.RestConfiguration
2025-10-29 23:56:58 [scheduling-1] DEBUG o.a.c.i.e.DefaultConfigurerResolver - Found configurer: org.apache.camel.spi.RestConfiguration via type: org.apache.camel.impl.RestConfigurationConfigurer via: META-INF/services/org/apache/camel/configurer/org.apache.camel.spi.RestConfiguration
2025-10-29 23:56:58 [scheduling-1] DEBUG o.a.c.i.e.DefaultConfigurerResolver - Found configurer: org.apache.camel.spi.RestConfiguration via type: org.apache.camel.impl.RestConfigurationConfigurer via: META-INF/services/org/apache/camel/configurer/org.apache.camel.spi.RestConfiguration
2025-10-29 23:56:58 [scheduling-1] DEBUG o.a.c.i.e.DefaultConfigurerResolver - Found configurer: org.apache.camel.spi.RestConfiguration via type: org.apache.camel.impl.RestConfigurationConfigurer via: META-INF/services/org/apache/camel/configurer/org.apache.camel.spi.RestConfiguration
2025-10-29 23:56:58 [scheduling-1] DEBUG o.a.c.i.e.DefaultConfigurerResolver - Found configurer: org.apache.camel.spi.RestConfiguration via type: org.apache.camel.impl.RestConfigurationConfigurer via: META-INF/services/org/apache/camel/configurer/org.apache.camel.spi.RestConfiguration
2025-10-29 23:56:58 [scheduling-1] DEBUG o.a.c.i.e.DefaultConfigurerResolver - Found configurer: org.apache.camel.spi.RestConfiguration via type: org.apache.camel.impl.RestConfigurationConfigurer via: META-INF/services/org/apache/camel/configurer/org.apache.camel.spi.RestConfiguration
2025-10-29 23:56:58 [scheduling-1] DEBUG o.a.c.i.e.DefaultConfigurerResolver - Found configurer: org.apache.camel.spi.RestConfiguration via type: org.apache.camel.impl.RestConfigurationConfigurer via: META-INF/services/org/apache/camel/configurer/org.apache.camel.spi.RestConfiguration
2025-10-29 23:56:58 [scheduling-1] DEBUG o.a.c.i.e.DefaultConfigurerResolver - Found configurer: org.apache.camel.spi.RestConfiguration via type: org.apache.camel.impl.RestConfigurationConfigurer via: META-INF/services/org/apache/camel/configurer/org.apache.camel.spi.RestConfiguration
2025-10-29 23:56:58 [scheduling-1] DEBUG o.a.c.i.e.DefaultConfigurerResolver - Found configurer: org.apache.camel.spi.RestConfiguration via type: org.apache.camel.impl.RestConfigurationConfigurer via: META-INF/services/org/apache/camel/configurer/org.apache.camel.spi.RestConfiguration
2025-10-29 23:56:58 [scheduling-1] DEBUG o.a.c.i.e.DefaultConfigurerResolver - Found configurer: org.apache.camel.spi.RestConfiguration via type: org.apache.camel.impl.RestConfigurationConfigurer via: META-INF/services/org/apache/camel/configurer/org.apache.camel.spi.RestConfiguration
2025-10-29 23:56:58 [scheduling-1] DEBUG o.a.c.i.e.DefaultConfigurerResolver - Found configurer: org.apache.camel.spi.RestConfiguration via type: org.apache.camel.impl.RestConfigurationConfigurer via: META-INF/services/org/apache/camel/configurer/org.apache.camel.spi.RestConfiguration
2025-10-29 23:56:58 [main] INFO  c.m.b.k.service.SequenceFixService - Sequence public.integration_mapping_id_seq synced to 22. setval returned 22
2025-10-29 23:56:58 [main] INFO  c.m.b.k.service.SequenceFixService - Sequence fix done.
2025-10-29 23:56:58 [main] DEBUG o.a.camel.spring.SpringCamelContext - onApplicationEvent: org.springframework.boot.availability.AvailabilityChangeEvent[source=org.springframework.boot.web.servlet.context.AnnotationConfigServletWebServerApplicationContext@dcfda20, started on Wed Oct 29 23:56:43 EET 2025]
2025-10-29 23:56:58 [scheduling-1] DEBUG o.a.c.i.engine.AbstractCamelContext - Using ComponentResolver: org.apache.camel.impl.engine.DefaultComponentResolver@2b5edc04 to resolve component with name: rest
2025-10-29 23:56:58 [scheduling-1] DEBUG o.a.camel.support.ResolverHelper - Lookup Component with name rest in registry. Found: null
2025-10-29 23:56:58 [scheduling-1] DEBUG o.a.camel.support.ResolverHelper - Lookup Component with name rest-component in registry. Found: null
2025-10-29 23:56:58 [scheduling-1] DEBUG o.a.c.i.e.DefaultComponentResolver - Found component: rest via type: org.apache.camel.component.rest.RestComponent via: META-INF/services/org/apache/camel/component/rest
2025-10-29 23:56:58 [scheduling-1] DEBUG o.a.c.i.e.DefaultConfigurerResolver - Found configurer: rest-component via type: org.apache.camel.component.rest.RestComponentConfigurer via: META-INF/services/org/apache/camel/configurer/rest-component
2025-10-29 23:56:58 [scheduling-1] DEBUG o.a.c.i.e.DefaultConfigurerResolver - Found configurer: rest-endpoint via type: org.apache.camel.component.rest.RestEndpointConfigurer via: META-INF/services/org/apache/camel/configurer/rest-endpoint
2025-10-29 23:56:58 [RMI TCP Connection(1)-192.168.88.4] DEBUG o.a.c.i.health.AbstractHealthCheck - Invoke health-check (LIVENESS) camel/context
2025-10-29 23:56:58 [RMI TCP Connection(3)-192.168.88.4] INFO  o.a.c.c.C.[Tomcat].[localhost].[/] - Initializing Spring DispatcherServlet 'dispatcherServlet'
2025-10-29 23:56:58 [RMI TCP Connection(3)-192.168.88.4] INFO  o.s.web.servlet.DispatcherServlet - Initializing Servlet 'dispatcherServlet'
2025-10-29 23:56:58 [RMI TCP Connection(1)-192.168.88.4] DEBUG o.a.c.i.health.AbstractHealthCheck - Invoke health-check (READINESS) camel/context
2025-10-29 23:56:58 [RMI TCP Connection(3)-192.168.88.4] DEBUG o.s.web.servlet.DispatcherServlet - Detected StandardServletMultipartResolver
2025-10-29 23:56:58 [RMI TCP Connection(3)-192.168.88.4] DEBUG o.s.web.servlet.DispatcherServlet - Detected AcceptHeaderLocaleResolver
2025-10-29 23:56:58 [RMI TCP Connection(3)-192.168.88.4] DEBUG o.s.web.servlet.DispatcherServlet - Detected FixedThemeResolver
2025-10-29 23:56:58 [RMI TCP Connection(1)-192.168.88.4] DEBUG o.a.c.i.health.AbstractHealthCheck - Invoke health-check (ALL) camel/context
2025-10-29 23:56:58 [RMI TCP Connection(3)-192.168.88.4] DEBUG o.s.web.servlet.DispatcherServlet - Detected org.springframework.web.servlet.view.DefaultRequestToViewNameTranslator@1342f774
2025-10-29 23:56:58 [RMI TCP Connection(3)-192.168.88.4] DEBUG o.s.web.servlet.DispatcherServlet - Detected org.springframework.web.servlet.support.SessionFlashMapManager@75650906
2025-10-29 23:56:58 [RMI TCP Connection(3)-192.168.88.4] DEBUG o.s.web.servlet.DispatcherServlet - enableLoggingRequestDetails='false': request parameters and headers will be masked to prevent unsafe logging of potentially sensitive data
2025-10-29 23:56:58 [RMI TCP Connection(3)-192.168.88.4] INFO  o.s.web.servlet.DispatcherServlet - Completed initialization in 8 ms
2025-10-29 23:56:58 [scheduling-1] DEBUG o.a.c.i.e.DefaultConfigurerResolver - Found configurer: rest-component via type: org.apache.camel.component.rest.RestComponentConfigurer via: META-INF/services/org/apache/camel/configurer/rest-component
2025-10-29 23:56:58 [scheduling-1] DEBUG o.a.camel.support.DefaultComponent - Creating endpoint uri=[rest://get:/healthmap2], path=[get:/healthmap2]
2025-10-29 23:56:58 [scheduling-1] DEBUG o.a.c.i.engine.AbstractCamelContext - rest://get:/healthmap2 converted to endpoint: rest://get:/healthmap2 by component: org.apache.camel.component.rest.RestComponent@11c4c91d
2025-10-29 23:56:58 [scheduling-1] DEBUG o.a.c.i.engine.AbstractCamelContext - Using ComponentResolver: org.apache.camel.impl.engine.DefaultComponentResolver@2b5edc04 to resolve component with name: integrationmapping
2025-10-29 23:56:58 [scheduling-1] DEBUG o.a.camel.support.ResolverHelper - Lookup Component with name integrationmapping in registry. Found: com.middleware.IntegrationMappingComponent@1953705
2025-10-29 23:56:58 [scheduling-1] DEBUG o.a.c.i.e.DefaultConfigurerResolver - Found configurer: integrationmapping-component via type: com.middleware.IntegrationMappingComponentConfigurer via: META-INF/services/org/apache/camel/configurer/integrationmapping-component
2025-10-29 23:56:58 [scheduling-1] DEBUG o.a.c.i.e.DefaultConfigurerResolver - Found configurer: integrationmapping-endpoint via type: com.middleware.IntegrationMappingEndpointConfigurer via: META-INF/services/org/apache/camel/configurer/integrationmapping-endpoint
2025-10-29 23:56:58 [scheduling-1] DEBUG o.a.c.i.e.DefaultConfigurerResolver - Found configurer: integrationmapping-component via type: com.middleware.IntegrationMappingComponentConfigurer via: META-INF/services/org/apache/camel/configurer/integrationmapping-component
2025-10-29 23:56:58 [scheduling-1] DEBUG o.a.camel.support.DefaultComponent - Creating endpoint uri=[integrationmapping://null?code=default], path=[null]
2025-10-29 23:56:58 [scheduling-1] INFO  c.m.IntegrationMappingEndpoint - IntegrationMappingEndpoint created for URI: integrationmapping://null?code=default
2025-10-29 23:56:58 [scheduling-1] DEBUG o.a.c.i.engine.AbstractCamelContext - integrationmapping://null?code=default converted to endpoint: integrationmapping://null?code=default by component: com.middleware.IntegrationMappingComponent@1953705
2025-10-29 23:56:58 [scheduling-1] DEBUG o.a.camel.support.ResolverHelper - Found InternalProcessorFactory: org.apache.camel.processor.DefaultInternalProcessorFactory via: META-INF/services/org/apache/camel/internal-processor-factory
2025-10-29 23:56:58 [scheduling-1] DEBUG o.a.camel.support.ResolverHelper - Detected and using InternalProcessorFactory: org.apache.camel.processor.DefaultInternalProcessorFactory@5c55511f
2025-10-29 23:56:58 [scheduling-1] DEBUG o.apache.camel.reifier.RouteReifier - RoutePolicy is enabled: com.middleware.backend.policy.LoggingRoutePolicy@332a5d37 on route: integration-mapping-test
2025-10-29 23:56:58 [scheduling-1] DEBUG o.a.c.i.e.InternalRouteStartupManager - Warming up route id: integration-mapping-test having autoStartup=true
2025-10-29 23:56:58 [scheduling-1] DEBUG o.a.c.i.engine.AbstractCamelContext - Using ComponentResolver: org.apache.camel.impl.engine.DefaultComponentResolver@2b5edc04 to resolve component with name: servlet
2025-10-29 23:56:58 [scheduling-1] DEBUG o.a.camel.support.ResolverHelper - Lookup Component with name servlet in registry. Found: null
2025-10-29 23:56:58 [scheduling-1] DEBUG o.a.camel.support.ResolverHelper - Lookup Component with name servlet-component in registry. Found: org.apache.camel.component.servlet.ServletComponent@630ec2e4
2025-10-29 23:56:58 [scheduling-1] DEBUG o.a.c.i.e.DefaultConfigurerResolver - Found configurer: servlet-component via type: org.apache.camel.component.servlet.ServletComponentConfigurer via: META-INF/services/org/apache/camel/configurer/servlet-component
2025-10-29 23:56:58 [scheduling-1] DEBUG o.a.c.i.e.DefaultConfigurerResolver - Found configurer: servlet-endpoint via type: org.apache.camel.component.servlet.ServletEndpointConfigurer via: META-INF/services/org/apache/camel/configurer/servlet-endpoint
2025-10-29 23:56:58 [scheduling-1] DEBUG o.a.c.i.e.DefaultConfigurerResolver - Found configurer: servlet-component via type: org.apache.camel.component.servlet.ServletComponentConfigurer via: META-INF/services/org/apache/camel/configurer/servlet-component
2025-10-29 23:56:58 [scheduling-1] DEBUG o.a.camel.support.DefaultComponent - Creating endpoint uri=[servlet:///healthmap2?httpMethodRestrict=GET], path=[/healthmap2]
2025-10-29 23:56:58 [scheduling-1] DEBUG o.a.c.i.engine.AbstractCamelContext - servlet:///healthmap2?httpMethodRestrict=GET converted to endpoint: servlet:/healthmap2?httpMethodRestrict=GET by component: org.apache.camel.component.servlet.ServletComponent@630ec2e4
2025-10-29 23:56:58 [scheduling-1] DEBUG o.a.camel.support.ResolverHelper - Found RestRegistryFactory: org.apache.camel.component.rest.DefaultRestRegistryFactory via: META-INF/services/org/apache/camel/rest-registry-factory
2025-10-29 23:56:58 [scheduling-1] DEBUG o.a.camel.support.ResolverHelper - Detected and using RestRegistryFactory: org.apache.camel.component.rest.DefaultRestRegistryFactory@3dce82f1
2025-10-29 23:56:58 [scheduling-1] INFO  c.m.IntegrationMappingEndpoint - Creating IntegrationMappingProducer for endpoint: integrationmapping://null?code=default with mapping: null
2025-10-29 23:56:58 [scheduling-1] DEBUG o.a.camel.support.DefaultProducer - Starting producer: Producer[integrationmapping://null?code=default]
2025-10-29 23:56:58 [scheduling-1] DEBUG o.a.c.i.e.InternalRouteStartupManager - Route: integration-mapping-test >>> Route[rest://get:/healthmap2 -> null]
2025-10-29 23:56:58 [scheduling-1] DEBUG o.a.c.i.e.InternalRouteStartupManager - Starting consumer (order: 1000) on route: integration-mapping-test
2025-10-29 23:56:58 [scheduling-1] DEBUG o.a.camel.support.DefaultConsumer - Build consumer: Consumer[servlet:/healthmap2?httpMethodRestrict=GET]
2025-10-29 23:56:58 [scheduling-1] DEBUG o.a.camel.support.DefaultConsumer - Init consumer: Consumer[servlet:/healthmap2?httpMethodRestrict=GET]
2025-10-29 23:56:58 [scheduling-1] DEBUG o.a.camel.support.DefaultConsumer - Starting consumer: Consumer[servlet:/healthmap2?httpMethodRestrict=GET]
2025-10-29 23:56:58 [scheduling-1] DEBUG o.a.c.h.common.DefaultHttpRegistry - Registering consumer for path /healthmap2 providers present: 1
2025-10-29 23:56:58 [scheduling-1] DEBUG o.a.c.c.s.CamelHttpTransportServlet - Connecting consumer: Consumer[servlet:/healthmap2?httpMethodRestrict=GET]
2025-10-29 23:56:58 [scheduling-1] DEBUG o.a.c.i.e.InternalRouteStartupManager - Route: integration-mapping-test started and consuming from: servlet:/healthmap2
2025-10-29 23:56:58 [scheduling-1] DEBUG o.a.c.i.e.InternalRouteStartupManager - Warming up route id: integration-mapping-test having autoStartup=true
2025-10-29 23:56:58 [scheduling-1] DEBUG o.a.c.i.e.InternalRouteStartupManager - Route: integration-mapping-test >>> Route[rest://get:/healthmap2 -> null]
2025-10-29 23:56:58 [scheduling-1] DEBUG o.a.c.i.e.InternalRouteStartupManager - Starting consumer (order: 1001) on route: integration-mapping-test
2025-10-29 23:56:58 [scheduling-1] DEBUG o.a.c.i.e.InternalRouteStartupManager - Route: integration-mapping-test started and consuming from: servlet:/healthmap2
2025-10-29 23:56:58 [scheduling-1] INFO  c.m.b.k.service.DynamicRouteService - Re-added route integration-mapping-test to context (DB says active)
2025-10-29 23:56:58 [scheduling-1] DEBUG o.a.c.i.engine.AbstractCamelContext - Adding route configurations from builder: Routes: []
2025-10-29 23:56:58 [scheduling-1] DEBUG o.a.c.i.engine.AbstractCamelContext - Adding routes from builder: Routes: []
2025-10-29 23:56:58 [scheduling-1] DEBUG o.a.c.i.e.DefaultUriFactoryResolver - Found EndpointUriFactory: integrationmapping via type: com.middleware.IntegrationMappingEndpointUriFactory via: META-INF/services/org/apache/camel/urifactory/integrationmapping
2025-10-29 23:56:58 [scheduling-1] DEBUG o.a.c.i.e.DefaultUriFactoryResolver - Found EndpointUriFactory: rest via type: org.apache.camel.component.rest.RestEndpointUriFactory via: META-INF/services/org/apache/camel/urifactory/rest
2025-10-29 23:56:58 [scheduling-1] DEBUG o.a.camel.support.DefaultComponent - Creating endpoint uri=[rest://get:/HealthCenter], path=[get:/HealthCenter]
2025-10-29 23:56:58 [scheduling-1] DEBUG o.a.c.i.engine.AbstractCamelContext - rest://get:/HealthCenter converted to endpoint: rest://get:/HealthCenter by component: org.apache.camel.component.rest.RestComponent@11c4c91d
2025-10-29 23:56:58 [scheduling-1] DEBUG o.apache.camel.reifier.RouteReifier - RoutePolicy is enabled: com.middleware.backend.policy.LoggingRoutePolicy@79bb39f9 on route: HealthCenter-mapping
2025-10-29 23:56:58 [scheduling-1] DEBUG o.a.c.i.e.InternalRouteStartupManager - Warming up route id: HealthCenter-mapping having autoStartup=true
2025-10-29 23:56:58 [scheduling-1] DEBUG o.a.camel.support.DefaultComponent - Creating endpoint uri=[servlet:///HealthCenter?httpMethodRestrict=GET], path=[/HealthCenter]
2025-10-29 23:56:58 [scheduling-1] DEBUG o.a.c.i.engine.AbstractCamelContext - servlet:///HealthCenter?httpMethodRestrict=GET converted to endpoint: servlet:/HealthCenter?httpMethodRestrict=GET by component: org.apache.camel.component.servlet.ServletComponent@630ec2e4
2025-10-29 23:56:58 [scheduling-1] INFO  c.m.IntegrationMappingEndpoint - Creating IntegrationMappingProducer for endpoint: integrationmapping://null?code=default with mapping: null
2025-10-29 23:56:58 [scheduling-1] DEBUG o.a.camel.support.DefaultProducer - Starting producer: Producer[integrationmapping://null?code=default]
2025-10-29 23:56:58 [scheduling-1] DEBUG o.a.c.i.e.InternalRouteStartupManager - Route: HealthCenter-mapping >>> Route[rest://get:/HealthCenter -> null]
2025-10-29 23:56:58 [scheduling-1] DEBUG o.a.c.i.e.InternalRouteStartupManager - Starting consumer (order: 1002) on route: HealthCenter-mapping
2025-10-29 23:56:58 [scheduling-1] DEBUG o.a.camel.support.DefaultConsumer - Build consumer: Consumer[servlet:/HealthCenter?httpMethodRestrict=GET]
2025-10-29 23:56:58 [scheduling-1] DEBUG o.a.camel.support.DefaultConsumer - Init consumer: Consumer[servlet:/HealthCenter?httpMethodRestrict=GET]
2025-10-29 23:56:58 [scheduling-1] DEBUG o.a.camel.support.DefaultConsumer - Starting consumer: Consumer[servlet:/HealthCenter?httpMethodRestrict=GET]
2025-10-29 23:56:58 [scheduling-1] DEBUG o.a.c.h.common.DefaultHttpRegistry - Registering consumer for path /HealthCenter providers present: 1
2025-10-29 23:56:58 [scheduling-1] DEBUG o.a.c.c.s.CamelHttpTransportServlet - Connecting consumer: Consumer[servlet:/HealthCenter?httpMethodRestrict=GET]
2025-10-29 23:56:58 [scheduling-1] DEBUG o.a.c.i.e.InternalRouteStartupManager - Route: HealthCenter-mapping started and consuming from: servlet:/HealthCenter
2025-10-29 23:56:58 [scheduling-1] DEBUG o.a.c.i.e.InternalRouteStartupManager - Warming up route id: HealthCenter-mapping having autoStartup=true
2025-10-29 23:56:58 [scheduling-1] DEBUG o.a.c.i.e.InternalRouteStartupManager - Route: HealthCenter-mapping >>> Route[rest://get:/HealthCenter -> null]
2025-10-29 23:56:58 [scheduling-1] DEBUG o.a.c.i.e.InternalRouteStartupManager - Starting consumer (order: 1003) on route: HealthCenter-mapping
2025-10-29 23:56:58 [scheduling-1] DEBUG o.a.c.i.e.InternalRouteStartupManager - Route: HealthCenter-mapping started and consuming from: servlet:/HealthCenter
2025-10-29 23:56:58 [scheduling-1] INFO  c.m.b.k.service.DynamicRouteService - Re-added route HealthCenter-mapping to context (DB says active)
2025-10-29 23:56:58 [scheduling-1] DEBUG o.a.c.i.engine.AbstractCamelContext - Adding route configurations from builder: Routes: []
2025-10-29 23:56:58 [scheduling-1] DEBUG o.a.c.i.engine.AbstractCamelContext - Adding routes from builder: Routes: []
2025-10-29 23:56:58 [scheduling-1] DEBUG o.a.camel.support.DefaultComponent - Creating endpoint uri=[rest://post:/api/TESTscheled], path=[post:/api/TESTscheled]
2025-10-29 23:56:58 [scheduling-1] DEBUG o.a.c.i.engine.AbstractCamelContext - rest://post:/api/TESTscheled converted to endpoint: rest://post:/api/TESTscheled by component: org.apache.camel.component.rest.RestComponent@11c4c91d
2025-10-29 23:56:58 [scheduling-1] DEBUG o.a.c.i.engine.AbstractCamelContext - Resolving language: simple
2025-10-29 23:56:58 [scheduling-1] DEBUG o.a.c.i.engine.AbstractCamelContext - Resolving language: constant
2025-10-29 23:56:58 [scheduling-1] DEBUG o.a.camel.support.ResolverHelper - Lookup Language with name constant in registry. Found: null
2025-10-29 23:56:58 [scheduling-1] DEBUG o.a.camel.support.ResolverHelper - Lookup Language with name constant-language in registry. Found: null
2025-10-29 23:56:58 [scheduling-1] DEBUG o.a.c.i.engine.AbstractCamelContext - Using ComponentResolver: org.apache.camel.impl.engine.DefaultComponentResolver@2b5edc04 to resolve component with name: log
2025-10-29 23:56:58 [scheduling-1] DEBUG o.a.camel.support.ResolverHelper - Lookup Component with name log in registry. Found: null
2025-10-29 23:56:58 [scheduling-1] DEBUG o.a.camel.support.ResolverHelper - Lookup Component with name log-component in registry. Found: null
2025-10-29 23:56:58 [scheduling-1] DEBUG o.a.c.i.e.DefaultComponentResolver - Found component: log via type: org.apache.camel.component.log.LogComponent via: META-INF/services/org/apache/camel/component/log
2025-10-29 23:56:58 [scheduling-1] DEBUG o.a.c.i.e.DefaultConfigurerResolver - Found configurer: log-component via type: org.apache.camel.component.log.LogComponentConfigurer via: META-INF/services/org/apache/camel/configurer/log-component
2025-10-29 23:56:58 [scheduling-1] DEBUG o.a.c.i.e.DefaultConfigurerResolver - Found configurer: log-endpoint via type: org.apache.camel.component.log.LogEndpointConfigurer via: META-INF/services/org/apache/camel/configurer/log-endpoint
2025-10-29 23:56:58 [scheduling-1] DEBUG o.a.c.i.e.DefaultConfigurerResolver - Found configurer: log-component via type: org.apache.camel.component.log.LogComponentConfigurer via: META-INF/services/org/apache/camel/configurer/log-component
2025-10-29 23:56:58 [scheduling-1] DEBUG o.a.camel.support.DefaultComponent - Creating endpoint uri=[log://output], path=[output]
2025-10-29 23:56:58 [scheduling-1] DEBUG o.a.c.i.engine.AbstractCamelContext - log://output converted to endpoint: log://output by component: org.apache.camel.component.log.LogComponent@4a3aa16
2025-10-29 23:56:58 [scheduling-1] DEBUG o.apache.camel.reifier.RouteReifier - RoutePolicy is enabled: com.middleware.backend.policy.LoggingRoutePolicy@1bae73c6 on route: TESTscheled
2025-10-29 23:56:58 [scheduling-1] DEBUG o.a.c.i.e.InternalRouteStartupManager - Warming up route id: TESTscheled having autoStartup=true
2025-10-29 23:56:58 [scheduling-1] DEBUG o.a.camel.support.DefaultComponent - Creating endpoint uri=[servlet:///api/TESTscheled?httpMethodRestrict=POST], path=[/api/TESTscheled]
2025-10-29 23:56:58 [scheduling-1] DEBUG o.a.c.i.engine.AbstractCamelContext - servlet:///api/TESTscheled?httpMethodRestrict=POST converted to endpoint: servlet:/api/TESTscheled?httpMethodRestrict=POST by component: org.apache.camel.component.servlet.ServletComponent@630ec2e4
2025-10-29 23:56:58 [scheduling-1] DEBUG o.a.camel.support.DefaultProducer - Starting producer: Producer[log://output]
2025-10-29 23:56:58 [scheduling-1] DEBUG o.a.c.i.e.InternalRouteStartupManager - Route: TESTscheled >>> Route[rest://post:/api/TESTscheled -> null]
2025-10-29 23:56:58 [scheduling-1] DEBUG o.a.c.i.e.InternalRouteStartupManager - Starting consumer (order: 1004) on route: TESTscheled
2025-10-29 23:56:58 [scheduling-1] DEBUG o.a.camel.support.DefaultConsumer - Build consumer: Consumer[servlet:/api/TESTscheled?httpMethodRestrict=POST]
2025-10-29 23:56:58 [scheduling-1] DEBUG o.a.camel.support.DefaultConsumer - Init consumer: Consumer[servlet:/api/TESTscheled?httpMethodRestrict=POST]
2025-10-29 23:56:58 [scheduling-1] DEBUG o.a.camel.support.DefaultConsumer - Starting consumer: Consumer[servlet:/api/TESTscheled?httpMethodRestrict=POST]
2025-10-29 23:56:58 [scheduling-1] DEBUG o.a.c.h.common.DefaultHttpRegistry - Registering consumer for path /api/TESTscheled providers present: 1
2025-10-29 23:56:58 [scheduling-1] DEBUG o.a.c.c.s.CamelHttpTransportServlet - Connecting consumer: Consumer[servlet:/api/TESTscheled?httpMethodRestrict=POST]
2025-10-29 23:56:58 [scheduling-1] DEBUG o.a.c.i.e.InternalRouteStartupManager - Route: TESTscheled started and consuming from: servlet:/api/TESTscheled
2025-10-29 23:56:58 [scheduling-1] DEBUG o.a.c.i.e.InternalRouteStartupManager - Warming up route id: TESTscheled having autoStartup=true
2025-10-29 23:56:58 [scheduling-1] DEBUG o.a.c.i.e.InternalRouteStartupManager - Route: TESTscheled >>> Route[rest://post:/api/TESTscheled -> null]
2025-10-29 23:56:58 [scheduling-1] DEBUG o.a.c.i.e.InternalRouteStartupManager - Starting consumer (order: 1005) on route: TESTscheled
2025-10-29 23:56:58 [scheduling-1] DEBUG o.a.c.i.e.InternalRouteStartupManager - Route: TESTscheled started and consuming from: servlet:/api/TESTscheled
2025-10-29 23:56:58 [scheduling-1] INFO  c.m.b.k.service.DynamicRouteService - Re-added route TESTscheled to context (DB says active)
2025-10-29 23:56:58 [scheduling-1] DEBUG o.a.c.i.engine.AbstractCamelContext - Adding route configurations from builder: Routes: []
2025-10-29 23:56:58 [scheduling-1] DEBUG o.a.c.i.engine.AbstractCamelContext - Adding routes from builder: Routes: []
2025-10-29 23:56:58 [scheduling-1] DEBUG o.a.camel.support.DefaultComponent - Creating endpoint uri=[rest://post:/api/hello], path=[post:/api/hello]
2025-10-29 23:56:58 [scheduling-1] DEBUG o.a.c.i.engine.AbstractCamelContext - rest://post:/api/hello converted to endpoint: rest://post:/api/hello by component: org.apache.camel.component.rest.RestComponent@11c4c91d
2025-10-29 23:56:58 [scheduling-1] DEBUG o.a.c.i.engine.AbstractCamelContext - Resolving language: simple
2025-10-29 23:56:58 [scheduling-1] DEBUG o.a.c.i.engine.AbstractCamelContext - Resolving language: constant
2025-10-29 23:56:58 [scheduling-1] DEBUG o.apache.camel.reifier.RouteReifier - RoutePolicy is enabled: com.middleware.backend.policy.LoggingRoutePolicy@5bbbcc85 on route: my-new-route
2025-10-29 23:56:58 [scheduling-1] DEBUG o.a.c.i.e.InternalRouteStartupManager - Warming up route id: my-new-route having autoStartup=true
2025-10-29 23:56:58 [scheduling-1] DEBUG o.a.camel.support.DefaultComponent - Creating endpoint uri=[servlet:///api/hello?httpMethodRestrict=POST], path=[/api/hello]
2025-10-29 23:56:58 [scheduling-1] DEBUG o.a.c.i.engine.AbstractCamelContext - servlet:///api/hello?httpMethodRestrict=POST converted to endpoint: servlet:/api/hello?httpMethodRestrict=POST by component: org.apache.camel.component.servlet.ServletComponent@630ec2e4
2025-10-29 23:56:58 [scheduling-1] DEBUG o.a.camel.support.DefaultProducer - Starting producer: Producer[log://output]
2025-10-29 23:56:58 [scheduling-1] DEBUG o.a.c.i.e.InternalRouteStartupManager - Route: my-new-route >>> Route[rest://post:/api/hello -> null]
2025-10-29 23:56:58 [scheduling-1] DEBUG o.a.c.i.e.InternalRouteStartupManager - Starting consumer (order: 1006) on route: my-new-route
2025-10-29 23:56:58 [scheduling-1] DEBUG o.a.camel.support.DefaultConsumer - Build consumer: Consumer[servlet:/api/hello?httpMethodRestrict=POST]
2025-10-29 23:56:58 [scheduling-1] DEBUG o.a.camel.support.DefaultConsumer - Init consumer: Consumer[servlet:/api/hello?httpMethodRestrict=POST]
2025-10-29 23:56:58 [scheduling-1] DEBUG o.a.camel.support.DefaultConsumer - Starting consumer: Consumer[servlet:/api/hello?httpMethodRestrict=POST]
2025-10-29 23:56:58 [scheduling-1] DEBUG o.a.c.h.common.DefaultHttpRegistry - Registering consumer for path /api/hello providers present: 1
2025-10-29 23:56:58 [scheduling-1] DEBUG o.a.c.c.s.CamelHttpTransportServlet - Connecting consumer: Consumer[servlet:/api/hello?httpMethodRestrict=POST]
2025-10-29 23:56:58 [scheduling-1] DEBUG o.a.c.i.e.InternalRouteStartupManager - Route: my-new-route started and consuming from: servlet:/api/hello
2025-10-29 23:56:58 [scheduling-1] DEBUG o.a.c.i.e.InternalRouteStartupManager - Warming up route id: my-new-route having autoStartup=true
2025-10-29 23:56:58 [scheduling-1] DEBUG o.a.c.i.e.InternalRouteStartupManager - Route: my-new-route >>> Route[rest://post:/api/hello -> null]
2025-10-29 23:56:58 [scheduling-1] DEBUG o.a.c.i.e.InternalRouteStartupManager - Starting consumer (order: 1007) on route: my-new-route
2025-10-29 23:56:58 [scheduling-1] DEBUG o.a.c.i.e.InternalRouteStartupManager - Route: my-new-route started and consuming from: servlet:/api/hello
2025-10-29 23:56:58 [scheduling-1] INFO  c.m.b.k.service.DynamicRouteService - Re-added route my-new-route to context (DB says active)
2025-10-29 23:56:58 [scheduling-1] DEBUG o.a.c.i.engine.AbstractCamelContext - Adding route configurations from builder: Routes: []
2025-10-29 23:56:58 [scheduling-1] DEBUG o.a.c.i.engine.AbstractCamelContext - Adding routes from builder: Routes: []
2025-10-29 23:56:58 [scheduling-1] DEBUG o.a.c.i.e.DefaultUriFactoryResolver - Found EndpointUriFactory: rest via type: org.apache.camel.component.rest.RestEndpointUriFactory via: META-INF/services/org/apache/camel/urifactory/rest
2025-10-29 23:56:58 [scheduling-1] DEBUG o.a.camel.support.DefaultComponent - Creating endpoint uri=[rest://get:/healthmap22], path=[get:/healthmap22]
2025-10-29 23:56:58 [scheduling-1] DEBUG o.a.c.i.engine.AbstractCamelContext - rest://get:/healthmap22 converted to endpoint: rest://get:/healthmap22 by component: org.apache.camel.component.rest.RestComponent@11c4c91d
2025-10-29 23:56:58 [scheduling-1] DEBUG o.a.camel.support.DefaultComponent - Creating endpoint uri=[integrationmapping://default], path=[default]
2025-10-29 23:56:58 [scheduling-1] INFO  c.m.IntegrationMappingEndpoint - IntegrationMappingEndpoint created for URI: integrationmapping://default
2025-10-29 23:56:58 [scheduling-1] DEBUG o.a.c.i.engine.AbstractCamelContext - integrationmapping://default converted to endpoint: integrationmapping://default by component: com.middleware.IntegrationMappingComponent@1953705
2025-10-29 23:56:58 [scheduling-1] DEBUG o.apache.camel.reifier.RouteReifier - RoutePolicy is enabled: com.middleware.backend.policy.LoggingRoutePolicy@6cd8128a on route: integration-mapping-tes
2025-10-29 23:56:58 [scheduling-1] DEBUG o.a.c.i.e.InternalRouteStartupManager - Warming up route id: integration-mapping-tes having autoStartup=true
2025-10-29 23:56:58 [scheduling-1] DEBUG o.a.camel.support.DefaultComponent - Creating endpoint uri=[servlet:///healthmap22?httpMethodRestrict=GET], path=[/healthmap22]
2025-10-29 23:56:58 [scheduling-1] DEBUG o.a.c.i.engine.AbstractCamelContext - servlet:///healthmap22?httpMethodRestrict=GET converted to endpoint: servlet:/healthmap22?httpMethodRestrict=GET by component: org.apache.camel.component.servlet.ServletComponent@630ec2e4
2025-10-29 23:56:58 [scheduling-1] INFO  c.m.IntegrationMappingEndpoint - Creating IntegrationMappingProducer for endpoint: integrationmapping://default with mapping: null
2025-10-29 23:56:58 [scheduling-1] DEBUG o.a.camel.support.DefaultProducer - Starting producer: Producer[integrationmapping://default]
2025-10-29 23:56:58 [scheduling-1] DEBUG o.a.c.i.e.InternalRouteStartupManager - Route: integration-mapping-tes >>> Route[rest://get:/healthmap22 -> null]
2025-10-29 23:56:58 [scheduling-1] DEBUG o.a.c.i.e.InternalRouteStartupManager - Starting consumer (order: 1008) on route: integration-mapping-tes
2025-10-29 23:56:58 [scheduling-1] DEBUG o.a.camel.support.DefaultConsumer - Build consumer: Consumer[servlet:/healthmap22?httpMethodRestrict=GET]
2025-10-29 23:56:58 [scheduling-1] DEBUG o.a.camel.support.DefaultConsumer - Init consumer: Consumer[servlet:/healthmap22?httpMethodRestrict=GET]
2025-10-29 23:56:58 [scheduling-1] DEBUG o.a.camel.support.DefaultConsumer - Starting consumer: Consumer[servlet:/healthmap22?httpMethodRestrict=GET]
2025-10-29 23:56:58 [scheduling-1] DEBUG o.a.c.h.common.DefaultHttpRegistry - Registering consumer for path /healthmap22 providers present: 1
2025-10-29 23:56:58 [scheduling-1] DEBUG o.a.c.c.s.CamelHttpTransportServlet - Connecting consumer: Consumer[servlet:/healthmap22?httpMethodRestrict=GET]
2025-10-29 23:56:58 [scheduling-1] DEBUG o.a.c.i.e.InternalRouteStartupManager - Route: integration-mapping-tes started and consuming from: servlet:/healthmap22
2025-10-29 23:56:58 [scheduling-1] DEBUG o.a.c.i.e.InternalRouteStartupManager - Warming up route id: integration-mapping-tes having autoStartup=true
2025-10-29 23:56:58 [scheduling-1] DEBUG o.a.c.i.e.InternalRouteStartupManager - Route: integration-mapping-tes >>> Route[rest://get:/healthmap22 -> null]
2025-10-29 23:56:58 [scheduling-1] DEBUG o.a.c.i.e.InternalRouteStartupManager - Starting consumer (order: 1009) on route: integration-mapping-tes
2025-10-29 23:56:58 [scheduling-1] DEBUG o.a.c.i.e.InternalRouteStartupManager - Route: integration-mapping-tes started and consuming from: servlet:/healthmap22
2025-10-29 23:56:58 [scheduling-1] INFO  c.m.b.k.service.DynamicRouteService - Re-added route integration-mapping-tes to context (DB says active)
2025-10-29 23:56:58 [scheduling-1] DEBUG o.a.c.i.engine.AbstractCamelContext - Adding route configurations from builder: Routes: []
2025-10-29 23:56:58 [scheduling-1] DEBUG o.a.c.i.engine.AbstractCamelContext - Adding routes from builder: Routes: []
2025-10-29 23:56:58 [scheduling-1] DEBUG o.a.c.i.e.DefaultUriFactoryResolver - Found EndpointUriFactory: integratedSystem via type: com.middleware.IntegratedSystemEndpointUriFactory via: META-INF/services/org/apache/camel/urifactory/integratedSystem
2025-10-29 23:56:58 [scheduling-1] DEBUG o.a.c.i.e.DefaultUriFactoryResolver - Found EndpointUriFactory: servlet via type: org.apache.camel.component.servlet.ServletEndpointUriFactory via: META-INF/services/org/apache/camel/urifactory/servlet
2025-10-29 23:56:58 [scheduling-1] DEBUG o.a.camel.support.DefaultComponent - Creating endpoint uri=[servlet:///v1/datasets?httpMethodRestrict=POST], path=[/v1/datasets]
2025-10-29 23:56:58 [scheduling-1] DEBUG o.a.c.i.engine.AbstractCamelContext - servlet:///v1/datasets?httpMethodRestrict=POST converted to endpoint: servlet:/v1/datasets?httpMethodRestrict=POST by component: org.apache.camel.component.servlet.ServletComponent@630ec2e4
2025-10-29 23:56:58 [scheduling-1] DEBUG o.a.c.i.engine.AbstractCamelContext - Using ComponentResolver: org.apache.camel.impl.engine.DefaultComponentResolver@2b5edc04 to resolve component with name: integratedSystem
2025-10-29 23:56:58 [scheduling-1] DEBUG o.a.camel.support.ResolverHelper - Lookup Component with name integratedSystem in registry. Found: null
2025-10-29 23:56:58 [scheduling-1] DEBUG o.a.camel.support.ResolverHelper - Lookup Component with name integratedSystem-component in registry. Found: null
2025-10-29 23:56:58 [scheduling-1] DEBUG o.a.c.i.e.DefaultComponentResolver - Found component: integratedSystem via type: com.middleware.IntegratedSystemComponent via: META-INF/services/org/apache/camel/component/integratedSystem
2025-10-29 23:56:58 [scheduling-1] DEBUG o.a.c.i.e.DefaultConfigurerResolver - Found configurer: integratedSystem-component via type: com.middleware.IntegratedSystemComponentConfigurer via: META-INF/services/org/apache/camel/configurer/integratedSystem-component
2025-10-29 23:56:58 [scheduling-1] DEBUG o.a.c.i.e.DefaultConfigurerResolver - Found configurer: integratedSystem-endpoint via type: com.middleware.IntegratedSystemEndpointConfigurer via: META-INF/services/org/apache/camel/configurer/integratedSystem-endpoint
2025-10-29 23:56:58 [scheduling-1] DEBUG o.a.c.i.e.DefaultConfigurerResolver - Found configurer: integratedSystem-component via type: com.middleware.IntegratedSystemComponentConfigurer via: META-INF/services/org/apache/camel/configurer/integratedSystem-component
2025-10-29 23:56:58 [scheduling-1] DEBUG o.a.camel.support.DefaultComponent - Creating endpoint uri=[integratedSystem://null?code=DHIS2.2], path=[null]
2025-10-29 23:56:58 [scheduling-1] INFO  c.m.IntegratedSystemComponent - Created IntegratedSystemEndpoint for URI: integratedSystem://null?code=DHIS2.2
2025-10-29 23:56:58 [scheduling-1] DEBUG o.a.c.i.engine.AbstractCamelContext - integratedSystem://null?code=DHIS2.2 converted to endpoint: integratedSystem://null?code=DHIS2.2 by component: com.middleware.IntegratedSystemComponent@68b5ff05
2025-10-29 23:56:58 [scheduling-1] DEBUG o.apache.camel.reifier.RouteReifier - RoutePolicy is enabled: com.middleware.backend.policy.LoggingRoutePolicy@43d099b1 on route: dhis2-upload-csv
2025-10-29 23:56:58 [scheduling-1] DEBUG o.a.c.i.e.InternalRouteStartupManager - Warming up route id: dhis2-upload-csv having autoStartup=true
2025-10-29 23:56:58 [scheduling-1] DEBUG o.a.camel.support.DefaultProducer - Starting producer: Producer[integratedSystem://null?code=DHIS2.2]
2025-10-29 23:56:58 [scheduling-1] DEBUG o.a.c.i.e.InternalRouteStartupManager - Route: dhis2-upload-csv >>> Route[servlet:/v1/datasets?httpMethodRestrict=POST -> null]
2025-10-29 23:56:58 [scheduling-1] DEBUG o.a.c.i.e.InternalRouteStartupManager - Starting consumer (order: 1010) on route: dhis2-upload-csv
2025-10-29 23:56:58 [scheduling-1] DEBUG o.a.camel.support.DefaultConsumer - Build consumer: Consumer[servlet:/v1/datasets?httpMethodRestrict=POST]
2025-10-29 23:56:58 [scheduling-1] DEBUG o.a.camel.support.DefaultConsumer - Init consumer: Consumer[servlet:/v1/datasets?httpMethodRestrict=POST]
2025-10-29 23:56:58 [scheduling-1] DEBUG o.a.camel.support.DefaultConsumer - Starting consumer: Consumer[servlet:/v1/datasets?httpMethodRestrict=POST]
2025-10-29 23:56:58 [scheduling-1] DEBUG o.a.c.h.common.DefaultHttpRegistry - Registering consumer for path /v1/datasets providers present: 1
2025-10-29 23:56:58 [scheduling-1] DEBUG o.a.c.c.s.CamelHttpTransportServlet - Connecting consumer: Consumer[servlet:/v1/datasets?httpMethodRestrict=POST]
2025-10-29 23:56:58 [scheduling-1] DEBUG o.a.c.i.e.InternalRouteStartupManager - Route: dhis2-upload-csv started and consuming from: servlet:/v1/datasets
2025-10-29 23:56:58 [scheduling-1] DEBUG o.a.c.i.e.InternalRouteStartupManager - Warming up route id: dhis2-upload-csv having autoStartup=true
2025-10-29 23:56:58 [scheduling-1] DEBUG o.a.c.i.e.InternalRouteStartupManager - Route: dhis2-upload-csv >>> Route[servlet:/v1/datasets?httpMethodRestrict=POST -> null]
2025-10-29 23:56:58 [scheduling-1] DEBUG o.a.c.i.e.InternalRouteStartupManager - Starting consumer (order: 1011) on route: dhis2-upload-csv
2025-10-29 23:56:58 [scheduling-1] DEBUG o.a.c.i.e.InternalRouteStartupManager - Route: dhis2-upload-csv started and consuming from: servlet:/v1/datasets
2025-10-29 23:56:58 [scheduling-1] INFO  c.m.b.k.service.DynamicRouteService - Re-added route dhis2-upload-csv to context (DB says active)
2025-10-29 23:56:58 [scheduling-1] DEBUG o.a.c.i.engine.AbstractCamelContext - Adding route configurations from builder: Routes: []
2025-10-29 23:56:58 [scheduling-1] DEBUG o.a.c.i.engine.AbstractCamelContext - Adding routes from builder: Routes: []
2025-10-29 23:56:58 [scheduling-1] DEBUG o.a.c.i.e.DefaultUriFactoryResolver - Found EndpointUriFactory: servlet via type: org.apache.camel.component.servlet.ServletEndpointUriFactory via: META-INF/services/org/apache/camel/urifactory/servlet
2025-10-29 23:56:58 [scheduling-1] DEBUG o.a.camel.support.DefaultComponent - Creating endpoint uri=[servlet:///external/integrate?httpMethodRestrict=POST], path=[/external/integrate]
2025-10-29 23:56:58 [scheduling-1] DEBUG o.a.c.i.engine.AbstractCamelContext - servlet:///external/integrate?httpMethodRestrict=POST converted to endpoint: servlet:/external/integrate?httpMethodRestrict=POST by component: org.apache.camel.component.servlet.ServletComponent@630ec2e4
2025-10-29 23:56:58 [scheduling-1] DEBUG o.a.c.i.engine.AbstractCamelContext - Using ComponentResolver: org.apache.camel.impl.engine.DefaultComponentResolver@2b5edc04 to resolve component with name: hakeem
2025-10-29 23:56:58 [scheduling-1] DEBUG o.a.camel.support.ResolverHelper - Lookup Component with name hakeem in registry. Found: null
2025-10-29 23:56:58 [scheduling-1] DEBUG o.a.camel.support.ResolverHelper - Lookup Component with name hakeem-component in registry. Found: null
2025-10-29 23:56:58 [scheduling-1] DEBUG o.a.c.i.e.DefaultComponentResolver - Found component: hakeem via type: com.middleware.dhis2.Dhis2Component via: META-INF/services/org/apache/camel/component/hakeem
2025-10-29 23:56:58 [scheduling-1] INFO  com.middleware.dhis2.Dhis2Component - Dhis2Component initialized.
2025-10-29 23:56:59 [scheduling-1] DEBUG o.a.c.i.e.DefaultConfigurerResolver - Found configurer: hakeem-component via type: com.middleware.dhis2.Dhis2ComponentConfigurer via: META-INF/services/org/apache/camel/configurer/hakeem-component
2025-10-29 23:56:59 [scheduling-1] DEBUG o.a.c.i.e.DefaultConfigurerResolver - Found configurer: hakeem-endpoint via type: com.middleware.dhis2.Dhis2EndpointConfigurer via: META-INF/services/org/apache/camel/configurer/hakeem-endpoint
2025-10-29 23:56:59 [scheduling-1] DEBUG o.a.c.i.e.DefaultConfigurerResolver - Found configurer: hakeem-component via type: com.middleware.dhis2.Dhis2ComponentConfigurer via: META-INF/services/org/apache/camel/configurer/hakeem-component
2025-10-29 23:56:59 [scheduling-1] DEBUG o.a.camel.support.DefaultComponent - Creating endpoint uri=[hakeem://default], path=[default]
2025-10-29 23:56:59 [scheduling-1] INFO  com.middleware.dhis2.Dhis2Endpoint - Dhis2Endpoint created for URI: hakeem://default with operation: default
2025-10-29 23:56:59 [scheduling-1] INFO  com.middleware.dhis2.Dhis2Component - Dhis2Service successfully looked up from Camel registry.
2025-10-29 23:56:59 [scheduling-1] INFO  com.middleware.dhis2.Dhis2Component - Created Dhis2Endpoint: hakeem://default
2025-10-29 23:56:59 [scheduling-1] DEBUG o.a.c.i.engine.AbstractCamelContext - hakeem://default converted to endpoint: hakeem://default by component: com.middleware.dhis2.Dhis2Component@52d31c4a
2025-10-29 23:56:59 [scheduling-1] DEBUG o.apache.camel.reifier.RouteReifier - RoutePolicy is enabled: com.middleware.backend.policy.LoggingRoutePolicy@370ed353 on route: dhis2-upload-csv-sync-raw-only
2025-10-29 23:56:59 [scheduling-1] DEBUG o.a.c.i.e.InternalRouteStartupManager - Warming up route id: dhis2-upload-csv-sync-raw-only having autoStartup=true
2025-10-29 23:56:59 [scheduling-1] INFO  com.middleware.dhis2.Dhis2Endpoint - Creating Dhis2Producer for endpoint: hakeem://default with operation: default
2025-10-29 23:56:59 [scheduling-1] DEBUG o.a.camel.support.DefaultProducer - Starting producer: Producer[hakeem://default]
2025-10-29 23:56:59 [scheduling-1] DEBUG o.a.c.i.e.InternalRouteStartupManager - Route: dhis2-upload-csv-sync-raw-only >>> Route[servlet:/external/integrate?httpMethodRestrict=POST -> null]
2025-10-29 23:56:59 [scheduling-1] DEBUG o.a.c.i.e.InternalRouteStartupManager - Starting consumer (order: 1012) on route: dhis2-upload-csv-sync-raw-only
2025-10-29 23:56:59 [scheduling-1] DEBUG o.a.camel.support.DefaultConsumer - Build consumer: Consumer[servlet:/external/integrate?httpMethodRestrict=POST]
2025-10-29 23:56:59 [scheduling-1] DEBUG o.a.camel.support.DefaultConsumer - Init consumer: Consumer[servlet:/external/integrate?httpMethodRestrict=POST]
2025-10-29 23:56:59 [scheduling-1] DEBUG o.a.camel.support.DefaultConsumer - Starting consumer: Consumer[servlet:/external/integrate?httpMethodRestrict=POST]
2025-10-29 23:56:59 [scheduling-1] DEBUG o.a.c.h.common.DefaultHttpRegistry - Registering consumer for path /external/integrate providers present: 1
2025-10-29 23:56:59 [scheduling-1] DEBUG o.a.c.c.s.CamelHttpTransportServlet - Connecting consumer: Consumer[servlet:/external/integrate?httpMethodRestrict=POST]
2025-10-29 23:56:59 [scheduling-1] DEBUG o.a.c.i.e.InternalRouteStartupManager - Route: dhis2-upload-csv-sync-raw-only started and consuming from: servlet:/external/integrate
2025-10-29 23:56:59 [scheduling-1] DEBUG o.a.c.i.e.InternalRouteStartupManager - Warming up route id: dhis2-upload-csv-sync-raw-only having autoStartup=true
2025-10-29 23:56:59 [scheduling-1] DEBUG o.a.c.i.e.InternalRouteStartupManager - Route: dhis2-upload-csv-sync-raw-only >>> Route[servlet:/external/integrate?httpMethodRestrict=POST -> null]
2025-10-29 23:56:59 [scheduling-1] DEBUG o.a.c.i.e.InternalRouteStartupManager - Starting consumer (order: 1013) on route: dhis2-upload-csv-sync-raw-only
2025-10-29 23:56:59 [scheduling-1] DEBUG o.a.c.i.e.InternalRouteStartupManager - Route: dhis2-upload-csv-sync-raw-only started and consuming from: servlet:/external/integrate
2025-10-29 23:56:59 [scheduling-1] INFO  c.m.b.k.service.DynamicRouteService - Re-added route dhis2-upload-csv-sync-raw-only to context (DB says active)
2025-10-29 23:56:59 [scheduling-1] INFO  c.m.b.k.service.DynamicRouteService - Completed route status sync
2025-10-29 23:57:27 [scheduling-1] INFO  c.m.b.k.service.DynamicRouteService - Starting route status sync with Camel context
2025-10-29 23:57:27 [scheduling-1] INFO  c.m.b.k.service.DynamicRouteService - Completed route status sync
2025-10-29 23:57:41 [http-nio-8081-exec-5] DEBUG o.s.w.f.CommonsRequestLoggingFilter - Before request [POST /api/auth/login, client=0:0:0:0:0:0:0:1]
2025-10-29 23:57:41 [http-nio-8081-exec-5] DEBUG o.s.web.servlet.DispatcherServlet - POST "/api/auth/login", parameters={}
2025-10-29 23:57:41 [http-nio-8081-exec-5] DEBUG o.s.w.s.m.m.a.RequestMappingHandlerMapping - Mapped to com.middleware.backend.users.auth.AuthController#login(AuthRequest)
2025-10-29 23:57:41 [http-nio-8081-exec-5] DEBUG o.s.w.s.m.m.a.RequestResponseBodyMethodProcessor - Read "application/json;charset=UTF-8" to [AuthController.AuthRequest(email=admin@mail.com, password=S123@231)]
2025-10-29 23:57:42 [http-nio-8081-exec-5] DEBUG o.a.camel.spring.SpringCamelContext - onApplicationEvent: org.springframework.security.authentication.event.AuthenticationSuccessEvent[source=UsernamePasswordAuthenticationToken [Principal=org.springframework.security.core.userdetails.User [Username=admin@mail.com, Password=[PROTECTED], Enabled=true, AccountNonExpired=true, CredentialsNonExpired=true, AccountNonLocked=true, Granted Authorities=[ROLE_ADMIN, auditLogs:export, auditLogs:view, channel:create, channel:edit, channel:view, config:create, config:edit, config:view, dashboard:jobGraph, dashboard:jobList, dashboard:summary, dashboard:tokenList, dashboard:transactionGraph, dashboard:transactionList, dhis2:edit, dhis2:view, dynamicRoutes:create, dynamicRoutes:delete, dynamicRoutes:edit, dynamicRoutes:export, dynamicRoutes:revert, dynamicRoutes:start, dynamicRoutes:stop, dynamicRoutes:test, dynamicRoutes:validate, dynamicRoutes:view, dynamicRoutesLogs:export, dynamicRoutesLogs:view, errorCategories:create, errorCategories:edit, errorCategories:export, errorCategories:view, errorMappings:create, errorMappings:edit, errorMappings:export, errorMappings:view, group:create, group:edit, group:view, groupReceivers:create, groupReceivers:edit, integratedApi:create, integratedApi:export, integratedApi:update, integratedApi:view, integratedSystem:create, integratedSystem:edit, integratedSystem:view, integrationMapping:create, integrationMapping:edit, integrationMapping:export, integrationMapping:import, integrationMapping:validate, integrationMapping:view, jobExecutionLogs:export, jobExecutionLogs:view, middlewareLogs:export, middlewareLogs:retry, middlewareLogs:view, notification:send, notification:view, notificationLogs:export, notificationLogs:view, receiver:create, receiver:edit, receiver:view, role:create, role:view, routePermissions:edit, routePermissions:view, scheduledJobs:create, scheduledJobs:delete, scheduledJobs:edit, scheduledJobs:export, scheduledJobs:pause, scheduledJobs:resume, scheduledJobs:test, scheduledJobs:view, scheduledJobsLogs:export, scheduledJobsLogs:view, sourceSystems:create, sourceSystems:edit, sourceSystems:export, sourceSystems:view, template:create, template:edit, template:validate, template:view, throttling:edit, throttling:view, user:activate, user:create, user:delete, user:edit, user:generate-token, user:view, user:viewByRole, userPermissions:edit, userPermissions:view]], Credentials=[PROTECTED], Authenticated=true, Details=null, Granted Authorities=[ROLE_ADMIN, auditLogs:export, auditLogs:view, channel:create, channel:edit, channel:view, config:create, config:edit, config:view, dashboard:jobGraph, dashboard:jobList, dashboard:summary, dashboard:tokenList, dashboard:transactionGraph, dashboard:transactionList, dhis2:edit, dhis2:view, dynamicRoutes:create, dynamicRoutes:delete, dynamicRoutes:edit, dynamicRoutes:export, dynamicRoutes:revert, dynamicRoutes:start, dynamicRoutes:stop, dynamicRoutes:test, dynamicRoutes:validate, dynamicRoutes:view, dynamicRoutesLogs:export, dynamicRoutesLogs:view, errorCategories:create, errorCategories:edit, errorCategories:export, errorCategories:view, errorMappings:create, errorMappings:edit, errorMappings:export, errorMappings:view, group:create, group:edit, group:view, groupReceivers:create, groupReceivers:edit, integratedApi:create, integratedApi:export, integratedApi:update, integratedApi:view, integratedSystem:create, integratedSystem:edit, integratedSystem:view, integrationMapping:create, integrationMapping:edit, integrationMapping:export, integrationMapping:import, integrationMapping:validate, integrationMapping:view, jobExecutionLogs:export, jobExecutionLogs:view, middlewareLogs:export, middlewareLogs:retry, middlewareLogs:view, notification:send, notification:view, notificationLogs:export, notificationLogs:view, receiver:create, receiver:edit, receiver:view, role:create, role:view, routePermissions:edit, routePermissions:view, scheduledJobs:create, scheduledJobs:delete, scheduledJobs:edit, scheduledJobs:export, scheduledJobs:pause, scheduledJobs:resume, scheduledJobs:test, scheduledJobs:view, scheduledJobsLogs:export, scheduledJobsLogs:view, sourceSystems:create, sourceSystems:edit, sourceSystems:export, sourceSystems:view, template:create, template:edit, template:validate, template:view, throttling:edit, throttling:view, user:activate, user:create, user:delete, user:edit, user:generate-token, user:view, user:viewByRole, userPermissions:edit, userPermissions:view]]]
2025-10-29 23:57:43 [http-nio-8081-exec-5] DEBUG o.s.w.s.m.m.a.HttpEntityMethodProcessor - Using 'application/json', given [*/*] and supported [application/json, application/*+json, application/yaml]
2025-10-29 23:57:43 [http-nio-8081-exec-5] DEBUG o.s.w.s.m.m.a.HttpEntityMethodProcessor - Writing [AuthController.AuthResponse2(userName=admin, token=eyJhbGciOiJIUzI1NiJ9.eyJzdWIiOiJhZG1pbkBtYWlsLmNv (truncated)...]
2025-10-29 23:57:43 [http-nio-8081-exec-5] DEBUG o.s.web.servlet.DispatcherServlet - Completed 200 OK
2025-10-29 23:57:43 [http-nio-8081-exec-5] DEBUG o.a.camel.spring.SpringCamelContext - onApplicationEvent: ServletRequestHandledEvent: url=[/api/auth/login]; client=[0:0:0:0:0:0:0:1]; method=[POST]; status=[200]; servlet=[dispatcherServlet]; session=[null]; user=[null]; time=[1812ms]
2025-10-29 23:57:43 [http-nio-8081-exec-5] DEBUG o.s.w.f.CommonsRequestLoggingFilter - After request [POST /api/auth/login, client=0:0:0:0:0:0:0:1, payload={"email":"admin@mail.com","password":"S123@231"}]
2025-10-29 23:57:45 [http-nio-8081-exec-1] INFO  c.m.b.k.service.DynamicRouteService - Fetching active routes with pagination
2025-10-29 23:57:45 [http-nio-8081-exec-5] INFO  c.m.b.k.service.DynamicRouteService - Fetching active routes with pagination
2025-10-29 23:57:45 [http-nio-8081-exec-10] INFO  c.m.b.k.service.DynamicRouteService - Fetching active routes with pagination
2025-10-29 23:57:45 [http-nio-8081-exec-3] INFO  c.m.b.k.service.DynamicRouteService - Fetching active routes with pagination
2025-10-29 23:57:45 [http-nio-8081-exec-7] INFO  c.m.b.k.service.DynamicRouteService - Fetching active routes with pagination
2025-10-29 23:57:45 [http-nio-8081-exec-2] INFO  c.m.b.k.service.DynamicRouteService - Fetching active routes with pagination
2025-10-29 23:57:45 [http-nio-8081-exec-5] DEBUG o.s.w.f.CommonsRequestLoggingFilter - Before request [GET /api/dashboard/job/last-30-days, client=0:0:0:0:0:0:0:1, user=admin@mail.com]
2025-10-29 23:57:45 [http-nio-8081-exec-5] DEBUG o.s.web.servlet.DispatcherServlet - GET "/api/dashboard/job/last-30-days", parameters={}
2025-10-29 23:57:45 [http-nio-8081-exec-5] DEBUG o.s.w.s.m.m.a.RequestMappingHandlerMapping - Mapped to com.middleware.backend.dashboard.controller.DashboardController#getJobsGraphCoordinates()
2025-10-29 23:57:45 [http-nio-8081-exec-1] DEBUG o.s.w.f.CommonsRequestLoggingFilter - Before request [GET /api/dashboard, client=0:0:0:0:0:0:0:1, user=admin@mail.com]
2025-10-29 23:57:45 [http-nio-8081-exec-1] DEBUG o.s.web.servlet.DispatcherServlet - GET "/api/dashboard", parameters={}
2025-10-29 23:57:45 [http-nio-8081-exec-1] DEBUG o.s.w.s.m.m.a.RequestMappingHandlerMapping - Mapped to com.middleware.backend.dashboard.controller.DashboardController#getStatuses()
2025-10-29 23:57:46 [http-nio-8081-exec-3] DEBUG o.s.w.f.CommonsRequestLoggingFilter - Before request [GET /api/dashboard/job, client=0:0:0:0:0:0:0:1, user=admin@mail.com]
2025-10-29 23:57:46 [http-nio-8081-exec-3] DEBUG o.s.web.servlet.DispatcherServlet - GET "/api/dashboard/job", parameters={}
2025-10-29 23:57:46 [http-nio-8081-exec-3] DEBUG o.s.w.s.m.m.a.RequestMappingHandlerMapping - Mapped to com.middleware.backend.dashboard.controller.DashboardController#getJobsList()
2025-10-29 23:57:46 [http-nio-8081-exec-7] DEBUG o.s.w.f.CommonsRequestLoggingFilter - Before request [GET /api/dashboard/token, client=0:0:0:0:0:0:0:1, user=admin@mail.com]
2025-10-29 23:57:46 [http-nio-8081-exec-2] DEBUG o.s.w.f.CommonsRequestLoggingFilter - Before request [GET /api/dashboard/transaction/last-30-days, client=0:0:0:0:0:0:0:1, user=admin@mail.com]
2025-10-29 23:57:46 [http-nio-8081-exec-7] DEBUG o.s.web.servlet.DispatcherServlet - GET "/api/dashboard/token", parameters={}
2025-10-29 23:57:46 [http-nio-8081-exec-10] DEBUG o.s.w.f.CommonsRequestLoggingFilter - Before request [GET /api/dashboard/transaction, client=0:0:0:0:0:0:0:1, user=admin@mail.com]
2025-10-29 23:57:46 [http-nio-8081-exec-10] DEBUG o.s.web.servlet.DispatcherServlet - GET "/api/dashboard/transaction", parameters={}
2025-10-29 23:57:46 [http-nio-8081-exec-10] DEBUG o.s.w.s.m.m.a.RequestMappingHandlerMapping - Mapped to com.middleware.backend.dashboard.controller.DashboardController#getTransactionList()
2025-10-29 23:57:46 [http-nio-8081-exec-7] DEBUG o.s.w.s.m.m.a.RequestMappingHandlerMapping - Mapped to com.middleware.backend.dashboard.controller.DashboardController#getTokenList()
2025-10-29 23:57:46 [http-nio-8081-exec-2] DEBUG o.s.web.servlet.DispatcherServlet - GET "/api/dashboard/transaction/last-30-days", parameters={}
2025-10-29 23:57:46 [http-nio-8081-exec-2] DEBUG o.s.w.s.m.m.a.RequestMappingHandlerMapping - Mapped to com.middleware.backend.dashboard.controller.DashboardController#getTransactionGraphCoordinates()
2025-10-29 23:57:46 [http-nio-8081-exec-7] DEBUG o.s.w.s.m.m.a.HttpEntityMethodProcessor - Using 'application/json', given [*/*] and supported [application/json, application/*+json, application/yaml]
2025-10-29 23:57:46 [http-nio-8081-exec-7] DEBUG o.s.w.s.m.m.a.HttpEntityMethodProcessor - Writing [[]]
2025-10-29 23:57:46 [http-nio-8081-exec-7] DEBUG o.s.web.servlet.DispatcherServlet - Completed 200 OK
2025-10-29 23:57:46 [http-nio-8081-exec-7] DEBUG o.a.camel.spring.SpringCamelContext - onApplicationEvent: ServletRequestHandledEvent: url=[/api/dashboard/token]; client=[0:0:0:0:0:0:0:1]; method=[GET]; status=[200]; servlet=[dispatcherServlet]; session=[null]; user=[admin@mail.com]; time=[179ms]
2025-10-29 23:57:46 [http-nio-8081-exec-7] DEBUG o.s.w.f.CommonsRequestLoggingFilter - After request [GET /api/dashboard/token, client=0:0:0:0:0:0:0:1, user=admin@mail.com]
2025-10-29 23:57:46 [http-nio-8081-exec-3] DEBUG o.s.w.s.m.m.a.HttpEntityMethodProcessor - Using 'application/json', given [*/*] and supported [application/json, application/*+json, application/yaml]
2025-10-29 23:57:46 [http-nio-8081-exec-3] DEBUG o.s.w.s.m.m.a.HttpEntityMethodProcessor - Writing [[ScheduledExecutedJobsListDto(id=40, name=pppppppppppppppppppppppppppppppppppp, status=SUCCESS, exec (truncated)...]
2025-10-29 23:57:46 [http-nio-8081-exec-3] DEBUG o.s.web.servlet.DispatcherServlet - Completed 200 OK
2025-10-29 23:57:46 [http-nio-8081-exec-3] DEBUG o.a.camel.spring.SpringCamelContext - onApplicationEvent: ServletRequestHandledEvent: url=[/api/dashboard/job]; client=[0:0:0:0:0:0:0:1]; method=[GET]; status=[200]; servlet=[dispatcherServlet]; session=[null]; user=[admin@mail.com]; time=[257ms]
2025-10-29 23:57:46 [http-nio-8081-exec-3] DEBUG o.s.w.f.CommonsRequestLoggingFilter - After request [GET /api/dashboard/job, client=0:0:0:0:0:0:0:1, user=admin@mail.com]
2025-10-29 23:57:46 [http-nio-8081-exec-5] DEBUG o.s.w.s.m.m.a.HttpEntityMethodProcessor - Using 'application/json', given [*/*] and supported [application/json, application/*+json, application/yaml]
2025-10-29 23:57:46 [http-nio-8081-exec-2] DEBUG o.s.w.s.m.m.a.HttpEntityMethodProcessor - Using 'application/json', given [*/*] and supported [application/json, application/*+json, application/yaml]
2025-10-29 23:57:46 [http-nio-8081-exec-5] DEBUG o.s.w.s.m.m.a.HttpEntityMethodProcessor - Writing [[org.springframework.data.jpa.repository.query.AbstractJpaQuery$TupleConverter$TupleBackedMap@3bdd62 (truncated)...]
2025-10-29 23:57:46 [http-nio-8081-exec-2] DEBUG o.s.w.s.m.m.a.HttpEntityMethodProcessor - Writing [[org.springframework.data.jpa.repository.query.AbstractJpaQuery$TupleConverter$TupleBackedMap@65f834 (truncated)...]
2025-10-29 23:57:46 [http-nio-8081-exec-5] DEBUG o.s.web.servlet.DispatcherServlet - Completed 200 OK
2025-10-29 23:57:46 [http-nio-8081-exec-5] DEBUG o.a.camel.spring.SpringCamelContext - onApplicationEvent: ServletRequestHandledEvent: url=[/api/dashboard/job/last-30-days]; client=[0:0:0:0:0:0:0:1]; method=[GET]; status=[200]; servlet=[dispatcherServlet]; session=[null]; user=[admin@mail.com]; time=[453ms]
2025-10-29 23:57:46 [http-nio-8081-exec-5] DEBUG o.s.w.f.CommonsRequestLoggingFilter - After request [GET /api/dashboard/job/last-30-days, client=0:0:0:0:0:0:0:1, user=admin@mail.com]
2025-10-29 23:57:46 [http-nio-8081-exec-2] DEBUG o.s.web.servlet.DispatcherServlet - Completed 200 OK
2025-10-29 23:57:46 [http-nio-8081-exec-2] DEBUG o.a.camel.spring.SpringCamelContext - onApplicationEvent: ServletRequestHandledEvent: url=[/api/dashboard/transaction/last-30-days]; client=[0:0:0:0:0:0:0:1]; method=[GET]; status=[200]; servlet=[dispatcherServlet]; session=[null]; user=[admin@mail.com]; time=[228ms]
2025-10-29 23:57:46 [http-nio-8081-exec-2] DEBUG o.s.w.f.CommonsRequestLoggingFilter - After request [GET /api/dashboard/transaction/last-30-days, client=0:0:0:0:0:0:0:1, user=admin@mail.com]
2025-10-29 23:57:46 [http-nio-8081-exec-1] DEBUG o.s.w.s.m.m.a.HttpEntityMethodProcessor - Using 'application/json', given [*/*] and supported [application/json, application/*+json, application/yaml]
2025-10-29 23:57:46 [http-nio-8081-exec-1] DEBUG o.s.w.s.m.m.a.HttpEntityMethodProcessor - Writing [SummaryDto(summary={all_transactions=0, failed_transactions=0, user_events=1, succeeded_transactions (truncated)...]
2025-10-29 23:57:46 [http-nio-8081-exec-10] DEBUG o.s.w.s.m.m.a.HttpEntityMethodProcessor - Using 'application/json', given [*/*] and supported [application/json, application/*+json, application/yaml]
2025-10-29 23:57:46 [http-nio-8081-exec-1] DEBUG o.s.web.servlet.DispatcherServlet - Completed 200 OK
2025-10-29 23:57:46 [http-nio-8081-exec-1] DEBUG o.a.camel.spring.SpringCamelContext - onApplicationEvent: ServletRequestHandledEvent: url=[/api/dashboard]; client=[0:0:0:0:0:0:0:1]; method=[GET]; status=[200]; servlet=[dispatcherServlet]; session=[null]; user=[admin@mail.com]; time=[446ms]
2025-10-29 23:57:46 [http-nio-8081-exec-1] DEBUG o.s.w.f.CommonsRequestLoggingFilter - After request [GET /api/dashboard, client=0:0:0:0:0:0:0:1, user=admin@mail.com]
2025-10-29 23:57:46 [http-nio-8081-exec-10] DEBUG o.s.w.s.m.m.a.HttpEntityMethodProcessor - Writing [[TransactionListDto(id=7b4a7751-906b-477a-895b-2eaee4b70503, endPoint=servlet:/v1/datasets?httpMetho (truncated)...]
2025-10-29 23:57:46 [http-nio-8081-exec-10] DEBUG o.s.web.servlet.DispatcherServlet - Completed 200 OK
2025-10-29 23:57:46 [http-nio-8081-exec-10] DEBUG o.a.camel.spring.SpringCamelContext - onApplicationEvent: ServletRequestHandledEvent: url=[/api/dashboard/transaction]; client=[0:0:0:0:0:0:0:1]; method=[GET]; status=[200]; servlet=[dispatcherServlet]; session=[null]; user=[admin@mail.com]; time=[247ms]
2025-10-29 23:57:46 [http-nio-8081-exec-10] DEBUG o.s.w.f.CommonsRequestLoggingFilter - After request [GET /api/dashboard/transaction, client=0:0:0:0:0:0:0:1, user=admin@mail.com]
2025-10-29 23:57:57 [scheduling-1] INFO  c.m.b.k.service.DynamicRouteService - Starting route status sync with Camel context
2025-10-29 23:57:57 [scheduling-1] INFO  c.m.b.k.service.DynamicRouteService - Completed route status sync
2025-10-29 23:58:27 [scheduling-1] INFO  c.m.b.k.service.DynamicRouteService - Starting route status sync with Camel context
2025-10-29 23:58:27 [scheduling-1] INFO  c.m.b.k.service.DynamicRouteService - Completed route status sync
2025-10-29 23:58:57 [scheduling-1] INFO  c.m.b.k.service.DynamicRouteService - Starting route status sync with Camel context
2025-10-29 23:58:57 [scheduling-1] INFO  c.m.b.k.service.DynamicRouteService - Completed route status sync
2025-10-29 23:59:27 [scheduling-1] INFO  c.m.b.k.service.DynamicRouteService - Starting route status sync with Camel context
2025-10-29 23:59:27 [scheduling-1] INFO  c.m.b.k.service.DynamicRouteService - Completed route status sync
2025-10-29 23:59:57 [scheduling-1] INFO  c.m.b.k.service.DynamicRouteService - Starting route status sync with Camel context
2025-10-29 23:59:57 [scheduling-1] INFO  c.m.b.k.service.DynamicRouteService - Completed route status sync
