2025-11-05 00:18:16 [scheduling-1] INFO  c.m.b.k.service.DynamicRouteService - Starting route status sync with Camel context
2025-11-05 00:18:16 [scheduling-1] INFO  c.m.b.k.service.DynamicRouteService - Completed route status sync
2025-11-05 00:18:16 [scheduling-1] INFO  c.m.b.k.service.DynamicRouteService - Starting route status sync with Camel context
2025-11-05 00:18:16 [scheduling-1] INFO  c.m.b.k.service.DynamicRouteService - Completed route status sync
2025-11-05 00:18:16 [scheduling-1] INFO  c.m.b.k.service.DynamicRouteService - Starting route status sync with Camel context
2025-11-05 00:18:16 [scheduling-1] INFO  c.m.b.k.service.DynamicRouteService - Completed route status sync
2025-11-05 00:18:16 [scheduling-1] INFO  c.m.b.k.service.DynamicRouteService - Starting route status sync with Camel context
2025-11-05 00:18:16 [scheduling-1] INFO  c.m.b.k.service.DynamicRouteService - Completed route status sync
2025-11-05 00:18:16 [scheduling-1] INFO  c.m.b.k.service.DynamicRouteService - Starting route status sync with Camel context
2025-11-05 00:18:16 [scheduling-1] INFO  c.m.b.k.service.DynamicRouteService - Completed route status sync
2025-11-05 00:18:16 [scheduling-1] INFO  c.m.b.k.service.DynamicRouteService - Starting route status sync with Camel context
2025-11-05 00:18:16 [scheduling-1] INFO  c.m.b.k.service.DynamicRouteService - Completed route status sync
2025-11-05 00:18:16 [scheduling-1] INFO  c.m.b.k.service.DynamicRouteService - Starting route status sync with Camel context
2025-11-05 00:18:16 [scheduling-1] INFO  c.m.b.k.service.DynamicRouteService - Completed route status sync
2025-11-05 00:18:16 [scheduling-1] INFO  c.m.b.k.service.DynamicRouteService - Starting route status sync with Camel context
2025-11-05 00:18:16 [scheduling-1] INFO  c.m.b.k.service.DynamicRouteService - Completed route status sync
2025-11-05 00:18:17 [scheduling-1] INFO  c.m.b.k.service.DynamicRouteService - Starting route status sync with Camel context
2025-11-05 00:18:17 [scheduling-1] INFO  c.m.b.k.service.DynamicRouteService - Completed route status sync
2025-11-05 00:18:17 [scheduling-1] INFO  c.m.b.k.service.DynamicRouteService - Starting route status sync with Camel context
2025-11-05 00:18:17 [scheduling-1] INFO  c.m.b.k.service.DynamicRouteService - Completed route status sync
2025-11-05 00:18:17 [scheduling-1] INFO  c.m.b.k.service.DynamicRouteService - Starting route status sync with Camel context
2025-11-05 00:18:17 [scheduling-1] INFO  c.m.b.k.service.DynamicRouteService - Completed route status sync
2025-11-05 00:18:17 [scheduling-1] INFO  c.m.b.k.service.DynamicRouteService - Starting route status sync with Camel context
2025-11-05 00:18:17 [scheduling-1] INFO  c.m.b.k.service.DynamicRouteService - Completed route status sync
2025-11-05 00:18:17 [scheduling-1] INFO  c.m.b.k.service.DynamicRouteService - Starting route status sync with Camel context
2025-11-05 00:18:17 [scheduling-1] INFO  c.m.b.k.service.DynamicRouteService - Completed route status sync
2025-11-05 00:18:17 [scheduling-1] INFO  c.m.b.k.service.DynamicRouteService - Starting route status sync with Camel context
2025-11-05 00:18:17 [scheduling-1] INFO  c.m.b.k.service.DynamicRouteService - Completed route status sync
2025-11-05 00:18:18 [scheduling-1] INFO  c.m.b.k.service.DynamicRouteService - Starting route status sync with Camel context
2025-11-05 00:18:18 [scheduling-1] INFO  c.m.b.k.service.DynamicRouteService - Completed route status sync
2025-11-05 00:18:18 [scheduling-1] INFO  c.m.b.k.service.DynamicRouteService - Starting route status sync with Camel context
2025-11-05 00:18:18 [scheduling-1] INFO  c.m.b.k.service.DynamicRouteService - Completed route status sync
2025-11-05 00:18:18 [scheduling-1] INFO  c.m.b.k.service.DynamicRouteService - Starting route status sync with Camel context
2025-11-05 00:18:18 [scheduling-1] INFO  c.m.b.k.service.DynamicRouteService - Completed route status sync
2025-11-05 00:18:18 [scheduling-1] INFO  c.m.b.k.service.DynamicRouteService - Starting route status sync with Camel context
2025-11-05 00:18:18 [scheduling-1] INFO  c.m.b.k.service.DynamicRouteService - Completed route status sync
2025-11-05 00:18:18 [scheduling-1] INFO  c.m.b.k.service.DynamicRouteService - Starting route status sync with Camel context
2025-11-05 00:18:18 [scheduling-1] INFO  c.m.b.k.service.DynamicRouteService - Completed route status sync
2025-11-05 00:18:18 [scheduling-1] INFO  c.m.b.k.service.DynamicRouteService - Starting route status sync with Camel context
2025-11-05 00:18:18 [scheduling-1] INFO  c.m.b.k.service.DynamicRouteService - Completed route status sync
2025-11-05 00:18:18 [scheduling-1] INFO  c.m.b.k.service.DynamicRouteService - Starting route status sync with Camel context
2025-11-05 00:18:18 [scheduling-1] INFO  c.m.b.k.service.DynamicRouteService - Completed route status sync
2025-11-05 00:18:18 [scheduling-1] INFO  c.m.b.k.service.DynamicRouteService - Starting route status sync with Camel context
2025-11-05 00:18:18 [scheduling-1] INFO  c.m.b.k.service.DynamicRouteService - Completed route status sync
2025-11-05 00:18:18 [scheduling-1] INFO  c.m.b.k.service.DynamicRouteService - Starting route status sync with Camel context
2025-11-05 00:18:18 [scheduling-1] INFO  c.m.b.k.service.DynamicRouteService - Completed route status sync
2025-11-05 00:18:19 [scheduling-1] INFO  c.m.b.k.service.DynamicRouteService - Starting route status sync with Camel context
2025-11-05 00:18:19 [scheduling-1] INFO  c.m.b.k.service.DynamicRouteService - Completed route status sync
2025-11-05 00:18:19 [scheduling-1] INFO  c.m.b.k.service.DynamicRouteService - Starting route status sync with Camel context
2025-11-05 00:18:19 [scheduling-1] INFO  c.m.b.k.service.DynamicRouteService - Completed route status sync
2025-11-05 00:18:19 [scheduling-1] INFO  c.m.b.k.service.DynamicRouteService - Starting route status sync with Camel context
2025-11-05 00:18:19 [scheduling-1] INFO  c.m.b.k.service.DynamicRouteService - Completed route status sync
2025-11-05 00:18:19 [scheduling-1] INFO  c.m.b.k.service.DynamicRouteService - Starting route status sync with Camel context
2025-11-05 00:18:19 [scheduling-1] INFO  c.m.b.k.service.DynamicRouteService - Completed route status sync
2025-11-05 00:18:19 [scheduling-1] INFO  c.m.b.k.service.DynamicRouteService - Starting route status sync with Camel context
2025-11-05 00:18:19 [scheduling-1] INFO  c.m.b.k.service.DynamicRouteService - Completed route status sync
2025-11-05 00:18:19 [scheduling-1] INFO  c.m.b.k.service.DynamicRouteService - Starting route status sync with Camel context
2025-11-05 00:18:19 [scheduling-1] INFO  c.m.b.k.service.DynamicRouteService - Completed route status sync
2025-11-05 00:18:19 [scheduling-1] INFO  c.m.b.k.service.DynamicRouteService - Starting route status sync with Camel context
2025-11-05 00:18:19 [scheduling-1] INFO  c.m.b.k.service.DynamicRouteService - Completed route status sync
2025-11-05 00:18:19 [scheduling-1] INFO  c.m.b.k.service.DynamicRouteService - Starting route status sync with Camel context
2025-11-05 00:18:19 [scheduling-1] INFO  c.m.b.k.service.DynamicRouteService - Completed route status sync
2025-11-05 00:18:19 [scheduling-1] INFO  c.m.b.k.service.DynamicRouteService - Starting route status sync with Camel context
2025-11-05 00:18:20 [scheduling-1] INFO  c.m.b.k.service.DynamicRouteService - Completed route status sync
2025-11-05 00:18:20 [scheduling-1] INFO  c.m.b.k.service.DynamicRouteService - Starting route status sync with Camel context
2025-11-05 00:18:20 [scheduling-1] INFO  c.m.b.k.service.DynamicRouteService - Completed route status sync
2025-11-05 00:18:20 [scheduling-1] INFO  c.m.b.k.service.DynamicRouteService - Starting route status sync with Camel context
2025-11-05 00:18:20 [scheduling-1] INFO  c.m.b.k.service.DynamicRouteService - Completed route status sync
2025-11-05 00:18:20 [scheduling-1] INFO  c.m.b.k.service.DynamicRouteService - Starting route status sync with Camel context
2025-11-05 00:18:20 [scheduling-1] INFO  c.m.b.k.service.DynamicRouteService - Completed route status sync
2025-11-05 00:18:20 [scheduling-1] INFO  c.m.b.k.service.DynamicRouteService - Starting route status sync with Camel context
2025-11-05 00:18:20 [scheduling-1] INFO  c.m.b.k.service.DynamicRouteService - Completed route status sync
2025-11-05 00:18:20 [scheduling-1] INFO  c.m.b.k.service.DynamicRouteService - Starting route status sync with Camel context
2025-11-05 00:18:20 [scheduling-1] INFO  c.m.b.k.service.DynamicRouteService - Completed route status sync
2025-11-05 00:18:20 [scheduling-1] INFO  c.m.b.k.service.DynamicRouteService - Starting route status sync with Camel context
2025-11-05 00:18:20 [scheduling-1] INFO  c.m.b.k.service.DynamicRouteService - Completed route status sync
2025-11-05 00:18:20 [scheduling-1] INFO  c.m.b.k.service.DynamicRouteService - Starting route status sync with Camel context
2025-11-05 00:18:20 [scheduling-1] INFO  c.m.b.k.service.DynamicRouteService - Completed route status sync
2025-11-05 00:18:20 [scheduling-1] INFO  c.m.b.k.service.DynamicRouteService - Starting route status sync with Camel context
2025-11-05 00:18:20 [scheduling-1] INFO  c.m.b.k.service.DynamicRouteService - Completed route status sync
2025-11-05 00:18:21 [scheduling-1] INFO  c.m.b.k.service.DynamicRouteService - Starting route status sync with Camel context
2025-11-05 00:18:21 [scheduling-1] INFO  c.m.b.k.service.DynamicRouteService - Completed route status sync
2025-11-05 00:18:21 [scheduling-1] INFO  c.m.b.k.service.DynamicRouteService - Starting route status sync with Camel context
2025-11-05 00:18:21 [scheduling-1] INFO  c.m.b.k.service.DynamicRouteService - Completed route status sync
2025-11-05 00:18:21 [scheduling-1] INFO  c.m.b.k.service.DynamicRouteService - Starting route status sync with Camel context
2025-11-05 00:18:21 [scheduling-1] INFO  c.m.b.k.service.DynamicRouteService - Completed route status sync
2025-11-05 00:18:21 [scheduling-1] INFO  c.m.b.k.service.DynamicRouteService - Starting route status sync with Camel context
2025-11-05 00:18:21 [scheduling-1] INFO  c.m.b.k.service.DynamicRouteService - Completed route status sync
2025-11-05 00:18:21 [scheduling-1] INFO  c.m.b.k.service.DynamicRouteService - Starting route status sync with Camel context
2025-11-05 00:18:21 [scheduling-1] INFO  c.m.b.k.service.DynamicRouteService - Completed route status sync
2025-11-05 00:18:21 [scheduling-1] INFO  c.m.b.k.service.DynamicRouteService - Starting route status sync with Camel context
2025-11-05 00:18:21 [scheduling-1] INFO  c.m.b.k.service.DynamicRouteService - Completed route status sync
2025-11-05 00:18:21 [scheduling-1] INFO  c.m.b.k.service.DynamicRouteService - Starting route status sync with Camel context
2025-11-05 00:18:21 [scheduling-1] INFO  c.m.b.k.service.DynamicRouteService - Completed route status sync
2025-11-05 00:18:21 [scheduling-1] INFO  c.m.b.k.service.DynamicRouteService - Starting route status sync with Camel context
2025-11-05 00:18:21 [scheduling-1] INFO  c.m.b.k.service.DynamicRouteService - Completed route status sync
2025-11-05 00:18:21 [scheduling-1] INFO  c.m.b.k.service.DynamicRouteService - Starting route status sync with Camel context
2025-11-05 00:18:21 [scheduling-1] INFO  c.m.b.k.service.DynamicRouteService - Completed route status sync
2025-11-05 00:18:21 [scheduling-1] INFO  c.m.b.k.service.DynamicRouteService - Starting route status sync with Camel context
2025-11-05 00:18:21 [scheduling-1] INFO  c.m.b.k.service.DynamicRouteService - Completed route status sync
2025-11-05 00:18:21 [scheduling-1] INFO  c.m.b.k.service.DynamicRouteService - Starting route status sync with Camel context
2025-11-05 00:18:21 [scheduling-1] INFO  c.m.b.k.service.DynamicRouteService - Completed route status sync
2025-11-05 00:18:34 [scheduling-1] INFO  c.m.b.k.service.DynamicRouteService - Starting route status sync with Camel context
2025-11-05 00:18:34 [scheduling-1] INFO  c.m.b.k.service.DynamicRouteService - Completed route status sync
2025-11-05 00:19:04 [scheduling-1] INFO  c.m.b.k.service.DynamicRouteService - Starting route status sync with Camel context
2025-11-05 00:19:04 [scheduling-1] INFO  c.m.b.k.service.DynamicRouteService - Completed route status sync
2025-11-05 00:19:34 [scheduling-1] INFO  c.m.b.k.service.DynamicRouteService - Starting route status sync with Camel context
2025-11-05 00:19:34 [scheduling-1] INFO  c.m.b.k.service.DynamicRouteService - Completed route status sync
2025-11-05 00:20:04 [scheduling-1] INFO  c.m.b.k.service.DynamicRouteService - Starting route status sync with Camel context
2025-11-05 00:20:04 [scheduling-1] INFO  c.m.b.k.service.DynamicRouteService - Completed route status sync
2025-11-05 00:20:34 [scheduling-1] INFO  c.m.b.k.service.DynamicRouteService - Starting route status sync with Camel context
2025-11-05 00:20:34 [scheduling-1] INFO  c.m.b.k.service.DynamicRouteService - Completed route status sync
2025-11-05 00:21:04 [scheduling-1] INFO  c.m.b.k.service.DynamicRouteService - Starting route status sync with Camel context
2025-11-05 00:21:04 [scheduling-1] INFO  c.m.b.k.service.DynamicRouteService - Completed route status sync
2025-11-05 00:21:34 [scheduling-1] INFO  c.m.b.k.service.DynamicRouteService - Starting route status sync with Camel context
2025-11-05 00:21:34 [scheduling-1] INFO  c.m.b.k.service.DynamicRouteService - Completed route status sync
2025-11-05 00:22:04 [scheduling-1] INFO  c.m.b.k.service.DynamicRouteService - Starting route status sync with Camel context
2025-11-05 00:22:04 [scheduling-1] INFO  c.m.b.k.service.DynamicRouteService - Completed route status sync
2025-11-05 00:22:34 [scheduling-1] INFO  c.m.b.k.service.DynamicRouteService - Starting route status sync with Camel context
2025-11-05 00:22:34 [scheduling-1] INFO  c.m.b.k.service.DynamicRouteService - Completed route status sync
2025-11-05 00:23:04 [scheduling-1] INFO  c.m.b.k.service.DynamicRouteService - Starting route status sync with Camel context
2025-11-05 00:23:04 [scheduling-1] INFO  c.m.b.k.service.DynamicRouteService - Completed route status sync
2025-11-05 00:23:34 [scheduling-1] INFO  c.m.b.k.service.DynamicRouteService - Starting route status sync with Camel context
2025-11-05 00:23:34 [scheduling-1] INFO  c.m.b.k.service.DynamicRouteService - Completed route status sync
2025-11-05 00:24:04 [scheduling-1] INFO  c.m.b.k.service.DynamicRouteService - Starting route status sync with Camel context
2025-11-05 00:24:04 [scheduling-1] INFO  c.m.b.k.service.DynamicRouteService - Completed route status sync
2025-11-05 00:24:34 [scheduling-1] INFO  c.m.b.k.service.DynamicRouteService - Starting route status sync with Camel context
2025-11-05 00:24:34 [scheduling-1] INFO  c.m.b.k.service.DynamicRouteService - Completed route status sync
2025-11-05 00:25:04 [scheduling-1] INFO  c.m.b.k.service.DynamicRouteService - Starting route status sync with Camel context
2025-11-05 00:25:04 [scheduling-1] INFO  c.m.b.k.service.DynamicRouteService - Completed route status sync
2025-11-05 00:25:34 [scheduling-1] INFO  c.m.b.k.service.DynamicRouteService - Starting route status sync with Camel context
2025-11-05 00:25:34 [scheduling-1] INFO  c.m.b.k.service.DynamicRouteService - Completed route status sync
2025-11-05 00:26:04 [scheduling-1] INFO  c.m.b.k.service.DynamicRouteService - Starting route status sync with Camel context
2025-11-05 00:26:04 [scheduling-1] INFO  c.m.b.k.service.DynamicRouteService - Completed route status sync
2025-11-05 00:26:34 [scheduling-1] INFO  c.m.b.k.service.DynamicRouteService - Starting route status sync with Camel context
2025-11-05 00:26:34 [scheduling-1] INFO  c.m.b.k.service.DynamicRouteService - Completed route status sync
2025-11-05 00:27:04 [scheduling-1] INFO  c.m.b.k.service.DynamicRouteService - Starting route status sync with Camel context
2025-11-05 00:27:04 [scheduling-1] INFO  c.m.b.k.service.DynamicRouteService - Completed route status sync
2025-11-05 00:27:34 [scheduling-1] INFO  c.m.b.k.service.DynamicRouteService - Starting route status sync with Camel context
2025-11-05 00:27:34 [scheduling-1] INFO  c.m.b.k.service.DynamicRouteService - Completed route status sync
2025-11-05 00:28:03 [http-nio-8081-exec-3] DEBUG o.s.w.f.CommonsRequestLoggingFilter - Before request [POST /api/auth/login, client=0:0:0:0:0:0:0:1]
2025-11-05 00:28:03 [http-nio-8081-exec-3] DEBUG o.s.web.servlet.DispatcherServlet - POST "/api/auth/login", parameters={}
2025-11-05 00:28:03 [http-nio-8081-exec-3] DEBUG o.s.w.s.m.m.a.RequestMappingHandlerMapping - Mapped to com.middleware.backend.users.auth.AuthController#login(AuthRequest)
2025-11-05 00:28:03 [http-nio-8081-exec-3] DEBUG o.s.w.s.m.m.a.RequestResponseBodyMethodProcessor - Read "application/json;charset=UTF-8" to [AuthController.AuthRequest(email=admin@mail.com, password=S123@231)]
2025-11-05 00:28:03 [http-nio-8081-exec-3] DEBUG o.a.camel.spring.SpringCamelContext - onApplicationEvent: org.springframework.security.authentication.event.AuthenticationSuccessEvent[source=UsernamePasswordAuthenticationToken [Principal=org.springframework.security.core.userdetails.User [Username=admin@mail.com, Password=[PROTECTED], Enabled=true, AccountNonExpired=true, CredentialsNonExpired=true, AccountNonLocked=true, Granted Authorities=[ROLE_ADMIN, auditLogs:export, auditLogs:view, channel:create, channel:edit, channel:view, config:create, config:edit, config:view, dashboard:jobGraph, dashboard:jobList, dashboard:summary, dashboard:tokenList, dashboard:transactionGraph, dashboard:transactionList, dhis2:edit, dhis2:view, dynamicRoutes:create, dynamicRoutes:delete, dynamicRoutes:edit, dynamicRoutes:export, dynamicRoutes:revert, dynamicRoutes:start, dynamicRoutes:stop, dynamicRoutes:test, dynamicRoutes:validate, dynamicRoutes:view, dynamicRoutesLogs:export, dynamicRoutesLogs:view, errorCategories:create, errorCategories:edit, errorCategories:export, errorCategories:view, errorMappings:create, errorMappings:edit, errorMappings:export, errorMappings:view, group:create, group:edit, group:view, groupReceivers:create, groupReceivers:edit, integratedApi:create, integratedApi:export, integratedApi:update, integratedApi:view, integratedSystem:create, integratedSystem:edit, integratedSystem:view, integrationMapping:create, integrationMapping:edit, integrationMapping:export, integrationMapping:import, integrationMapping:validate, integrationMapping:view, jobExecutionLogs:export, jobExecutionLogs:view, middlewareLogs:export, middlewareLogs:retry, middlewareLogs:view, notification:send, notification:view, notificationLogs:export, notificationLogs:view, receiver:create, receiver:edit, receiver:view, role:create, role:view, routePermissions:edit, routePermissions:view, scheduledJobs:create, scheduledJobs:delete, scheduledJobs:edit, scheduledJobs:export, scheduledJobs:pause, scheduledJobs:resume, scheduledJobs:test, scheduledJobs:view, scheduledJobsLogs:export, scheduledJobsLogs:view, sourceSystems:create, sourceSystems:edit, sourceSystems:export, sourceSystems:view, template:create, template:edit, template:validate, template:view, throttling:edit, throttling:view, user:activate, user:create, user:delete, user:edit, user:generate-token, user:view, user:viewByRole, userPermissions:edit, userPermissions:view]], Credentials=[PROTECTED], Authenticated=true, Details=null, Granted Authorities=[ROLE_ADMIN, auditLogs:export, auditLogs:view, channel:create, channel:edit, channel:view, config:create, config:edit, config:view, dashboard:jobGraph, dashboard:jobList, dashboard:summary, dashboard:tokenList, dashboard:transactionGraph, dashboard:transactionList, dhis2:edit, dhis2:view, dynamicRoutes:create, dynamicRoutes:delete, dynamicRoutes:edit, dynamicRoutes:export, dynamicRoutes:revert, dynamicRoutes:start, dynamicRoutes:stop, dynamicRoutes:test, dynamicRoutes:validate, dynamicRoutes:view, dynamicRoutesLogs:export, dynamicRoutesLogs:view, errorCategories:create, errorCategories:edit, errorCategories:export, errorCategories:view, errorMappings:create, errorMappings:edit, errorMappings:export, errorMappings:view, group:create, group:edit, group:view, groupReceivers:create, groupReceivers:edit, integratedApi:create, integratedApi:export, integratedApi:update, integratedApi:view, integratedSystem:create, integratedSystem:edit, integratedSystem:view, integrationMapping:create, integrationMapping:edit, integrationMapping:export, integrationMapping:import, integrationMapping:validate, integrationMapping:view, jobExecutionLogs:export, jobExecutionLogs:view, middlewareLogs:export, middlewareLogs:retry, middlewareLogs:view, notification:send, notification:view, notificationLogs:export, notificationLogs:view, receiver:create, receiver:edit, receiver:view, role:create, role:view, routePermissions:edit, routePermissions:view, scheduledJobs:create, scheduledJobs:delete, scheduledJobs:edit, scheduledJobs:export, scheduledJobs:pause, scheduledJobs:resume, scheduledJobs:test, scheduledJobs:view, scheduledJobsLogs:export, scheduledJobsLogs:view, sourceSystems:create, sourceSystems:edit, sourceSystems:export, sourceSystems:view, template:create, template:edit, template:validate, template:view, throttling:edit, throttling:view, user:activate, user:create, user:delete, user:edit, user:generate-token, user:view, user:viewByRole, userPermissions:edit, userPermissions:view]]]
2025-11-05 00:28:04 [scheduling-1] INFO  c.m.b.k.service.DynamicRouteService - Starting route status sync with Camel context
2025-11-05 00:28:04 [scheduling-1] INFO  c.m.b.k.service.DynamicRouteService - Completed route status sync
2025-11-05 00:28:04 [http-nio-8081-exec-3] DEBUG o.s.w.s.m.m.a.HttpEntityMethodProcessor - Using 'application/json', given [*/*] and supported [application/json, application/*+json, application/yaml]
2025-11-05 00:28:04 [http-nio-8081-exec-3] DEBUG o.s.w.s.m.m.a.HttpEntityMethodProcessor - Writing [AuthController.AuthResponse2(userName=admin, token=eyJhbGciOiJIUzI1NiJ9.eyJzdWIiOiJhZG1pbkBtYWlsLmNv (truncated)...]
2025-11-05 00:28:04 [http-nio-8081-exec-3] DEBUG o.s.web.servlet.DispatcherServlet - Completed 200 OK
2025-11-05 00:28:04 [http-nio-8081-exec-3] DEBUG o.a.camel.spring.SpringCamelContext - onApplicationEvent: ServletRequestHandledEvent: url=[/api/auth/login]; client=[0:0:0:0:0:0:0:1]; method=[POST]; status=[200]; servlet=[dispatcherServlet]; session=[null]; user=[null]; time=[1502ms]
2025-11-05 00:28:04 [http-nio-8081-exec-3] DEBUG o.s.w.f.CommonsRequestLoggingFilter - After request [POST /api/auth/login, client=0:0:0:0:0:0:0:1, payload={"email":"admin@mail.com","password":"S123@231"}]
2025-11-05 00:28:06 [http-nio-8081-exec-2] INFO  c.m.b.k.service.DynamicRouteService - Fetching active routes with pagination
2025-11-05 00:28:06 [http-nio-8081-exec-4] INFO  c.m.b.k.service.DynamicRouteService - Fetching active routes with pagination
2025-11-05 00:28:06 [http-nio-8081-exec-5] INFO  c.m.b.k.service.DynamicRouteService - Fetching active routes with pagination
2025-11-05 00:28:06 [http-nio-8081-exec-3] INFO  c.m.b.k.service.DynamicRouteService - Fetching active routes with pagination
2025-11-05 00:28:06 [http-nio-8081-exec-1] INFO  c.m.b.k.service.DynamicRouteService - Fetching active routes with pagination
2025-11-05 00:28:06 [http-nio-8081-exec-8] INFO  c.m.b.k.service.DynamicRouteService - Fetching active routes with pagination
2025-11-05 00:28:06 [http-nio-8081-exec-2] DEBUG o.s.w.f.CommonsRequestLoggingFilter - Before request [GET /api/dashboard/token, client=0:0:0:0:0:0:0:1, user=admin@mail.com]
2025-11-05 00:28:06 [http-nio-8081-exec-2] DEBUG o.s.web.servlet.DispatcherServlet - GET "/api/dashboard/token", parameters={}
2025-11-05 00:28:06 [http-nio-8081-exec-2] DEBUG o.s.w.s.m.m.a.RequestMappingHandlerMapping - Mapped to com.middleware.backend.dashboard.controller.DashboardController#getTokenList()
2025-11-05 00:28:06 [http-nio-8081-exec-4] DEBUG o.s.w.f.CommonsRequestLoggingFilter - Before request [GET /api/dashboard/job/last-30-days, client=0:0:0:0:0:0:0:1, user=admin@mail.com]
2025-11-05 00:28:06 [http-nio-8081-exec-4] DEBUG o.s.web.servlet.DispatcherServlet - GET "/api/dashboard/job/last-30-days", parameters={}
2025-11-05 00:28:06 [http-nio-8081-exec-4] DEBUG o.s.w.s.m.m.a.RequestMappingHandlerMapping - Mapped to com.middleware.backend.dashboard.controller.DashboardController#getJobsGraphCoordinates()
2025-11-05 00:28:06 [http-nio-8081-exec-5] DEBUG o.s.w.f.CommonsRequestLoggingFilter - Before request [GET /api/dashboard/transaction/last-30-days, client=0:0:0:0:0:0:0:1, user=admin@mail.com]
2025-11-05 00:28:06 [http-nio-8081-exec-5] DEBUG o.s.web.servlet.DispatcherServlet - GET "/api/dashboard/transaction/last-30-days", parameters={}
2025-11-05 00:28:06 [http-nio-8081-exec-5] DEBUG o.s.w.s.m.m.a.RequestMappingHandlerMapping - Mapped to com.middleware.backend.dashboard.controller.DashboardController#getTransactionGraphCoordinates()
2025-11-05 00:28:06 [http-nio-8081-exec-3] DEBUG o.s.w.f.CommonsRequestLoggingFilter - Before request [GET /api/dashboard/transaction, client=0:0:0:0:0:0:0:1, user=admin@mail.com]
2025-11-05 00:28:06 [http-nio-8081-exec-3] DEBUG o.s.web.servlet.DispatcherServlet - GET "/api/dashboard/transaction", parameters={}
2025-11-05 00:28:06 [http-nio-8081-exec-3] DEBUG o.s.w.s.m.m.a.RequestMappingHandlerMapping - Mapped to com.middleware.backend.dashboard.controller.DashboardController#getTransactionList()
2025-11-05 00:28:06 [http-nio-8081-exec-8] DEBUG o.s.w.f.CommonsRequestLoggingFilter - Before request [GET /api/dashboard, client=0:0:0:0:0:0:0:1, user=admin@mail.com]
2025-11-05 00:28:06 [http-nio-8081-exec-8] DEBUG o.s.web.servlet.DispatcherServlet - GET "/api/dashboard", parameters={}
2025-11-05 00:28:06 [http-nio-8081-exec-8] DEBUG o.s.w.s.m.m.a.RequestMappingHandlerMapping - Mapped to com.middleware.backend.dashboard.controller.DashboardController#getStatuses()
2025-11-05 00:28:06 [http-nio-8081-exec-1] DEBUG o.s.w.f.CommonsRequestLoggingFilter - Before request [GET /api/dashboard/job, client=0:0:0:0:0:0:0:1, user=admin@mail.com]
2025-11-05 00:28:06 [http-nio-8081-exec-1] DEBUG o.s.web.servlet.DispatcherServlet - GET "/api/dashboard/job", parameters={}
2025-11-05 00:28:06 [http-nio-8081-exec-1] DEBUG o.s.w.s.m.m.a.RequestMappingHandlerMapping - Mapped to com.middleware.backend.dashboard.controller.DashboardController#getJobsList()
2025-11-05 00:28:06 [http-nio-8081-exec-2] DEBUG o.s.w.s.m.m.a.HttpEntityMethodProcessor - Using 'application/json', given [*/*] and supported [application/json, application/*+json, application/yaml]
2025-11-05 00:28:06 [http-nio-8081-exec-2] DEBUG o.s.w.s.m.m.a.HttpEntityMethodProcessor - Writing [[]]
2025-11-05 00:28:06 [http-nio-8081-exec-2] DEBUG o.s.web.servlet.DispatcherServlet - Completed 200 OK
2025-11-05 00:28:06 [http-nio-8081-exec-2] DEBUG o.a.camel.spring.SpringCamelContext - onApplicationEvent: ServletRequestHandledEvent: url=[/api/dashboard/token]; client=[0:0:0:0:0:0:0:1]; method=[GET]; status=[200]; servlet=[dispatcherServlet]; session=[null]; user=[admin@mail.com]; time=[121ms]
2025-11-05 00:28:06 [http-nio-8081-exec-2] DEBUG o.s.w.f.CommonsRequestLoggingFilter - After request [GET /api/dashboard/token, client=0:0:0:0:0:0:0:1, user=admin@mail.com]
2025-11-05 00:28:06 [http-nio-8081-exec-3] DEBUG o.s.w.s.m.m.a.HttpEntityMethodProcessor - Using 'application/json', given [*/*] and supported [application/json, application/*+json, application/yaml]
2025-11-05 00:28:06 [http-nio-8081-exec-3] DEBUG o.s.w.s.m.m.a.HttpEntityMethodProcessor - Writing [[TransactionListDto(id=7b4a7751-906b-477a-895b-2eaee4b70503, endPoint=servlet:/v1/datasets?httpMetho (truncated)...]
2025-11-05 00:28:06 [http-nio-8081-exec-1] DEBUG o.s.w.s.m.m.a.HttpEntityMethodProcessor - Using 'application/json', given [*/*] and supported [application/json, application/*+json, application/yaml]
2025-11-05 00:28:06 [http-nio-8081-exec-1] DEBUG o.s.w.s.m.m.a.HttpEntityMethodProcessor - Writing [[ScheduledExecutedJobsListDto(id=40, name=pppppppppppppppppppppppppppppppppppp, status=SUCCESS, exec (truncated)...]
2025-11-05 00:28:06 [http-nio-8081-exec-3] DEBUG o.s.web.servlet.DispatcherServlet - Completed 200 OK
2025-11-05 00:28:06 [http-nio-8081-exec-3] DEBUG o.a.camel.spring.SpringCamelContext - onApplicationEvent: ServletRequestHandledEvent: url=[/api/dashboard/transaction]; client=[0:0:0:0:0:0:0:1]; method=[GET]; status=[200]; servlet=[dispatcherServlet]; session=[null]; user=[admin@mail.com]; time=[107ms]
2025-11-05 00:28:06 [http-nio-8081-exec-3] DEBUG o.s.w.f.CommonsRequestLoggingFilter - After request [GET /api/dashboard/transaction, client=0:0:0:0:0:0:0:1, user=admin@mail.com]
2025-11-05 00:28:06 [http-nio-8081-exec-1] DEBUG o.s.web.servlet.DispatcherServlet - Completed 200 OK
2025-11-05 00:28:06 [http-nio-8081-exec-1] DEBUG o.a.camel.spring.SpringCamelContext - onApplicationEvent: ServletRequestHandledEvent: url=[/api/dashboard/job]; client=[0:0:0:0:0:0:0:1]; method=[GET]; status=[200]; servlet=[dispatcherServlet]; session=[null]; user=[admin@mail.com]; time=[105ms]
2025-11-05 00:28:06 [http-nio-8081-exec-1] DEBUG o.s.w.f.CommonsRequestLoggingFilter - After request [GET /api/dashboard/job, client=0:0:0:0:0:0:0:1, user=admin@mail.com]
2025-11-05 00:28:06 [http-nio-8081-exec-5] DEBUG o.s.w.s.m.m.a.HttpEntityMethodProcessor - Using 'application/json', given [*/*] and supported [application/json, application/*+json, application/yaml]
2025-11-05 00:28:06 [http-nio-8081-exec-5] DEBUG o.s.w.s.m.m.a.HttpEntityMethodProcessor - Writing [[org.springframework.data.jpa.repository.query.AbstractJpaQuery$TupleConverter$TupleBackedMap@3b8957 (truncated)...]
2025-11-05 00:28:06 [http-nio-8081-exec-4] DEBUG o.s.w.s.m.m.a.HttpEntityMethodProcessor - Using 'application/json', given [*/*] and supported [application/json, application/*+json, application/yaml]
2025-11-05 00:28:06 [http-nio-8081-exec-4] DEBUG o.s.w.s.m.m.a.HttpEntityMethodProcessor - Writing [[org.springframework.data.jpa.repository.query.AbstractJpaQuery$TupleConverter$TupleBackedMap@5a931c (truncated)...]
2025-11-05 00:28:06 [http-nio-8081-exec-8] DEBUG o.s.w.s.m.m.a.HttpEntityMethodProcessor - Using 'application/json', given [*/*] and supported [application/json, application/*+json, application/yaml]
2025-11-05 00:28:06 [http-nio-8081-exec-8] DEBUG o.s.w.s.m.m.a.HttpEntityMethodProcessor - Writing [SummaryDto(summary={all_transactions=0, failed_transactions=0, user_events=1, succeeded_transactions (truncated)...]
2025-11-05 00:28:06 [http-nio-8081-exec-4] DEBUG o.s.web.servlet.DispatcherServlet - Completed 200 OK
2025-11-05 00:28:06 [http-nio-8081-exec-5] DEBUG o.s.web.servlet.DispatcherServlet - Completed 200 OK
2025-11-05 00:28:06 [http-nio-8081-exec-5] DEBUG o.a.camel.spring.SpringCamelContext - onApplicationEvent: ServletRequestHandledEvent: url=[/api/dashboard/transaction/last-30-days]; client=[0:0:0:0:0:0:0:1]; method=[GET]; status=[200]; servlet=[dispatcherServlet]; session=[null]; user=[admin@mail.com]; time=[214ms]
2025-11-05 00:28:06 [http-nio-8081-exec-5] DEBUG o.s.w.f.CommonsRequestLoggingFilter - After request [GET /api/dashboard/transaction/last-30-days, client=0:0:0:0:0:0:0:1, user=admin@mail.com]
2025-11-05 00:28:06 [http-nio-8081-exec-4] DEBUG o.a.camel.spring.SpringCamelContext - onApplicationEvent: ServletRequestHandledEvent: url=[/api/dashboard/job/last-30-days]; client=[0:0:0:0:0:0:0:1]; method=[GET]; status=[200]; servlet=[dispatcherServlet]; session=[null]; user=[admin@mail.com]; time=[222ms]
2025-11-05 00:28:06 [http-nio-8081-exec-4] DEBUG o.s.w.f.CommonsRequestLoggingFilter - After request [GET /api/dashboard/job/last-30-days, client=0:0:0:0:0:0:0:1, user=admin@mail.com]
2025-11-05 00:28:06 [http-nio-8081-exec-8] DEBUG o.s.web.servlet.DispatcherServlet - Completed 200 OK
2025-11-05 00:28:06 [http-nio-8081-exec-8] DEBUG o.a.camel.spring.SpringCamelContext - onApplicationEvent: ServletRequestHandledEvent: url=[/api/dashboard]; client=[0:0:0:0:0:0:0:1]; method=[GET]; status=[200]; servlet=[dispatcherServlet]; session=[null]; user=[admin@mail.com]; time=[189ms]
2025-11-05 00:28:06 [http-nio-8081-exec-8] DEBUG o.s.w.f.CommonsRequestLoggingFilter - After request [GET /api/dashboard, client=0:0:0:0:0:0:0:1, user=admin@mail.com]
2025-11-05 00:28:08 [http-nio-8081-exec-10] INFO  c.m.b.k.service.DynamicRouteService - Fetching active routes with pagination
2025-11-05 00:28:08 [http-nio-8081-exec-10] DEBUG o.s.w.f.CommonsRequestLoggingFilter - Before request [GET /api/configs?page=0&size=10&sortedBy=updatedAt&sortDirection=desc, client=0:0:0:0:0:0:0:1, user=admin@mail.com]
2025-11-05 00:28:08 [http-nio-8081-exec-10] DEBUG o.s.web.servlet.DispatcherServlet - GET "/api/configs?page=0&size=10&sortedBy=updatedAt&sortDirection=desc", parameters={masked}
2025-11-05 00:28:08 [http-nio-8081-exec-10] DEBUG o.s.w.s.m.m.a.RequestMappingHandlerMapping - Mapped to com.middleware.backend.system_settings.controller.ConfigController#getAllConfigs(String, String, String, LocalDate, LocalDate, int, int, String, String)
2025-11-05 00:28:09 [http-nio-8081-exec-10] WARN  o.s.d.w.c.SpringDataJacksonConfiguration$PageModule$WarningLoggingModifier - Serializing PageImpl instances as-is is not supported, meaning that there is no guarantee about the stability of the resulting JSON structure!
	For a stable JSON structure, please use Spring Data's PagedModel (globally via @EnableSpringDataWebSupport(pageSerializationMode = VIA_DTO))
	or Spring HATEOAS and Spring Data's PagedResourcesAssembler as documented in https://docs.spring.io/spring-data/commons/reference/repositories/core-extensions.html#core.web.pageables.

2025-11-05 00:28:09 [http-nio-8081-exec-10] DEBUG o.s.w.s.m.m.a.HttpEntityMethodProcessor - Using 'application/json', given [*/*] and supported [application/json, application/*+json, application/yaml]
2025-11-05 00:28:09 [http-nio-8081-exec-10] DEBUG o.s.w.s.m.m.a.HttpEntityMethodProcessor - Writing [Page 1 of 1 containing com.middleware.backend.system_settings.dto.ConfigDto instances]
2025-11-05 00:28:09 [http-nio-8081-exec-10] DEBUG o.s.web.servlet.DispatcherServlet - Completed 200 OK
2025-11-05 00:28:09 [http-nio-8081-exec-10] DEBUG o.a.camel.spring.SpringCamelContext - onApplicationEvent: ServletRequestHandledEvent: url=[/api/configs]; client=[0:0:0:0:0:0:0:1]; method=[GET]; status=[200]; servlet=[dispatcherServlet]; session=[null]; user=[admin@mail.com]; time=[148ms]
2025-11-05 00:28:09 [http-nio-8081-exec-10] DEBUG o.s.w.f.CommonsRequestLoggingFilter - After request [GET /api/configs?page=0&size=10&sortedBy=updatedAt&sortDirection=desc, client=0:0:0:0:0:0:0:1, user=admin@mail.com]
2025-11-05 00:28:10 [http-nio-8081-exec-1] INFO  c.m.b.k.service.DynamicRouteService - Fetching active routes with pagination
2025-11-05 00:28:10 [http-nio-8081-exec-3] INFO  c.m.b.k.service.DynamicRouteService - Fetching active routes with pagination
2025-11-05 00:28:10 [http-nio-8081-exec-5] INFO  c.m.b.k.service.DynamicRouteService - Fetching active routes with pagination
2025-11-05 00:28:10 [http-nio-8081-exec-1] DEBUG o.s.w.f.CommonsRequestLoggingFilter - Before request [GET /api/routes/routes, client=0:0:0:0:0:0:0:1, user=admin@mail.com]
2025-11-05 00:28:10 [http-nio-8081-exec-1] DEBUG o.s.web.servlet.DispatcherServlet - GET "/api/routes/routes", parameters={}
2025-11-05 00:28:10 [http-nio-8081-exec-1] DEBUG o.s.w.s.m.m.a.RequestMappingHandlerMapping - Mapped to com.middleware.backend.camel.controller.DynamicRouteController#getRoutesForDropdown()
2025-11-05 00:28:10 [http-nio-8081-exec-1] INFO  c.m.b.k.service.DynamicRouteService - Fetching latest active routes for dropdown
2025-11-05 00:28:10 [http-nio-8081-exec-3] DEBUG o.s.w.f.CommonsRequestLoggingFilter - Before request [GET /api/integrated-apis?page=0&size=10, client=0:0:0:0:0:0:0:1, user=admin@mail.com]
2025-11-05 00:28:10 [http-nio-8081-exec-5] DEBUG o.s.w.f.CommonsRequestLoggingFilter - Before request [GET /api/integrated-system/codes, client=0:0:0:0:0:0:0:1, user=admin@mail.com]
2025-11-05 00:28:10 [http-nio-8081-exec-5] DEBUG o.s.web.servlet.DispatcherServlet - GET "/api/integrated-system/codes", parameters={}
2025-11-05 00:28:10 [http-nio-8081-exec-3] DEBUG o.s.web.servlet.DispatcherServlet - GET "/api/integrated-apis?page=0&size=10", parameters={masked}
2025-11-05 00:28:10 [http-nio-8081-exec-3] DEBUG o.s.w.s.m.m.a.RequestMappingHandlerMapping - Mapped to com.middleware.backend.camel.controller.IntegratedApiController#findAll(String, String, String, String, String, String, Boolean, String, LocalDateTime, LocalDateTime, LocalDateTime, LocalDateTime, String, Long, Long, int, int, String[])
2025-11-05 00:28:10 [http-nio-8081-exec-5] DEBUG o.s.w.s.m.m.a.RequestMappingHandlerMapping - Mapped to com.middleware.backend.integrated_systems.controller.IntegratedSystemController#getAllCodes()
2025-11-05 00:28:10 [http-nio-8081-exec-3] DEBUG c.m.b.k.c.IntegratedApiController - Received sort params: [id, desc]
2025-11-05 00:28:10 [http-nio-8081-exec-3] DEBUG c.m.b.k.c.IntegratedApiController - Handling separated params - field: 'id', direction: 'desc'
2025-11-05 00:28:10 [http-nio-8081-exec-3] DEBUG c.m.b.k.c.IntegratedApiController - Added separated sort order: id DESC
2025-11-05 00:28:10 [http-nio-8081-exec-3] DEBUG c.m.b.k.c.IntegratedApiController - Final sort object: id: DESC
2025-11-05 00:28:10 [http-nio-8081-exec-1] INFO  c.m.b.k.service.DynamicRouteService - Found 9 active routes
2025-11-05 00:28:10 [http-nio-8081-exec-1] INFO  c.m.b.k.c.DynamicRouteController - Returning 9 routes for dropdown
2025-11-05 00:28:10 [http-nio-8081-exec-1] DEBUG o.s.w.s.m.m.a.HttpEntityMethodProcessor - Using 'application/json', given [application/json] and supported [application/json, application/*+json, application/yaml]
2025-11-05 00:28:10 [http-nio-8081-exec-1] DEBUG o.s.w.s.m.m.a.HttpEntityMethodProcessor - Writing [[{path=/HealthCenter, routeId=HealthCenter-mapping}, {path=/HospitalHealthMap, routeId=Hospital_Heal (truncated)...]
2025-11-05 00:28:10 [http-nio-8081-exec-1] DEBUG o.s.web.servlet.DispatcherServlet - Completed 200 OK
2025-11-05 00:28:10 [http-nio-8081-exec-1] DEBUG o.a.camel.spring.SpringCamelContext - onApplicationEvent: ServletRequestHandledEvent: url=[/api/routes/routes]; client=[0:0:0:0:0:0:0:1]; method=[GET]; status=[200]; servlet=[dispatcherServlet]; session=[null]; user=[admin@mail.com]; time=[73ms]
2025-11-05 00:28:10 [http-nio-8081-exec-1] DEBUG o.s.w.f.CommonsRequestLoggingFilter - After request [GET /api/routes/routes, client=0:0:0:0:0:0:0:1, user=admin@mail.com]
2025-11-05 00:28:10 [http-nio-8081-exec-5] DEBUG o.s.w.s.m.m.a.HttpEntityMethodProcessor - Using 'application/json', given [application/json] and supported [application/json, application/*+json, application/yaml]
2025-11-05 00:28:10 [http-nio-8081-exec-5] DEBUG o.s.w.s.m.m.a.HttpEntityMethodProcessor - Writing [[DHIS2.1, DHIS2.2]]
2025-11-05 00:28:10 [http-nio-8081-exec-5] DEBUG o.s.web.servlet.DispatcherServlet - Completed 200 OK
2025-11-05 00:28:10 [http-nio-8081-exec-5] DEBUG o.a.camel.spring.SpringCamelContext - onApplicationEvent: ServletRequestHandledEvent: url=[/api/integrated-system/codes]; client=[0:0:0:0:0:0:0:1]; method=[GET]; status=[200]; servlet=[dispatcherServlet]; session=[null]; user=[admin@mail.com]; time=[70ms]
2025-11-05 00:28:10 [http-nio-8081-exec-5] DEBUG o.s.w.f.CommonsRequestLoggingFilter - After request [GET /api/integrated-system/codes, client=0:0:0:0:0:0:0:1, user=admin@mail.com]
2025-11-05 00:28:10 [http-nio-8081-exec-3] DEBUG o.s.w.s.m.m.a.HttpEntityMethodProcessor - Using 'application/json', given [application/json] and supported [application/json, application/*+json, application/yaml]
2025-11-05 00:28:10 [http-nio-8081-exec-3] DEBUG o.s.w.s.m.m.a.HttpEntityMethodProcessor - Writing [Page 1 of 1 containing com.middleware.backend.camel.dto.IntegratedApiDto instances]
2025-11-05 00:28:10 [http-nio-8081-exec-3] DEBUG o.s.web.servlet.DispatcherServlet - Completed 200 OK
2025-11-05 00:28:10 [http-nio-8081-exec-3] DEBUG o.a.camel.spring.SpringCamelContext - onApplicationEvent: ServletRequestHandledEvent: url=[/api/integrated-apis]; client=[0:0:0:0:0:0:0:1]; method=[GET]; status=[200]; servlet=[dispatcherServlet]; session=[null]; user=[admin@mail.com]; time=[211ms]
2025-11-05 00:28:10 [http-nio-8081-exec-3] DEBUG o.s.w.f.CommonsRequestLoggingFilter - After request [GET /api/integrated-apis?page=0&size=10, client=0:0:0:0:0:0:0:1, user=admin@mail.com]
2025-11-05 00:28:17 [http-nio-8081-exec-8] INFO  c.m.b.k.service.DynamicRouteService - Fetching active routes with pagination
2025-11-05 00:28:17 [http-nio-8081-exec-8] DEBUG o.s.w.f.CommonsRequestLoggingFilter - Before request [GET /api/integrated-apis/7, client=0:0:0:0:0:0:0:1, user=admin@mail.com]
2025-11-05 00:28:17 [http-nio-8081-exec-8] DEBUG o.s.web.servlet.DispatcherServlet - GET "/api/integrated-apis/7", parameters={}
2025-11-05 00:28:17 [http-nio-8081-exec-8] DEBUG o.s.w.s.m.m.a.RequestMappingHandlerMapping - Mapped to com.middleware.backend.camel.controller.IntegratedApiController#findById(Long)
2025-11-05 00:28:17 [http-nio-8081-exec-8] DEBUG o.s.w.s.m.m.a.HttpEntityMethodProcessor - Using 'application/json', given [application/json] and supported [application/json, application/*+json, application/yaml]
2025-11-05 00:28:17 [http-nio-8081-exec-8] DEBUG o.s.w.s.m.m.a.HttpEntityMethodProcessor - Writing [IntegratedApiDto(id=7, code=ATTR-API, name=ATTR-API, apiUrl=/api/analytics.json?dimension=dx:xvHA0fL (truncated)...]
2025-11-05 00:28:17 [http-nio-8081-exec-8] DEBUG o.s.web.servlet.DispatcherServlet - Completed 200 OK
2025-11-05 00:28:17 [http-nio-8081-exec-8] DEBUG o.a.camel.spring.SpringCamelContext - onApplicationEvent: ServletRequestHandledEvent: url=[/api/integrated-apis/7]; client=[0:0:0:0:0:0:0:1]; method=[GET]; status=[200]; servlet=[dispatcherServlet]; session=[null]; user=[admin@mail.com]; time=[80ms]
2025-11-05 00:28:17 [http-nio-8081-exec-8] DEBUG o.s.w.f.CommonsRequestLoggingFilter - After request [GET /api/integrated-apis/7, client=0:0:0:0:0:0:0:1, user=admin@mail.com]
2025-11-05 00:28:34 [scheduling-1] INFO  c.m.b.k.service.DynamicRouteService - Starting route status sync with Camel context
2025-11-05 00:28:34 [scheduling-1] INFO  c.m.b.k.service.DynamicRouteService - Completed route status sync
2025-11-05 00:29:04 [scheduling-1] INFO  c.m.b.k.service.DynamicRouteService - Starting route status sync with Camel context
2025-11-05 00:29:04 [scheduling-1] INFO  c.m.b.k.service.DynamicRouteService - Completed route status sync
2025-11-05 00:29:34 [scheduling-1] INFO  c.m.b.k.service.DynamicRouteService - Starting route status sync with Camel context
2025-11-05 00:29:34 [scheduling-1] INFO  c.m.b.k.service.DynamicRouteService - Completed route status sync
2025-11-05 00:30:04 [scheduling-1] INFO  c.m.b.k.service.DynamicRouteService - Starting route status sync with Camel context
2025-11-05 00:30:04 [scheduling-1] INFO  c.m.b.k.service.DynamicRouteService - Completed route status sync
2025-11-05 00:30:34 [scheduling-1] INFO  c.m.b.k.service.DynamicRouteService - Starting route status sync with Camel context
2025-11-05 00:30:34 [scheduling-1] INFO  c.m.b.k.service.DynamicRouteService - Completed route status sync
2025-11-05 00:31:04 [scheduling-1] INFO  c.m.b.k.service.DynamicRouteService - Starting route status sync with Camel context
2025-11-05 00:31:04 [scheduling-1] INFO  c.m.b.k.service.DynamicRouteService - Completed route status sync
2025-11-05 00:31:34 [scheduling-1] INFO  c.m.b.k.service.DynamicRouteService - Starting route status sync with Camel context
2025-11-05 00:31:34 [scheduling-1] INFO  c.m.b.k.service.DynamicRouteService - Completed route status sync
2025-11-05 00:32:04 [scheduling-1] INFO  c.m.b.k.service.DynamicRouteService - Starting route status sync with Camel context
2025-11-05 00:32:04 [scheduling-1] INFO  c.m.b.k.service.DynamicRouteService - Completed route status sync
2025-11-05 00:32:34 [scheduling-1] INFO  c.m.b.k.service.DynamicRouteService - Starting route status sync with Camel context
2025-11-05 00:32:34 [scheduling-1] INFO  c.m.b.k.service.DynamicRouteService - Completed route status sync
2025-11-05 00:33:04 [scheduling-1] INFO  c.m.b.k.service.DynamicRouteService - Starting route status sync with Camel context
2025-11-05 00:33:04 [scheduling-1] INFO  c.m.b.k.service.DynamicRouteService - Completed route status sync
2025-11-05 00:33:34 [scheduling-1] INFO  c.m.b.k.service.DynamicRouteService - Starting route status sync with Camel context
2025-11-05 00:33:34 [scheduling-1] INFO  c.m.b.k.service.DynamicRouteService - Completed route status sync
2025-11-05 00:34:04 [scheduling-1] INFO  c.m.b.k.service.DynamicRouteService - Starting route status sync with Camel context
2025-11-05 00:34:04 [scheduling-1] INFO  c.m.b.k.service.DynamicRouteService - Completed route status sync
2025-11-05 00:34:34 [scheduling-1] INFO  c.m.b.k.service.DynamicRouteService - Starting route status sync with Camel context
2025-11-05 00:34:34 [scheduling-1] INFO  c.m.b.k.service.DynamicRouteService - Completed route status sync
2025-11-05 00:35:04 [scheduling-1] INFO  c.m.b.k.service.DynamicRouteService - Starting route status sync with Camel context
2025-11-05 00:35:04 [scheduling-1] INFO  c.m.b.k.service.DynamicRouteService - Completed route status sync
2025-11-05 00:35:34 [scheduling-1] INFO  c.m.b.k.service.DynamicRouteService - Starting route status sync with Camel context
2025-11-05 00:35:34 [scheduling-1] INFO  c.m.b.k.service.DynamicRouteService - Completed route status sync
2025-11-05 00:36:04 [scheduling-1] INFO  c.m.b.k.service.DynamicRouteService - Starting route status sync with Camel context
2025-11-05 00:36:04 [scheduling-1] INFO  c.m.b.k.service.DynamicRouteService - Completed route status sync
2025-11-05 00:36:34 [scheduling-1] INFO  c.m.b.k.service.DynamicRouteService - Starting route status sync with Camel context
2025-11-05 00:36:34 [scheduling-1] INFO  c.m.b.k.service.DynamicRouteService - Completed route status sync
2025-11-05 00:37:04 [scheduling-1] INFO  c.m.b.k.service.DynamicRouteService - Starting route status sync with Camel context
2025-11-05 00:37:04 [scheduling-1] INFO  c.m.b.k.service.DynamicRouteService - Completed route status sync
2025-11-05 00:37:34 [scheduling-1] INFO  c.m.b.k.service.DynamicRouteService - Starting route status sync with Camel context
2025-11-05 00:37:34 [scheduling-1] INFO  c.m.b.k.service.DynamicRouteService - Completed route status sync
2025-11-05 00:38:04 [scheduling-1] INFO  c.m.b.k.service.DynamicRouteService - Starting route status sync with Camel context
2025-11-05 00:38:04 [scheduling-1] INFO  c.m.b.k.service.DynamicRouteService - Completed route status sync
2025-11-05 00:38:34 [scheduling-1] INFO  c.m.b.k.service.DynamicRouteService - Starting route status sync with Camel context
2025-11-05 00:38:34 [scheduling-1] INFO  c.m.b.k.service.DynamicRouteService - Completed route status sync
2025-11-05 00:39:04 [scheduling-1] INFO  c.m.b.k.service.DynamicRouteService - Starting route status sync with Camel context
2025-11-05 00:39:04 [scheduling-1] INFO  c.m.b.k.service.DynamicRouteService - Completed route status sync
2025-11-05 00:39:34 [scheduling-1] INFO  c.m.b.k.service.DynamicRouteService - Starting route status sync with Camel context
2025-11-05 00:39:34 [scheduling-1] INFO  c.m.b.k.service.DynamicRouteService - Completed route status sync
2025-11-05 00:40:04 [scheduling-1] INFO  c.m.b.k.service.DynamicRouteService - Starting route status sync with Camel context
2025-11-05 00:40:04 [scheduling-1] INFO  c.m.b.k.service.DynamicRouteService - Completed route status sync
2025-11-05 00:40:34 [scheduling-1] INFO  c.m.b.k.service.DynamicRouteService - Starting route status sync with Camel context
2025-11-05 00:40:34 [scheduling-1] INFO  c.m.b.k.service.DynamicRouteService - Completed route status sync
2025-11-05 00:41:04 [scheduling-1] INFO  c.m.b.k.service.DynamicRouteService - Starting route status sync with Camel context
2025-11-05 00:41:04 [scheduling-1] INFO  c.m.b.k.service.DynamicRouteService - Completed route status sync
2025-11-05 00:41:34 [scheduling-1] INFO  c.m.b.k.service.DynamicRouteService - Starting route status sync with Camel context
2025-11-05 00:41:34 [scheduling-1] INFO  c.m.b.k.service.DynamicRouteService - Completed route status sync
2025-11-05 00:42:04 [scheduling-1] INFO  c.m.b.k.service.DynamicRouteService - Starting route status sync with Camel context
2025-11-05 00:42:04 [scheduling-1] INFO  c.m.b.k.service.DynamicRouteService - Completed route status sync
2025-11-05 00:42:34 [scheduling-1] INFO  c.m.b.k.service.DynamicRouteService - Starting route status sync with Camel context
2025-11-05 00:42:34 [scheduling-1] INFO  c.m.b.k.service.DynamicRouteService - Completed route status sync
2025-11-05 00:43:04 [scheduling-1] INFO  c.m.b.k.service.DynamicRouteService - Starting route status sync with Camel context
2025-11-05 00:43:04 [scheduling-1] INFO  c.m.b.k.service.DynamicRouteService - Completed route status sync
2025-11-05 00:43:34 [scheduling-1] INFO  c.m.b.k.service.DynamicRouteService - Starting route status sync with Camel context
2025-11-05 00:43:34 [scheduling-1] INFO  c.m.b.k.service.DynamicRouteService - Completed route status sync
2025-11-05 00:44:04 [scheduling-1] INFO  c.m.b.k.service.DynamicRouteService - Starting route status sync with Camel context
2025-11-05 00:44:04 [scheduling-1] INFO  c.m.b.k.service.DynamicRouteService - Completed route status sync
2025-11-05 00:44:09 [SpringApplicationShutdownHook] DEBUG o.a.camel.spring.SpringCamelContext - onApplicationEvent: org.springframework.boot.availability.AvailabilityChangeEvent[source=org.springframework.boot.web.servlet.context.AnnotationConfigServletWebServerApplicationContext@1623134f, started on Tue Nov 04 22:20:50 EET 2025]
2025-11-05 00:44:09 [SpringApplicationShutdownHook] DEBUG o.a.camel.spring.SpringCamelContext - onApplicationEvent: org.springframework.context.event.ContextClosedEvent[source=org.springframework.boot.web.servlet.context.AnnotationConfigServletWebServerApplicationContext@1623134f, started on Tue Nov 04 22:20:50 EET 2025]
2025-11-05 00:44:09 [SpringApplicationShutdownHook] INFO  org.quartz.core.QuartzScheduler - Scheduler quartzScheduler_$_NON_CLUSTERED paused.
2025-11-05 00:44:09 [SpringApplicationShutdownHook] INFO  o.a.c.i.engine.AbstractCamelContext - Apache Camel 4.4.0 (camel-1) is shutting down (timeout:45s)
2025-11-05 00:44:09 [SpringApplicationShutdownHook] DEBUG o.a.c.i.e.DefaultShutdownStrategy - Starting to graceful shutdown 9 routes (timeout 45 seconds)
2025-11-05 00:44:09 [SpringApplicationShutdownHook] DEBUG o.a.c.i.e.BaseExecutorServiceManager - Created new ThreadPool for source: org.apache.camel.impl.engine.DefaultShutdownStrategy@24737682 with name: ShutdownTask. -> org.apache.camel.util.concurrent.RejectableThreadPoolExecutor@3ebe7c88[Running, pool size = 0, active threads = 0, queued tasks = 0, completed tasks = 0][ShutdownTask]
2025-11-05 00:44:09 [Camel (camel-1) thread #1 - ShutdownTask] DEBUG o.a.c.i.e.DefaultShutdownStrategy - There are 9 routes to shutdown
2025-11-05 00:44:09 [Camel (camel-1) thread #1 - ShutdownTask] DEBUG o.a.c.i.e.DefaultShutdownStrategy - Route: dhis2-upload-csv-sync-raw-only suspended and shutdown deferred, was consuming from: servlet:/external/integrate
2025-11-05 00:44:09 [Camel (camel-1) thread #1 - ShutdownTask] DEBUG o.a.c.i.e.DefaultShutdownStrategy - Route: dhis2-upload-csv suspended and shutdown deferred, was consuming from: servlet:/v1/datasets
2025-11-05 00:44:09 [Camel (camel-1) thread #1 - ShutdownTask] DEBUG o.a.c.i.e.DefaultShutdownStrategy - Route: integration-mapping-tes suspended and shutdown deferred, was consuming from: rest://get:/healthmap22
2025-11-05 00:44:09 [Camel (camel-1) thread #1 - ShutdownTask] DEBUG o.a.c.i.e.DefaultShutdownStrategy - Route: my-new-route suspended and shutdown deferred, was consuming from: rest://post:/api/hello
2025-11-05 00:44:09 [Camel (camel-1) thread #1 - ShutdownTask] DEBUG o.a.c.i.e.DefaultShutdownStrategy - Route: attr-mapping suspended and shutdown deferred, was consuming from: rest://get:/attr
2025-11-05 00:44:09 [Camel (camel-1) thread #1 - ShutdownTask] DEBUG o.a.c.i.e.DefaultShutdownStrategy - Route: Hospital_HealthMap_Mapping suspended and shutdown deferred, was consuming from: rest://get:/HospitalHealthMap
2025-11-05 00:44:09 [Camel (camel-1) thread #1 - ShutdownTask] DEBUG o.a.c.i.e.DefaultShutdownStrategy - Route: TESTscheled suspended and shutdown deferred, was consuming from: rest://post:/api/TESTscheled
2025-11-05 00:44:09 [Camel (camel-1) thread #1 - ShutdownTask] DEBUG o.a.c.i.e.DefaultShutdownStrategy - Route: HealthCenter-mapping suspended and shutdown deferred, was consuming from: rest://get:/HealthCenter
2025-11-05 00:44:09 [Camel (camel-1) thread #1 - ShutdownTask] DEBUG o.a.c.i.e.DefaultShutdownStrategy - Route: integration-mapping-test suspended and shutdown deferred, was consuming from: rest://get:/healthmap2
2025-11-05 00:44:09 [Camel (camel-1) thread #1 - ShutdownTask] DEBUG o.a.c.h.common.DefaultHttpRegistry - Unregistering consumer for path /external/integrate
2025-11-05 00:44:09 [Camel (camel-1) thread #1 - ShutdownTask] DEBUG o.a.c.c.s.CamelHttpTransportServlet - Disconnecting consumer: Consumer[servlet:/external/integrate?httpMethodRestrict=POST]
2025-11-05 00:44:09 [Camel (camel-1) thread #1 - ShutdownTask] DEBUG o.a.camel.support.DefaultConsumer - Stopping consumer: Consumer[servlet:/external/integrate?httpMethodRestrict=POST]
2025-11-05 00:44:09 [Camel (camel-1) thread #1 - ShutdownTask] DEBUG o.a.camel.support.DefaultProducer - Stopping producer: Producer[hakeem://default]
2025-11-05 00:44:09 [Camel (camel-1) thread #1 - ShutdownTask] DEBUG o.a.c.i.e.DefaultShutdownStrategy - Route: dhis2-upload-csv-sync-raw-only shutdown complete, was consuming from: servlet:/external/integrate
2025-11-05 00:44:09 [Camel (camel-1) thread #1 - ShutdownTask] DEBUG o.a.c.h.common.DefaultHttpRegistry - Unregistering consumer for path /v1/datasets
2025-11-05 00:44:09 [Camel (camel-1) thread #1 - ShutdownTask] DEBUG o.a.c.c.s.CamelHttpTransportServlet - Disconnecting consumer: Consumer[servlet:/v1/datasets?httpMethodRestrict=POST]
2025-11-05 00:44:09 [Camel (camel-1) thread #1 - ShutdownTask] DEBUG o.a.camel.support.DefaultConsumer - Stopping consumer: Consumer[servlet:/v1/datasets?httpMethodRestrict=POST]
2025-11-05 00:44:09 [Camel (camel-1) thread #1 - ShutdownTask] DEBUG o.a.camel.support.DefaultProducer - Stopping producer: Producer[integratedSystem://null?code=DHIS2.2]
2025-11-05 00:44:09 [Camel (camel-1) thread #1 - ShutdownTask] DEBUG o.a.c.i.e.DefaultShutdownStrategy - Route: dhis2-upload-csv shutdown complete, was consuming from: servlet:/v1/datasets
2025-11-05 00:44:09 [Camel (camel-1) thread #1 - ShutdownTask] DEBUG o.a.c.h.common.DefaultHttpRegistry - Unregistering consumer for path /healthmap22
2025-11-05 00:44:09 [Camel (camel-1) thread #1 - ShutdownTask] DEBUG o.a.c.c.s.CamelHttpTransportServlet - Disconnecting consumer: Consumer[servlet:/healthmap22?httpMethodRestrict=GET]
2025-11-05 00:44:09 [Camel (camel-1) thread #1 - ShutdownTask] DEBUG o.a.camel.support.DefaultConsumer - Stopping consumer: Consumer[servlet:/healthmap22?httpMethodRestrict=GET]
2025-11-05 00:44:09 [Camel (camel-1) thread #1 - ShutdownTask] DEBUG o.a.camel.support.DefaultProducer - Stopping producer: Producer[integrationmapping://default]
2025-11-05 00:44:09 [Camel (camel-1) thread #1 - ShutdownTask] DEBUG o.a.c.i.e.DefaultShutdownStrategy - Route: integration-mapping-tes shutdown complete, was consuming from: rest://get:/healthmap22
2025-11-05 00:44:09 [Camel (camel-1) thread #1 - ShutdownTask] DEBUG o.a.c.h.common.DefaultHttpRegistry - Unregistering consumer for path /api/hello
2025-11-05 00:44:09 [Camel (camel-1) thread #1 - ShutdownTask] DEBUG o.a.c.c.s.CamelHttpTransportServlet - Disconnecting consumer: Consumer[servlet:/api/hello?httpMethodRestrict=POST]
2025-11-05 00:44:09 [Camel (camel-1) thread #1 - ShutdownTask] DEBUG o.a.camel.support.DefaultConsumer - Stopping consumer: Consumer[servlet:/api/hello?httpMethodRestrict=POST]
2025-11-05 00:44:09 [Camel (camel-1) thread #1 - ShutdownTask] DEBUG o.a.camel.support.DefaultProducer - Stopping producer: Producer[log://output]
2025-11-05 00:44:09 [Camel (camel-1) thread #1 - ShutdownTask] DEBUG o.a.c.i.e.DefaultShutdownStrategy - Route: my-new-route shutdown complete, was consuming from: rest://post:/api/hello
2025-11-05 00:44:09 [Camel (camel-1) thread #1 - ShutdownTask] DEBUG o.a.c.h.common.DefaultHttpRegistry - Unregistering consumer for path /attr
2025-11-05 00:44:09 [Camel (camel-1) thread #1 - ShutdownTask] DEBUG o.a.c.c.s.CamelHttpTransportServlet - Disconnecting consumer: Consumer[servlet:/attr?httpMethodRestrict=GET]
2025-11-05 00:44:09 [Camel (camel-1) thread #1 - ShutdownTask] DEBUG o.a.camel.support.DefaultConsumer - Stopping consumer: Consumer[servlet:/attr?httpMethodRestrict=GET]
2025-11-05 00:44:09 [Camel (camel-1) thread #1 - ShutdownTask] DEBUG o.a.camel.support.DefaultProducer - Stopping producer: Producer[integrationmapping://null?code=default]
2025-11-05 00:44:09 [Camel (camel-1) thread #1 - ShutdownTask] DEBUG o.a.c.i.e.DefaultShutdownStrategy - Route: attr-mapping shutdown complete, was consuming from: rest://get:/attr
2025-11-05 00:44:09 [Camel (camel-1) thread #1 - ShutdownTask] DEBUG o.a.c.h.common.DefaultHttpRegistry - Unregistering consumer for path /HospitalHealthMap
2025-11-05 00:44:09 [Camel (camel-1) thread #1 - ShutdownTask] DEBUG o.a.c.c.s.CamelHttpTransportServlet - Disconnecting consumer: Consumer[servlet:/HospitalHealthMap?httpMethodRestrict=GET]
2025-11-05 00:44:09 [Camel (camel-1) thread #1 - ShutdownTask] DEBUG o.a.camel.support.DefaultConsumer - Stopping consumer: Consumer[servlet:/HospitalHealthMap?httpMethodRestrict=GET]
2025-11-05 00:44:09 [Camel (camel-1) thread #1 - ShutdownTask] DEBUG o.a.camel.support.DefaultProducer - Stopping producer: Producer[integrationmapping://null?code=default]
2025-11-05 00:44:09 [Camel (camel-1) thread #1 - ShutdownTask] DEBUG o.a.c.i.e.DefaultShutdownStrategy - Route: Hospital_HealthMap_Mapping shutdown complete, was consuming from: rest://get:/HospitalHealthMap
2025-11-05 00:44:09 [Camel (camel-1) thread #1 - ShutdownTask] DEBUG o.a.c.h.common.DefaultHttpRegistry - Unregistering consumer for path /api/TESTscheled
2025-11-05 00:44:09 [Camel (camel-1) thread #1 - ShutdownTask] DEBUG o.a.c.c.s.CamelHttpTransportServlet - Disconnecting consumer: Consumer[servlet:/api/TESTscheled?httpMethodRestrict=POST]
2025-11-05 00:44:09 [Camel (camel-1) thread #1 - ShutdownTask] DEBUG o.a.camel.support.DefaultConsumer - Stopping consumer: Consumer[servlet:/api/TESTscheled?httpMethodRestrict=POST]
2025-11-05 00:44:09 [Camel (camel-1) thread #1 - ShutdownTask] DEBUG o.a.camel.support.DefaultProducer - Stopping producer: Producer[log://output]
2025-11-05 00:44:09 [Camel (camel-1) thread #1 - ShutdownTask] DEBUG o.a.c.i.e.DefaultShutdownStrategy - Route: TESTscheled shutdown complete, was consuming from: rest://post:/api/TESTscheled
2025-11-05 00:44:09 [Camel (camel-1) thread #1 - ShutdownTask] DEBUG o.a.c.h.common.DefaultHttpRegistry - Unregistering consumer for path /HealthCenter
2025-11-05 00:44:09 [Camel (camel-1) thread #1 - ShutdownTask] DEBUG o.a.c.c.s.CamelHttpTransportServlet - Disconnecting consumer: Consumer[servlet:/HealthCenter?httpMethodRestrict=GET]
2025-11-05 00:44:09 [Camel (camel-1) thread #1 - ShutdownTask] DEBUG o.a.camel.support.DefaultConsumer - Stopping consumer: Consumer[servlet:/HealthCenter?httpMethodRestrict=GET]
2025-11-05 00:44:09 [Camel (camel-1) thread #1 - ShutdownTask] DEBUG o.a.camel.support.DefaultProducer - Stopping producer: Producer[integrationmapping://null?code=default]
2025-11-05 00:44:09 [Camel (camel-1) thread #1 - ShutdownTask] DEBUG o.a.c.i.e.DefaultShutdownStrategy - Route: HealthCenter-mapping shutdown complete, was consuming from: rest://get:/HealthCenter
2025-11-05 00:44:09 [Camel (camel-1) thread #1 - ShutdownTask] DEBUG o.a.c.h.common.DefaultHttpRegistry - Unregistering consumer for path /healthmap2
2025-11-05 00:44:09 [Camel (camel-1) thread #1 - ShutdownTask] DEBUG o.a.c.c.s.CamelHttpTransportServlet - Disconnecting consumer: Consumer[servlet:/healthmap2?httpMethodRestrict=GET]
2025-11-05 00:44:09 [Camel (camel-1) thread #1 - ShutdownTask] DEBUG o.a.camel.support.DefaultConsumer - Stopping consumer: Consumer[servlet:/healthmap2?httpMethodRestrict=GET]
2025-11-05 00:44:09 [Camel (camel-1) thread #1 - ShutdownTask] DEBUG o.a.camel.support.DefaultProducer - Stopping producer: Producer[integrationmapping://null?code=default]
2025-11-05 00:44:09 [Camel (camel-1) thread #1 - ShutdownTask] DEBUG o.a.c.i.e.DefaultShutdownStrategy - Route: integration-mapping-test shutdown complete, was consuming from: rest://get:/healthmap2
2025-11-05 00:44:09 [SpringApplicationShutdownHook] DEBUG o.a.c.i.e.DefaultShutdownStrategy - Graceful shutdown of 9 routes completed in 12ms
2025-11-05 00:44:09 [SpringApplicationShutdownHook] DEBUG o.a.c.i.e.DefaultAsyncProcessorAwaitManager - Shutting down with no inflight threads.
2025-11-05 00:44:09 [SpringApplicationShutdownHook] DEBUG o.a.camel.support.DefaultConsumer - Shutting down consumer: Consumer[servlet:/external/integrate?httpMethodRestrict=POST]
2025-11-05 00:44:09 [SpringApplicationShutdownHook] DEBUG o.a.camel.support.DefaultConsumer - Shutting down consumer: Consumer[servlet:/v1/datasets?httpMethodRestrict=POST]
2025-11-05 00:44:09 [SpringApplicationShutdownHook] DEBUG o.a.camel.support.DefaultConsumer - Shutting down consumer: Consumer[servlet:/healthmap22?httpMethodRestrict=GET]
2025-11-05 00:44:09 [SpringApplicationShutdownHook] DEBUG o.a.camel.support.DefaultConsumer - Shutting down consumer: Consumer[servlet:/api/hello?httpMethodRestrict=POST]
2025-11-05 00:44:09 [SpringApplicationShutdownHook] DEBUG o.a.camel.support.DefaultConsumer - Shutting down consumer: Consumer[servlet:/attr?httpMethodRestrict=GET]
2025-11-05 00:44:09 [SpringApplicationShutdownHook] DEBUG o.a.camel.support.DefaultConsumer - Shutting down consumer: Consumer[servlet:/HospitalHealthMap?httpMethodRestrict=GET]
2025-11-05 00:44:09 [SpringApplicationShutdownHook] DEBUG o.a.camel.support.DefaultConsumer - Shutting down consumer: Consumer[servlet:/api/TESTscheled?httpMethodRestrict=POST]
2025-11-05 00:44:09 [SpringApplicationShutdownHook] DEBUG o.a.camel.support.DefaultConsumer - Shutting down consumer: Consumer[servlet:/HealthCenter?httpMethodRestrict=GET]
2025-11-05 00:44:09 [SpringApplicationShutdownHook] DEBUG o.a.camel.support.DefaultConsumer - Shutting down consumer: Consumer[servlet:/healthmap2?httpMethodRestrict=GET]
2025-11-05 00:44:09 [SpringApplicationShutdownHook] INFO  o.a.c.i.engine.AbstractCamelContext - Routes stopped (stopped:9)
2025-11-05 00:44:09 [SpringApplicationShutdownHook] INFO  o.a.c.i.engine.AbstractCamelContext -     Stopped dhis2-upload-csv-sync-raw-only (servlet:/external/integrate)
2025-11-05 00:44:09 [SpringApplicationShutdownHook] INFO  o.a.c.i.engine.AbstractCamelContext -     Stopped dhis2-upload-csv (servlet:/v1/datasets)
2025-11-05 00:44:09 [SpringApplicationShutdownHook] INFO  o.a.c.i.engine.AbstractCamelContext -     Stopped integration-mapping-tes (rest://get:/healthmap22)
2025-11-05 00:44:09 [SpringApplicationShutdownHook] INFO  o.a.c.i.engine.AbstractCamelContext -     Stopped my-new-route (rest://post:/api/hello)
2025-11-05 00:44:09 [SpringApplicationShutdownHook] INFO  o.a.c.i.engine.AbstractCamelContext -     Stopped attr-mapping (rest://get:/attr)
2025-11-05 00:44:09 [SpringApplicationShutdownHook] INFO  o.a.c.i.engine.AbstractCamelContext -     Stopped Hospital_HealthMap_Mapping (rest://get:/HospitalHealthMap)
2025-11-05 00:44:09 [SpringApplicationShutdownHook] INFO  o.a.c.i.engine.AbstractCamelContext -     Stopped TESTscheled (rest://post:/api/TESTscheled)
2025-11-05 00:44:09 [SpringApplicationShutdownHook] INFO  o.a.c.i.engine.AbstractCamelContext -     Stopped HealthCenter-mapping (rest://get:/HealthCenter)
2025-11-05 00:44:09 [SpringApplicationShutdownHook] INFO  o.a.c.i.engine.AbstractCamelContext -     Stopped integration-mapping-test (rest://get:/healthmap2)
2025-11-05 00:44:09 [SpringApplicationShutdownHook] DEBUG o.a.c.i.e.BaseExecutorServiceManager - Forcing shutdown of ExecutorService: org.apache.camel.util.concurrent.SizedScheduledExecutorService@79a81557[ErrorHandlerRedeliveryTask]
2025-11-05 00:44:09 [SpringApplicationShutdownHook] DEBUG o.a.c.i.e.DefaultInflightRepository - Shutting down with no inflight exchanges.
2025-11-05 00:44:09 [SpringApplicationShutdownHook] DEBUG o.a.c.i.e.BaseExecutorServiceManager - Forcing shutdown of ExecutorService: org.apache.camel.util.concurrent.RejectableThreadPoolExecutor@3ebe7c88[Running, pool size = 1, active threads = 0, queued tasks = 0, completed tasks = 1][ShutdownTask]
2025-11-05 00:44:09 [SpringApplicationShutdownHook] DEBUG o.a.c.i.e.DefaultBeanIntrospection - Stopping BeanIntrospection which was invoked: 14 times
2025-11-05 00:44:09 [SpringApplicationShutdownHook] INFO  o.a.c.i.engine.AbstractCamelContext - Apache Camel 4.4.0 (camel-1) shutdown in 23ms (uptime:2h22m)
2025-11-05 00:44:09 [SpringApplicationShutdownHook] DEBUG o.a.c.m.SimpleMainShutdownStrategy - Shutdown called
2025-11-05 00:44:09 [SpringApplicationShutdownHook] INFO  org.quartz.core.QuartzScheduler - Scheduler quartzScheduler_$_NON_CLUSTERED shutting down.
2025-11-05 00:44:09 [SpringApplicationShutdownHook] INFO  org.quartz.core.QuartzScheduler - Scheduler quartzScheduler_$_NON_CLUSTERED paused.
2025-11-05 00:44:09 [SpringApplicationShutdownHook] INFO  org.quartz.core.QuartzScheduler - Scheduler quartzScheduler_$_NON_CLUSTERED shutdown complete.
2025-11-05 00:44:09 [SpringApplicationShutdownHook] DEBUG o.a.c.h.common.DefaultHttpRegistry - Unregistering CamelServlet with name CamelServlet
2025-11-05 00:44:09 [SpringApplicationShutdownHook] INFO  o.a.c.c.s.CamelHttpTransportServlet - Destroyed CamelHttpTransportServlet[CamelServlet]
